<html>
<body>
<pre>
<h1>礦ision Build Log</h1>
<h2>Tool Versions:</h2>
IDE-Version: μVision V5.14.0.0
Copyright (C) 2015 ARM Ltd and ARM Germany GmbH. All rights reserved.
License Information: 0 0, 0, LIC=3UUUH-WZED0-JPUZQ-NLNDI-VMY3C-LS9JD
 
Tool Versions:
Toolchain:       MDK-ARM Professional  Version: 5.14.0.0
Toolchain Path:  E:\soft\MDK5\ARM\ARMCC\Bin
C Compiler:      Armcc.exe V5.05 update 1 (build 106)
Assembler:       Armasm.exe V5.05 update 1 (build 106)
Linker/Locator:  ArmLink.exe V5.05 update 1 (build 106)
Library Manager: ArmAr.exe V5.05 update 1 (build 106)
Hex Converter:   FromElf.exe V5.05 update 1 (build 106)
CPU DLL:         SARMCM3.DLL V5.14.0.0
Dialog DLL:      DCM.DLL V1.13.1.0
Target DLL:      STLink\ST-LINKIII-KEIL_SWO.dll V2.0.14.0_KEIL
Dialog DLL:      TCM.DLL V1.14.4.0
 
<h2>Project:</h2>
C:\Users\Administrator\Desktop\无线测距仪（多标签完成品）\Keil工程（基站+上位机）（ZET6）\MDK-ARM\Project.uvprojx
Project File Date:  11/17/2018

<h2>Output:</h2>
Build target 'STM3210B-EVAL'
compiling main.c...
main.c(8): warning:  #1295-D: Deprecated declaration Setdelay - give arg types
  void Setdelay();
main.c(88): warning:  #1-D: last line of file ends without a newline
  }
main.c: 2 warnings, 0 errors
compiling DS_Ranging.c...
compiling usart.c...
linking...
Program Size: Code=12412 RO-data=512 RW-data=408 ZI-data=1336  
FromELF: creating hex file...
"..\obj\STM3210B-EVAL.axf" - 0 Error(s), 2 Warning(s).

<h2>Collection of Component include folders:</h2>
  C:\Users\Administrator\Desktop\无线测距仪（多标签完成品）\Keil工程（基站+上位机）（ZET6）\MDK-ARM\RTE
  E:\soft\MDK5\Keil\STM32F1xx_DFP\1.0.5\Device\Include

<h2>Collection of Component Files used:</h2>
</pre>
</body>
</html>
