Component: ARM Compiler 5.05 update 1 (build 106) Tool: armlink [4d0efa]

==============================================================================

Section Cross References

    main.o(i.get_rx_timestamp_u64) refers to deca_device.o(i.dwt_readrxtimestamp) for dwt_readrxtimestamp
    main.o(i.get_tx_timestamp_u64) refers to deca_device.o(i.dwt_readtxtimestamp) for dwt_readtxtimestamp
    main.o(i.main) refers to port.o(i.peripherals_init) for peripherals_init
    main.o(i.main) refers to port.o(i.reset_DW1000) for reset_DW1000
    main.o(i.main) refers to port.o(i.spi_set_rate_low) for spi_set_rate_low
    main.o(i.main) refers to deca_device.o(i.dwt_initialise) for dwt_initialise
    main.o(i.main) refers to port.o(i.spi_set_rate_high) for spi_set_rate_high
    main.o(i.main) refers to deca_device.o(i.dwt_configure) for dwt_configure
    main.o(i.main) refers to deca_device.o(i.dwt_setrxantennadelay) for dwt_setrxantennadelay
    main.o(i.main) refers to deca_device.o(i.dwt_settxantennadelay) for dwt_settxantennadelay
    main.o(i.main) refers to deca_device.o(i.dwt_setrxaftertxdelay) for dwt_setrxaftertxdelay
    main.o(i.main) refers to deca_device.o(i.dwt_setrxtimeout) for dwt_setrxtimeout
    main.o(i.main) refers to deca_device.o(i.dwt_writetxdata) for dwt_writetxdata
    main.o(i.main) refers to deca_device.o(i.dwt_writetxfctrl) for dwt_writetxfctrl
    main.o(i.main) refers to deca_device.o(i.dwt_starttx) for dwt_starttx
    main.o(i.main) refers to deca_device.o(i.dwt_read32bitoffsetreg) for dwt_read32bitoffsetreg
    main.o(i.main) refers to deca_device.o(i.dwt_write32bitoffsetreg) for dwt_write32bitoffsetreg
    main.o(i.main) refers to deca_device.o(i.dwt_readrxdata) for dwt_readrxdata
    main.o(i.main) refers to memcmp.o(.text) for memcmp
    main.o(i.main) refers to main.o(i.get_tx_timestamp_u64) for get_tx_timestamp_u64
    main.o(i.main) refers to main.o(i.get_rx_timestamp_u64) for get_rx_timestamp_u64
    main.o(i.main) refers to deca_device.o(i.dwt_setdelayedtrxtime) for dwt_setdelayedtrxtime
    main.o(i.main) refers to main.o(i.final_msg_set_ts) for final_msg_set_ts
    main.o(i.main) refers to deca_sleep.o(i.deca_sleep) for deca_sleep
    main.o(i.main) refers to main.o(.data) for config
    main.o(i.main) refers to main.o(.bss) for rx_buffer
    stm32f10x_it.o(i.SysTick_Handler) refers to stm32f10x_it.o(.data) for time32_incr
    port.o(i.GPIO_Configuration) refers to stm32f10x_rcc.o(i.RCC_APB2PeriphClockCmd) for RCC_APB2PeriphClockCmd
    port.o(i.GPIO_Configuration) refers to stm32f10x_gpio.o(i.GPIO_Init) for GPIO_Init
    port.o(i.GPIO_Configuration) refers to stm32f10x_gpio.o(i.GPIO_PinRemapConfig) for GPIO_PinRemapConfig
    port.o(i.LCD_Configuration) refers to lcd.o(i.writetoLCD) for writetoLCD
    port.o(i.LCD_Configuration) refers to deca_sleep.o(i.deca_sleep) for deca_sleep
    port.o(i.NVIC_Configuration) refers to stm32f10x_gpio.o(i.GPIO_Init) for GPIO_Init
    port.o(i.NVIC_Configuration) refers to stm32f10x_gpio.o(i.GPIO_EXTILineConfig) for GPIO_EXTILineConfig
    port.o(i.NVIC_Configuration) refers to stm32f10x_exti.o(i.EXTI_Init) for EXTI_Init
    port.o(i.NVIC_Configuration) refers to misc.o(i.NVIC_PriorityGroupConfig) for NVIC_PriorityGroupConfig
    port.o(i.NVIC_Configuration) refers to misc.o(i.NVIC_Init) for NVIC_Init
    port.o(i.NVIC_DisableDECAIRQ) refers to stm32f10x_exti.o(i.EXTI_Init) for EXTI_Init
    port.o(i.RCC_Configuration) refers to stm32f10x_rcc.o(i.RCC_DeInit) for RCC_DeInit
    port.o(i.RCC_Configuration) refers to stm32f10x_rcc.o(i.RCC_HSEConfig) for RCC_HSEConfig
    port.o(i.RCC_Configuration) refers to stm32f10x_rcc.o(i.RCC_WaitForHSEStartUp) for RCC_WaitForHSEStartUp
    port.o(i.RCC_Configuration) refers to system_stm32f10x.o(i.SystemInit) for SystemInit
    port.o(i.RCC_Configuration) refers to stm32f10x_flash.o(i.FLASH_PrefetchBufferCmd) for FLASH_PrefetchBufferCmd
    port.o(i.RCC_Configuration) refers to stm32f10x_flash.o(i.FLASH_SetLatency) for FLASH_SetLatency
    port.o(i.RCC_Configuration) refers to stm32f10x_rcc.o(i.RCC_HCLKConfig) for RCC_HCLKConfig
    port.o(i.RCC_Configuration) refers to stm32f10x_rcc.o(i.RCC_PCLK2Config) for RCC_PCLK2Config
    port.o(i.RCC_Configuration) refers to stm32f10x_rcc.o(i.RCC_PCLK1Config) for RCC_PCLK1Config
    port.o(i.RCC_Configuration) refers to stm32f10x_rcc.o(i.RCC_ADCCLKConfig) for RCC_ADCCLKConfig
    port.o(i.RCC_Configuration) refers to stm32f10x_rcc.o(i.RCC_GetClocksFreq) for RCC_GetClocksFreq
    port.o(i.RCC_Configuration) refers to stm32f10x_rcc.o(i.RCC_APB2PeriphClockCmd) for RCC_APB2PeriphClockCmd
    port.o(i.RCC_Configuration) refers to stm32f10x_rcc.o(i.RCC_APB1PeriphClockCmd) for RCC_APB1PeriphClockCmd
    port.o(i.RTC_Configuration) refers to stm32f10x_rcc.o(i.RCC_APB1PeriphClockCmd) for RCC_APB1PeriphClockCmd
    port.o(i.RTC_Configuration) refers to stm32f10x_pwr.o(i.PWR_BackupAccessCmd) for PWR_BackupAccessCmd
[...]
    deca_device.o(i.dwt_setinterrupt) refers to deca_mutex.o(i.decamutexon) for decamutexon
    deca_device.o(i.dwt_setinterrupt) refers to deca_device.o(i.dwt_read32bitoffsetreg) for dwt_read32bitoffsetreg
    deca_device.o(i.dwt_setinterrupt) refers to deca_device.o(i.dwt_write32bitoffsetreg) for dwt_write32bitoffsetreg
    deca_device.o(i.dwt_setinterrupt) refers to deca_mutex.o(i.decamutexoff) for decamutexoff
    deca_device.o(i.dwt_setleds) refers to deca_device.o(i.dwt_readfromdevice) for dwt_readfromdevice
    deca_device.o(i.dwt_setleds) refers to deca_device.o(i.dwt_writetodevice) for dwt_writetodevice
    deca_device.o(i.dwt_setpanid) refers to deca_device.o(i.dwt_write16bitoffsetreg) for dwt_write16bitoffsetreg
    deca_device.o(i.dwt_setpreambledetecttimeout) refers to deca_device.o(i.dwt_write16bitoffsetreg) for dwt_write16bitoffsetreg
    deca_device.o(i.dwt_setrxaftertxdelay) refers to deca_device.o(i.dwt_read32bitoffsetreg) for dwt_read32bitoffsetreg
    deca_device.o(i.dwt_setrxaftertxdelay) refers to deca_device.o(i.dwt_write32bitoffsetreg) for dwt_write32bitoffsetreg
    deca_device.o(i.dwt_setrxantennadelay) refers to deca_device.o(i.dwt_write16bitoffsetreg) for dwt_write16bitoffsetreg
    deca_device.o(i.dwt_setrxmode) refers to deca_device.o(i.dwt_write16bitoffsetreg) for dwt_write16bitoffsetreg
    deca_device.o(i.dwt_setrxtimeout) refers to deca_device.o(i.dwt_readfromdevice) for dwt_readfromdevice
    deca_device.o(i.dwt_setrxtimeout) refers to deca_device.o(i.dwt_write16bitoffsetreg) for dwt_write16bitoffsetreg
    deca_device.o(i.dwt_setrxtimeout) refers to deca_device.o(i.dwt_writetodevice) for dwt_writetodevice
    deca_device.o(i.dwt_setrxtimeout) refers to deca_device.o(.bss) for dw1000local
    deca_device.o(i.dwt_setsmarttxpower) refers to deca_device.o(i.dwt_read32bitoffsetreg) for dwt_read32bitoffsetreg
    deca_device.o(i.dwt_setsmarttxpower) refers to deca_device.o(i.dwt_write32bitoffsetreg) for dwt_write32bitoffsetreg
    deca_device.o(i.dwt_setsmarttxpower) refers to deca_device.o(.bss) for dw1000local
    deca_device.o(i.dwt_settxantennadelay) refers to deca_device.o(i.dwt_write16bitoffsetreg) for dwt_write16bitoffsetreg
    deca_device.o(i.dwt_softreset) refers to deca_device.o(i._dwt_disablesequencing) for _dwt_disablesequencing
    deca_device.o(i.dwt_softreset) refers to deca_device.o(i.dwt_write16bitoffsetreg) for dwt_write16bitoffsetreg
    deca_device.o(i.dwt_softreset) refers to deca_device.o(i.dwt_writetodevice) for dwt_writetodevice
    deca_device.o(i.dwt_softreset) refers to deca_device.o(i._dwt_aonarrayupload) for _dwt_aonarrayupload
    deca_device.o(i.dwt_softreset) refers to deca_device.o(i.dwt_readfromdevice) for dwt_readfromdevice
    deca_device.o(i.dwt_softreset) refers to deca_sleep.o(i.deca_sleep) for deca_sleep
    deca_device.o(i.dwt_softreset) refers to deca_device.o(.bss) for dw1000local
    deca_device.o(i.dwt_spicswakeup) refers to deca_device.o(i.dwt_readdevid) for dwt_readdevid
    deca_device.o(i.dwt_spicswakeup) refers to deca_device.o(i.dwt_readfromdevice) for dwt_readfromdevice
    deca_device.o(i.dwt_spicswakeup) refers to deca_sleep.o(i.deca_sleep) for deca_sleep
    deca_device.o(i.dwt_starttx) refers to deca_device.o(i.dwt_writetodevice) for dwt_writetodevice
    deca_device.o(i.dwt_starttx) refers to deca_device.o(i.dwt_read16bitoffsetreg) for dwt_read16bitoffsetreg
    deca_device.o(i.dwt_starttx) refers to deca_device.o(i.dwt_entersleepaftertx) for dwt_entersleepaftertx
    deca_device.o(i.dwt_starttx) refers to deca_device.o(.bss) for dw1000local
    deca_device.o(i.dwt_syncrxbufptrs) refers to deca_device.o(i.dwt_readfromdevice) for dwt_readfromdevice
    deca_device.o(i.dwt_syncrxbufptrs) refers to deca_device.o(i.dwt_writetodevice) for dwt_writetodevice
    deca_device.o(i.dwt_write16bitoffsetreg) refers to deca_device.o(i.dwt_writetodevice) for dwt_writetodevice
    deca_device.o(i.dwt_write32bitoffsetreg) refers to deca_device.o(i.dwt_writetodevice) for dwt_writetodevice
    deca_device.o(i.dwt_writetodevice) refers to deca_spi.o(i.writetospi_serial) for writetospi_serial
    deca_device.o(i.dwt_writetxdata) refers to deca_device.o(i.dwt_writetodevice) for dwt_writetodevice
    deca_device.o(i.dwt_writetxfctrl) refers to deca_device.o(i.dwt_write32bitoffsetreg) for dwt_write32bitoffsetreg
    deca_device.o(i.dwt_writetxfctrl) refers to deca_device.o(.bss) for dw1000local
    deca_device.o(i.dwt_xtaltrim) refers to deca_device.o(i.dwt_readfromdevice) for dwt_readfromdevice
    deca_device.o(i.dwt_xtaltrim) refers to deca_device.o(i.dwt_writetodevice) for dwt_writetodevice
    deca_range_tables.o(i.dwt_getrangebias) refers to f2d.o(.text) for __aeabi_f2d
    deca_range_tables.o(i.dwt_getrangebias) refers to dmul.o(.text) for __aeabi_dmul
    deca_range_tables.o(i.dwt_getrangebias) refers to dfixi.o(.text) for __aeabi_d2iz
    deca_range_tables.o(i.dwt_getrangebias) refers to fflti.o(.text) for __aeabi_i2f
    deca_range_tables.o(i.dwt_getrangebias) refers to deca_range_tables.o(.constdata) for chan_idxwb
    deca_mutex.o(i.decamutexon) refers to port.o(i.EXTI_GetITEnStatus) for EXTI_GetITEnStatus
    deca_sleep.o(i.deca_sleep) refers to port.o(i.portGetTickCnt) for portGetTickCnt
    deca_spi.o(i.closespi) refers to stm32f10x_spi.o(i.SPI_I2S_GetFlagStatus) for SPI_I2S_GetFlagStatus
    deca_spi.o(i.closespi) refers to stm32f10x_spi.o(i.SPI_Cmd) for SPI_Cmd
    deca_spi.o(i.readfromspi_serial) refers to deca_mutex.o(i.decamutexon) for decamutexon
    deca_spi.o(i.readfromspi_serial) refers to deca_mutex.o(i.decamutexoff) for decamutexoff
    deca_spi.o(i.writetospi_serial) refers to deca_mutex.o(i.decamutexon) for decamutexon
    deca_spi.o(i.writetospi_serial) refers to deca_mutex.o(i.decamutexoff) for decamutexoff
    delay.o(i.delay_init) refers to misc.o(i.SysTick_CLKSourceConfig) for SysTick_CLKSourceConfig
    delay.o(i.delay_init) refers to system_stm32f10x.o(.data) for SystemCoreClock
    delay.o(i.delay_init) refers to delay.o(.data) for fac_us
    delay.o(i.delay_ms) refers to delay.o(.data) for fac_ms
    delay.o(i.delay_us) refers to delay.o(.data) for fac_us
    entry.o(.ARM.Collect$$$$00000000) refers (Special) to entry10a.o(.ARM.Collect$$$$0000000D) for __rt_final_cpp
    entry.o(.ARM.Collect$$$$00000000) refers (Special) to entry11a.o(.ARM.Collect$$$$0000000F) for __rt_final_exit
    entry.o(.ARM.Collect$$$$00000000) refers (Special) to entry7b.o(.ARM.Collect$$$$00000008) for _main_clock
    entry.o(.ARM.Collect$$$$00000000) refers (Special) to entry8b.o(.ARM.Collect$$$$0000000A) for _main_cpp_init
    entry.o(.ARM.Collect$$$$00000000) refers (Special) to entry9a.o(.ARM.Collect$$$$0000000B) for _main_init
    entry.o(.ARM.Collect$$$$00000000) refers (Special) to entry5.o(.ARM.Collect$$$$00000004) for _main_scatterload
    entry.o(.ARM.Collect$$$$00000000) refers (Special) to entry2.o(.ARM.Collect$$$$00000001) for _main_stk
    dmul.o(.text) refers (Special) to iusefp.o(.text) for __I$use$fp
    dmul.o(.text) refers to depilogue.o(.text) for _double_epilogue
    fflti.o(.text) refers (Special) to iusefp.o(.text) for __I$use$fp
    fflti.o(.text) refers to fepilogue.o(.text) for _float_epilogue
    dfixi.o(.text) refers (Special) to iusefp.o(.text) for __I$use$fp
    dfixi.o(.text) refers to llushr.o(.text) for __aeabi_llsr
    f2d.o(.text) refers (Special) to iusefp.o(.text) for __I$use$fp
    entry2.o(.ARM.Collect$$$$00000001) refers to entry2.o(.ARM.Collect$$$$00002712) for __lit__00000000
    entry2.o(.ARM.Collect$$$$00002712) refers to startup_stm32f10x_md.o(STACK) for __initial_sp
    entry2.o(__vectab_stack_and_reset_area) refers to startup_stm32f10x_md.o(STACK) for __initial_sp
    entry2.o(__vectab_stack_and_reset_area) refers to entry.o(.ARM.Collect$$$$00000000) for __main
    entry5.o(.ARM.Collect$$$$00000004) refers to init.o(.text) for __scatterload
    entry9a.o(.ARM.Collect$$$$0000000B) refers to main.o(i.main) for main
    entry9b.o(.ARM.Collect$$$$0000000C) refers to main.o(i.main) for main
    depilogue.o(.text) refers to llshl.o(.text) for __aeabi_llsl
    depilogue.o(.text) refers to llushr.o(.text) for __aeabi_llsr
    init.o(.text) refers to entry5.o(.ARM.Collect$$$$00000004) for __main_after_scatterload


==============================================================================

Removing Unused input sections from the image.

    Removing port.o(i.ETH_GPIOConfigure), (4 bytes).
    Removing port.o(i.LCD_Configuration), (72 bytes).
    Removing port.o(i.NVIC_Configuration), (108 bytes).
    Removing port.o(i.NVIC_DisableDECAIRQ), (34 bytes).
    Removing port.o(i.No_Configuration), (6 bytes).
    Removing port.o(i.RTC_Configuration), (88 bytes).
    Removing port.o(i.SPI2_Configuration), (248 bytes).
    Removing port.o(i.SPI_ConfigFastRate), (88 bytes).
    Removing port.o(i.is_IRQ_enabled), (16 bytes).
    Removing port.o(i.is_button_low), (28 bytes).
    Removing port.o(i.is_switch_on), (28 bytes).
    Removing port.o(i.led_off), (84 bytes).
    Removing port.o(i.led_on), (84 bytes).
    Removing port.o(i.setup_DW1000RSTnIRQ), (172 bytes).
    Removing port.o(.data), (1 bytes).
    Removing misc.o(i.NVIC_Init), (112 bytes).
    Removing misc.o(i.NVIC_PriorityGroupConfig), (20 bytes).
    Removing misc.o(i.NVIC_SetVectorTable), (20 bytes).
    Removing misc.o(i.NVIC_SystemLPConfig), (32 bytes).
    Removing misc.o(i.SysTick_CLKSourceConfig), (40 bytes).
    Removing stm32f10x_adc.o(i.ADC_AnalogWatchdogCmd), (20 bytes).
    Removing stm32f10x_adc.o(i.ADC_AnalogWatchdogSingleChannelConfig), (16 bytes).
    Removing stm32f10x_adc.o(i.ADC_AnalogWatchdogThresholdsConfig), (6 bytes).
    Removing stm32f10x_adc.o(i.ADC_AutoInjectedConvCmd), (22 bytes).
    Removing stm32f10x_adc.o(i.ADC_ClearFlag), (6 bytes).
    Removing stm32f10x_adc.o(i.ADC_ClearITPendingBit), (10 bytes).
    Removing stm32f10x_adc.o(i.ADC_Cmd), (22 bytes).
    Removing stm32f10x_adc.o(i.ADC_DMACmd), (22 bytes).
    Removing stm32f10x_adc.o(i.ADC_DeInit), (92 bytes).
    Removing stm32f10x_adc.o(i.ADC_DiscModeChannelCountConfig), (24 bytes).
    Removing stm32f10x_adc.o(i.ADC_DiscModeCmd), (22 bytes).
    Removing stm32f10x_adc.o(i.ADC_ExternalTrigConvCmd), (22 bytes).
    Removing stm32f10x_adc.o(i.ADC_ExternalTrigInjectedConvCmd), (22 bytes).
    Removing stm32f10x_adc.o(i.ADC_ExternalTrigInjectedConvConfig), (16 bytes).
    Removing stm32f10x_adc.o(i.ADC_GetCalibrationStatus), (20 bytes).
    Removing stm32f10x_adc.o(i.ADC_GetConversionValue), (8 bytes).
    Removing stm32f10x_adc.o(i.ADC_GetDualModeConversionValue), (12 bytes).
    Removing stm32f10x_adc.o(i.ADC_GetFlagStatus), (18 bytes).
    Removing stm32f10x_adc.o(i.ADC_GetITStatus), (36 bytes).
    Removing stm32f10x_adc.o(i.ADC_GetInjectedConversionValue), (28 bytes).
    Removing stm32f10x_adc.o(i.ADC_GetResetCalibrationStatus), (20 bytes).
    Removing stm32f10x_adc.o(i.ADC_GetSoftwareStartConvStatus), (20 bytes).
    Removing stm32f10x_adc.o(i.ADC_GetSoftwareStartInjectedConvCmdStatus), (20 bytes).
    Removing stm32f10x_adc.o(i.ADC_ITConfig), (24 bytes).
    Removing stm32f10x_adc.o(i.ADC_Init), (80 bytes).
    Removing stm32f10x_adc.o(i.ADC_InjectedChannelConfig), (130 bytes).
    Removing stm32f10x_adc.o(i.ADC_InjectedDiscModeCmd), (22 bytes).
    Removing stm32f10x_adc.o(i.ADC_InjectedSequencerLengthConfig), (24 bytes).
    Removing stm32f10x_adc.o(i.ADC_RegularChannelConfig), (184 bytes).
    Removing stm32f10x_adc.o(i.ADC_ResetCalibration), (10 bytes).
    Removing stm32f10x_adc.o(i.ADC_SetInjectedOffset), (20 bytes).
    Removing stm32f10x_adc.o(i.ADC_SoftwareStartConvCmd), (22 bytes).
    Removing stm32f10x_adc.o(i.ADC_SoftwareStartInjectedConvCmd), (22 bytes).
    Removing stm32f10x_adc.o(i.ADC_StartCalibration), (10 bytes).
    Removing stm32f10x_adc.o(i.ADC_StructInit), (18 bytes).
    Removing stm32f10x_adc.o(i.ADC_TempSensorVrefintCmd), (36 bytes).
    Removing stm32f10x_bkp.o(i.BKP_ClearFlag), (20 bytes).
    Removing stm32f10x_bkp.o(i.BKP_ClearITPendingBit), (20 bytes).
    Removing stm32f10x_bkp.o(i.BKP_DeInit), (16 bytes).
    Removing stm32f10x_bkp.o(i.BKP_GetFlagStatus), (12 bytes).
    Removing stm32f10x_bkp.o(i.BKP_GetITStatus), (12 bytes).
    Removing stm32f10x_bkp.o(i.BKP_ITConfig), (12 bytes).
    Removing stm32f10x_bkp.o(i.BKP_RTCOutputConfig), (28 bytes).
    Removing stm32f10x_bkp.o(i.BKP_ReadBackupRegister), (28 bytes).
    Removing stm32f10x_bkp.o(i.BKP_SetRTCCalibrationValue), (28 bytes).
    Removing stm32f10x_bkp.o(i.BKP_TamperPinCmd), (12 bytes).
    Removing stm32f10x_bkp.o(i.BKP_TamperPinLevelConfig), (12 bytes).
    Removing stm32f10x_bkp.o(i.BKP_WriteBackupRegister), (28 bytes).
    Removing stm32f10x_can.o(i.CAN_CancelTransmit), (48 bytes).
    Removing stm32f10x_can.o(i.CAN_ClearFlag), (56 bytes).
    Removing stm32f10x_can.o(i.CAN_ClearITPendingBit), (168 bytes).
    Removing stm32f10x_can.o(i.CAN_DBGFreeze), (22 bytes).
    Removing stm32f10x_can.o(i.CAN_DeInit), (56 bytes).
    Removing stm32f10x_can.o(i.CAN_FIFORelease), (22 bytes).
    Removing stm32f10x_can.o(i.CAN_FilterInit), (264 bytes).
    Removing stm32f10x_can.o(i.CAN_GetFlagStatus), (120 bytes).
    Removing stm32f10x_can.o(i.CAN_GetITStatus), (288 bytes).
    Removing stm32f10x_can.o(i.CAN_GetLSBTransmitErrorCounter), (12 bytes).
    Removing stm32f10x_can.o(i.CAN_GetLastErrorCode), (12 bytes).
    Removing stm32f10x_can.o(i.CAN_GetReceiveErrorCounter), (10 bytes).
    Removing stm32f10x_can.o(i.CAN_ITConfig), (18 bytes).
    Removing stm32f10x_can.o(i.CAN_Init), (276 bytes).
    Removing stm32f10x_can.o(i.CAN_MessagePending), (30 bytes).
    Removing stm32f10x_can.o(i.CAN_OperatingModeRequest), (162 bytes).
    Removing stm32f10x_can.o(i.CAN_Receive), (240 bytes).
    Removing stm32f10x_can.o(i.CAN_SlaveStartBank), (52 bytes).
    Removing stm32f10x_can.o(i.CAN_Sleep), (30 bytes).
    Removing stm32f10x_can.o(i.CAN_StructInit), (32 bytes).
    Removing stm32f10x_can.o(i.CAN_TTComModeCmd), (118 bytes).
    Removing stm32f10x_can.o(i.CAN_Transmit), (294 bytes).
    Removing stm32f10x_can.o(i.CAN_TransmitStatus), (160 bytes).
    Removing stm32f10x_can.o(i.CAN_WakeUp), (48 bytes).
    Removing stm32f10x_can.o(i.CheckITStatus), (18 bytes).
    Removing stm32f10x_cec.o(i.CEC_ClearFlag), (36 bytes).
    Removing stm32f10x_cec.o(i.CEC_ClearITPendingBit), (36 bytes).
    Removing stm32f10x_cec.o(i.CEC_Cmd), (32 bytes).
    Removing stm32f10x_cec.o(i.CEC_DeInit), (22 bytes).
    Removing stm32f10x_cec.o(i.CEC_EndOfMessageCmd), (12 bytes).
    Removing stm32f10x_cec.o(i.CEC_GetFlagStatus), (48 bytes).
    Removing stm32f10x_cec.o(i.CEC_GetITStatus), (40 bytes).
    Removing stm32f10x_cec.o(i.CEC_ITConfig), (12 bytes).
    Removing stm32f10x_cec.o(i.CEC_Init), (32 bytes).
    Removing stm32f10x_cec.o(i.CEC_OwnAddressConfig), (12 bytes).
    Removing stm32f10x_cec.o(i.CEC_ReceiveDataByte), (12 bytes).
    Removing stm32f10x_cec.o(i.CEC_SendDataByte), (12 bytes).
    Removing stm32f10x_cec.o(i.CEC_SetPrescaler), (12 bytes).
    Removing stm32f10x_cec.o(i.CEC_StartOfMessage), (12 bytes).
    Removing stm32f10x_crc.o(i.CRC_CalcBlockCRC), (36 bytes).
    Removing stm32f10x_crc.o(i.CRC_CalcCRC), (16 bytes).
    Removing stm32f10x_crc.o(i.CRC_GetCRC), (12 bytes).
    Removing stm32f10x_crc.o(i.CRC_GetIDRegister), (12 bytes).
    Removing stm32f10x_crc.o(i.CRC_ResetDR), (12 bytes).
    Removing stm32f10x_crc.o(i.CRC_SetIDRegister), (12 bytes).
    Removing stm32f10x_dac.o(i.DAC_Cmd), (40 bytes).
    Removing stm32f10x_dac.o(i.DAC_DMACmd), (44 bytes).
    Removing stm32f10x_dac.o(i.DAC_DeInit), (22 bytes).
    Removing stm32f10x_dac.o(i.DAC_DualSoftwareTriggerCmd), (36 bytes).
    Removing stm32f10x_dac.o(i.DAC_GetDataOutputValue), (36 bytes).
    Removing stm32f10x_dac.o(i.DAC_Init), (52 bytes).
    Removing stm32f10x_dac.o(i.DAC_SetChannel1Data), (32 bytes).
    Removing stm32f10x_dac.o(i.DAC_SetChannel2Data), (32 bytes).
    Removing stm32f10x_dac.o(i.DAC_SetDualChannelData), (36 bytes).
    Removing stm32f10x_dac.o(i.DAC_SoftwareTriggerCmd), (44 bytes).
    Removing stm32f10x_dac.o(i.DAC_StructInit), (12 bytes).
    Removing stm32f10x_dac.o(i.DAC_WaveGenerationCmd), (40 bytes).
    Removing stm32f10x_dbgmcu.o(i.DBGMCU_Config), (32 bytes).
    Removing stm32f10x_dbgmcu.o(i.DBGMCU_GetDEVID), (16 bytes).
    Removing stm32f10x_dbgmcu.o(i.DBGMCU_GetREVID), (12 bytes).
    Removing stm32f10x_dma.o(i.DMA_ClearFlag), (28 bytes).
    Removing stm32f10x_dma.o(i.DMA_ClearITPendingBit), (28 bytes).
    Removing stm32f10x_dma.o(i.DMA_Cmd), (24 bytes).
    Removing stm32f10x_dma.o(i.DMA_DeInit), (332 bytes).
    Removing stm32f10x_dma.o(i.DMA_GetCurrDataCounter), (8 bytes).
    Removing stm32f10x_dma.o(i.DMA_GetFlagStatus), (44 bytes).
    Removing stm32f10x_dma.o(i.DMA_GetITStatus), (44 bytes).
    Removing stm32f10x_dma.o(i.DMA_ITConfig), (18 bytes).
    Removing stm32f10x_dma.o(i.DMA_Init), (60 bytes).
    Removing stm32f10x_dma.o(i.DMA_SetCurrDataCounter), (4 bytes).
    Removing stm32f10x_dma.o(i.DMA_StructInit), (26 bytes).
    Removing stm32f10x_exti.o(i.EXTI_ClearFlag), (12 bytes).
    Removing stm32f10x_exti.o(i.EXTI_ClearITPendingBit), (12 bytes).
    Removing stm32f10x_exti.o(i.EXTI_DeInit), (36 bytes).
    Removing stm32f10x_exti.o(i.EXTI_GenerateSWInterrupt), (16 bytes).
    Removing stm32f10x_exti.o(i.EXTI_GetFlagStatus), (24 bytes).
    Removing stm32f10x_exti.o(i.EXTI_GetITStatus), (40 bytes).
    Removing stm32f10x_exti.o(i.EXTI_Init), (148 bytes).
    Removing stm32f10x_exti.o(i.EXTI_StructInit), (16 bytes).
    Removing stm32f10x_flash.o(i.FLASH_ClearFlag), (12 bytes).
    Removing stm32f10x_flash.o(i.FLASH_EnableWriteProtection), (196 bytes).
    Removing stm32f10x_flash.o(i.FLASH_EraseAllBank1Pages), (72 bytes).
    Removing stm32f10x_flash.o(i.FLASH_EraseAllPages), (72 bytes).
    Removing stm32f10x_flash.o(i.FLASH_EraseOptionBytes), (168 bytes).
    Removing stm32f10x_flash.o(i.FLASH_ErasePage), (76 bytes).
    Removing stm32f10x_flash.o(i.FLASH_GetBank1Status), (52 bytes).
    Removing stm32f10x_flash.o(i.FLASH_GetFlagStatus), (48 bytes).
    Removing stm32f10x_flash.o(i.FLASH_GetPrefetchBufferStatus), (24 bytes).
    Removing stm32f10x_flash.o(i.FLASH_GetReadOutProtectionStatus), (24 bytes).
    Removing stm32f10x_flash.o(i.FLASH_GetStatus), (52 bytes).
    Removing stm32f10x_flash.o(i.FLASH_GetUserOptionByte), (12 bytes).
    Removing stm32f10x_flash.o(i.FLASH_GetWriteProtectionOptionByte), (12 bytes).
    Removing stm32f10x_flash.o(i.FLASH_HalfCycleAccessCmd), (28 bytes).
    Removing stm32f10x_flash.o(i.FLASH_ITConfig), (32 bytes).
    Removing stm32f10x_flash.o(i.FLASH_Lock), (20 bytes).
    Removing stm32f10x_flash.o(i.FLASH_LockBank1), (20 bytes).
    Removing stm32f10x_flash.o(i.FLASH_ProgramHalfWord), (64 bytes).
    Removing stm32f10x_flash.o(i.FLASH_ProgramOptionByteData), (84 bytes).
    Removing stm32f10x_flash.o(i.FLASH_ProgramWord), (108 bytes).
    Removing stm32f10x_flash.o(i.FLASH_ReadOutProtection), (172 bytes).
    Removing stm32f10x_flash.o(i.FLASH_Unlock), (24 bytes).
    Removing stm32f10x_flash.o(i.FLASH_UnlockBank1), (24 bytes).
    Removing stm32f10x_flash.o(i.FLASH_UserOptionByteConfig), (104 bytes).
    Removing stm32f10x_flash.o(i.FLASH_WaitForLastBank1Operation), (38 bytes).
    Removing stm32f10x_flash.o(i.FLASH_WaitForLastOperation), (38 bytes).
    Removing stm32f10x_fsmc.o(i.FSMC_ClearFlag), (64 bytes).
    Removing stm32f10x_fsmc.o(i.FSMC_ClearITPendingBit), (72 bytes).
    Removing stm32f10x_fsmc.o(i.FSMC_GetECC), (28 bytes).
    Removing stm32f10x_fsmc.o(i.FSMC_GetFlagStatus), (56 bytes).
    Removing stm32f10x_fsmc.o(i.FSMC_GetITStatus), (68 bytes).
    Removing stm32f10x_fsmc.o(i.FSMC_ITConfig), (128 bytes).
    Removing stm32f10x_fsmc.o(i.FSMC_NANDCmd), (92 bytes).
    Removing stm32f10x_fsmc.o(i.FSMC_NANDDeInit), (68 bytes).
    Removing stm32f10x_fsmc.o(i.FSMC_NANDECCCmd), (92 bytes).
    Removing stm32f10x_fsmc.o(i.FSMC_NANDInit), (136 bytes).
    Removing stm32f10x_fsmc.o(i.FSMC_NANDStructInit), (54 bytes).
    Removing stm32f10x_fsmc.o(i.FSMC_NORSRAMCmd), (52 bytes).
    Removing stm32f10x_fsmc.o(i.FSMC_NORSRAMDeInit), (54 bytes).
    Removing stm32f10x_fsmc.o(i.FSMC_NORSRAMInit), (230 bytes).
    Removing stm32f10x_fsmc.o(i.FSMC_NORSRAMStructInit), (114 bytes).
    Removing stm32f10x_fsmc.o(i.FSMC_PCCARDCmd), (48 bytes).
    Removing stm32f10x_fsmc.o(i.FSMC_PCCARDDeInit), (40 bytes).
    Removing stm32f10x_fsmc.o(i.FSMC_PCCARDInit), (132 bytes).
    Removing stm32f10x_fsmc.o(i.FSMC_PCCARDStructInit), (60 bytes).
    Removing stm32f10x_gpio.o(i.GPIO_AFIODeInit), (20 bytes).
    Removing stm32f10x_gpio.o(i.GPIO_DeInit), (200 bytes).
    Removing stm32f10x_gpio.o(i.GPIO_ETH_MediaInterfaceConfig), (12 bytes).
    Removing stm32f10x_gpio.o(i.GPIO_EXTILineConfig), (64 bytes).
    Removing stm32f10x_gpio.o(i.GPIO_EventOutputCmd), (12 bytes).
    Removing stm32f10x_gpio.o(i.GPIO_EventOutputConfig), (32 bytes).
    Removing stm32f10x_gpio.o(i.GPIO_PinLockConfig), (18 bytes).
    Removing stm32f10x_gpio.o(i.GPIO_ReadInputData), (8 bytes).
    Removing stm32f10x_gpio.o(i.GPIO_ReadInputDataBit), (18 bytes).
    Removing stm32f10x_gpio.o(i.GPIO_ReadOutputData), (8 bytes).
    Removing stm32f10x_gpio.o(i.GPIO_ReadOutputDataBit), (18 bytes).
    Removing stm32f10x_gpio.o(i.GPIO_StructInit), (16 bytes).
    Removing stm32f10x_gpio.o(i.GPIO_Write), (4 bytes).
    Removing stm32f10x_gpio.o(i.GPIO_WriteBit), (10 bytes).
    Removing stm32f10x_i2c.o(i.I2C_ARPCmd), (24 bytes).
    Removing stm32f10x_i2c.o(i.I2C_AcknowledgeConfig), (24 bytes).
    Removing stm32f10x_i2c.o(i.I2C_CalculatePEC), (24 bytes).
    Removing stm32f10x_i2c.o(i.I2C_CheckEvent), (42 bytes).
    Removing stm32f10x_i2c.o(i.I2C_ClearFlag), (12 bytes).
    Removing stm32f10x_i2c.o(i.I2C_ClearITPendingBit), (12 bytes).
    Removing stm32f10x_i2c.o(i.I2C_Cmd), (24 bytes).
    Removing stm32f10x_i2c.o(i.I2C_DMACmd), (24 bytes).
    Removing stm32f10x_i2c.o(i.I2C_DMALastTransferCmd), (24 bytes).
    Removing stm32f10x_i2c.o(i.I2C_DeInit), (56 bytes).
    Removing stm32f10x_i2c.o(i.I2C_DualAddressCmd), (24 bytes).
    Removing stm32f10x_i2c.o(i.I2C_FastModeDutyCycleConfig), (28 bytes).
    Removing stm32f10x_i2c.o(i.I2C_GeneralCallCmd), (24 bytes).
    Removing stm32f10x_i2c.o(i.I2C_GenerateSTART), (24 bytes).
    Removing stm32f10x_i2c.o(i.I2C_GenerateSTOP), (24 bytes).
    Removing stm32f10x_i2c.o(i.I2C_GetFlagStatus), (58 bytes).
    Removing stm32f10x_i2c.o(i.I2C_GetITStatus), (38 bytes).
    Removing stm32f10x_i2c.o(i.I2C_GetLastEvent), (26 bytes).
    Removing stm32f10x_i2c.o(i.I2C_GetPEC), (8 bytes).
    Removing stm32f10x_i2c.o(i.I2C_ITConfig), (18 bytes).
    Removing stm32f10x_i2c.o(i.I2C_Init), (236 bytes).
    Removing stm32f10x_i2c.o(i.I2C_NACKPositionConfig), (28 bytes).
    Removing stm32f10x_i2c.o(i.I2C_OwnAddress2Config), (22 bytes).
    Removing stm32f10x_i2c.o(i.I2C_PECPositionConfig), (28 bytes).
    Removing stm32f10x_i2c.o(i.I2C_ReadRegister), (22 bytes).
    Removing stm32f10x_i2c.o(i.I2C_ReceiveData), (8 bytes).
    Removing stm32f10x_i2c.o(i.I2C_SMBusAlertConfig), (28 bytes).
    Removing stm32f10x_i2c.o(i.I2C_Send7bitAddress), (18 bytes).
    Removing stm32f10x_i2c.o(i.I2C_SendData), (4 bytes).
    Removing stm32f10x_i2c.o(i.I2C_SoftwareResetCmd), (22 bytes).
    Removing stm32f10x_i2c.o(i.I2C_StretchClockCmd), (24 bytes).
    Removing stm32f10x_i2c.o(i.I2C_StructInit), (30 bytes).
    Removing stm32f10x_i2c.o(i.I2C_TransmitPEC), (24 bytes).
    Removing stm32f10x_iwdg.o(i.IWDG_Enable), (16 bytes).
    Removing stm32f10x_iwdg.o(i.IWDG_GetFlagStatus), (24 bytes).
    Removing stm32f10x_iwdg.o(i.IWDG_ReloadCounter), (16 bytes).
    Removing stm32f10x_iwdg.o(i.IWDG_SetPrescaler), (12 bytes).
    Removing stm32f10x_iwdg.o(i.IWDG_SetReload), (12 bytes).
    Removing stm32f10x_iwdg.o(i.IWDG_WriteAccessCmd), (12 bytes).
    Removing stm32f10x_pwr.o(i.PWR_BackupAccessCmd), (12 bytes).
    Removing stm32f10x_pwr.o(i.PWR_ClearFlag), (20 bytes).
    Removing stm32f10x_pwr.o(i.PWR_DeInit), (22 bytes).
    Removing stm32f10x_pwr.o(i.PWR_EnterSTANDBYMode), (52 bytes).
    Removing stm32f10x_pwr.o(i.PWR_EnterSTOPMode), (64 bytes).
    Removing stm32f10x_pwr.o(i.PWR_GetFlagStatus), (24 bytes).
    Removing stm32f10x_pwr.o(i.PWR_PVDCmd), (12 bytes).
    Removing stm32f10x_pwr.o(i.PWR_PVDLevelConfig), (24 bytes).
    Removing stm32f10x_pwr.o(i.PWR_WakeUpPinCmd), (12 bytes).
    Removing stm32f10x_rcc.o(i.RCC_AHBPeriphClockCmd), (32 bytes).
    Removing stm32f10x_rcc.o(i.RCC_AdjustHSICalibrationValue), (24 bytes).
    Removing stm32f10x_rcc.o(i.RCC_BackupResetCmd), (12 bytes).
    Removing stm32f10x_rcc.o(i.RCC_ClearFlag), (20 bytes).
    Removing stm32f10x_rcc.o(i.RCC_ClearITPendingBit), (12 bytes).
    Removing stm32f10x_rcc.o(i.RCC_ClockSecuritySystemCmd), (12 bytes).
    Removing stm32f10x_rcc.o(i.RCC_GetITStatus), (24 bytes).
    Removing stm32f10x_rcc.o(i.RCC_GetSYSCLKSource), (16 bytes).
    Removing stm32f10x_rcc.o(i.RCC_HSICmd), (12 bytes).
    Removing stm32f10x_rcc.o(i.RCC_ITConfig), (32 bytes).
    Removing stm32f10x_rcc.o(i.RCC_LSEConfig), (52 bytes).
    Removing stm32f10x_rcc.o(i.RCC_LSICmd), (12 bytes).
    Removing stm32f10x_rcc.o(i.RCC_MCOConfig), (12 bytes).
    Removing stm32f10x_rcc.o(i.RCC_PLLCmd), (12 bytes).
    Removing stm32f10x_rcc.o(i.RCC_PLLConfig), (28 bytes).
    Removing stm32f10x_rcc.o(i.RCC_RTCCLKCmd), (12 bytes).
    Removing stm32f10x_rcc.o(i.RCC_RTCCLKConfig), (16 bytes).
    Removing stm32f10x_rcc.o(i.RCC_SYSCLKConfig), (24 bytes).
    Removing stm32f10x_rcc.o(i.RCC_USBCLKConfig), (12 bytes).
    Removing stm32f10x_rtc.o(i.RTC_ClearFlag), (16 bytes).
    Removing stm32f10x_rtc.o(i.RTC_ClearITPendingBit), (16 bytes).
    Removing stm32f10x_rtc.o(i.RTC_EnterConfigMode), (20 bytes).
    Removing stm32f10x_rtc.o(i.RTC_ExitConfigMode), (20 bytes).
    Removing stm32f10x_rtc.o(i.RTC_GetCounter), (20 bytes).
    Removing stm32f10x_rtc.o(i.RTC_GetDivider), (24 bytes).
    Removing stm32f10x_rtc.o(i.RTC_GetFlagStatus), (24 bytes).
    Removing stm32f10x_rtc.o(i.RTC_GetITStatus), (36 bytes).
    Removing stm32f10x_rtc.o(i.RTC_ITConfig), (32 bytes).
    Removing stm32f10x_rtc.o(i.RTC_SetAlarm), (28 bytes).
    Removing stm32f10x_rtc.o(i.RTC_SetCounter), (28 bytes).
    Removing stm32f10x_rtc.o(i.RTC_SetPrescaler), (32 bytes).
    Removing stm32f10x_rtc.o(i.RTC_WaitForLastTask), (20 bytes).
    Removing stm32f10x_rtc.o(i.RTC_WaitForSynchro), (36 bytes).
    Removing stm32f10x_sdio.o(i.SDIO_CEATAITCmd), (16 bytes).
    Removing stm32f10x_sdio.o(i.SDIO_ClearFlag), (12 bytes).
    Removing stm32f10x_sdio.o(i.SDIO_ClearITPendingBit), (12 bytes).
    Removing stm32f10x_sdio.o(i.SDIO_ClockCmd), (12 bytes).
    Removing stm32f10x_sdio.o(i.SDIO_CmdStructInit), (14 bytes).
    Removing stm32f10x_sdio.o(i.SDIO_CommandCompletionCmd), (12 bytes).
    Removing stm32f10x_sdio.o(i.SDIO_DMACmd), (12 bytes).
    Removing stm32f10x_sdio.o(i.SDIO_DataConfig), (48 bytes).
    Removing stm32f10x_sdio.o(i.SDIO_DataStructInit), (20 bytes).
    Removing stm32f10x_sdio.o(i.SDIO_DeInit), (36 bytes).
    Removing stm32f10x_sdio.o(i.SDIO_GetCommandResponse), (12 bytes).
    Removing stm32f10x_sdio.o(i.SDIO_GetDataCounter), (12 bytes).
    Removing stm32f10x_sdio.o(i.SDIO_GetFIFOCount), (12 bytes).
    Removing stm32f10x_sdio.o(i.SDIO_GetFlagStatus), (24 bytes).
    Removing stm32f10x_sdio.o(i.SDIO_GetITStatus), (24 bytes).
    Removing stm32f10x_sdio.o(i.SDIO_GetPowerState), (16 bytes).
    Removing stm32f10x_sdio.o(i.SDIO_GetResponse), (24 bytes).
    Removing stm32f10x_sdio.o(i.SDIO_ITConfig), (32 bytes).
    Removing stm32f10x_sdio.o(i.SDIO_Init), (48 bytes).
    Removing stm32f10x_sdio.o(i.SDIO_ReadData), (12 bytes).
    Removing stm32f10x_sdio.o(i.SDIO_SendCEATACmd), (12 bytes).
    Removing stm32f10x_sdio.o(i.SDIO_SendCommand), (44 bytes).
    Removing stm32f10x_sdio.o(i.SDIO_SendSDIOSuspendCmd), (12 bytes).
    Removing stm32f10x_sdio.o(i.SDIO_SetPowerState), (28 bytes).
    Removing stm32f10x_sdio.o(i.SDIO_SetSDIOOperation), (12 bytes).
    Removing stm32f10x_sdio.o(i.SDIO_SetSDIOReadWaitMode), (12 bytes).
    Removing stm32f10x_sdio.o(i.SDIO_StartSDIOReadWait), (12 bytes).
    Removing stm32f10x_sdio.o(i.SDIO_StopSDIOReadWait), (12 bytes).
    Removing stm32f10x_sdio.o(i.SDIO_StructInit), (16 bytes).
    Removing stm32f10x_sdio.o(i.SDIO_WriteData), (12 bytes).
    Removing stm32f10x_spi.o(i.I2S_Cmd), (24 bytes).
    Removing stm32f10x_spi.o(i.I2S_Init), (232 bytes).
    Removing stm32f10x_spi.o(i.I2S_StructInit), (20 bytes).
    Removing stm32f10x_spi.o(i.SPI_BiDirectionalLineConfig), (28 bytes).
    Removing stm32f10x_spi.o(i.SPI_CalculateCRC), (24 bytes).
    Removing stm32f10x_spi.o(i.SPI_DataSizeConfig), (18 bytes).
    Removing stm32f10x_spi.o(i.SPI_GetCRC), (16 bytes).
    Removing stm32f10x_spi.o(i.SPI_GetCRCPolynomial), (6 bytes).
    Removing stm32f10x_spi.o(i.SPI_I2S_ClearFlag), (6 bytes).
    Removing stm32f10x_spi.o(i.SPI_I2S_ClearITPendingBit), (20 bytes).
    Removing stm32f10x_spi.o(i.SPI_I2S_DMACmd), (18 bytes).
    Removing stm32f10x_spi.o(i.SPI_I2S_GetFlagStatus), (18 bytes).
    Removing stm32f10x_spi.o(i.SPI_I2S_GetITStatus), (52 bytes).
    Removing stm32f10x_spi.o(i.SPI_I2S_ITConfig), (32 bytes).
    Removing stm32f10x_spi.o(i.SPI_I2S_ReceiveData), (6 bytes).
    Removing stm32f10x_spi.o(i.SPI_I2S_SendData), (4 bytes).
    Removing stm32f10x_spi.o(i.SPI_NSSInternalSoftwareConfig), (30 bytes).
    Removing stm32f10x_spi.o(i.SPI_StructInit), (24 bytes).
    Removing stm32f10x_spi.o(i.SPI_TransmitCRC), (10 bytes).
    Removing stm32f10x_tim.o(i.TI1_Config), (128 bytes).
    Removing stm32f10x_tim.o(i.TI2_Config), (152 bytes).
    Removing stm32f10x_tim.o(i.TI3_Config), (144 bytes).
    Removing stm32f10x_tim.o(i.TI4_Config), (152 bytes).
    Removing stm32f10x_tim.o(i.TIM_ARRPreloadConfig), (24 bytes).
    Removing stm32f10x_tim.o(i.TIM_BDTRConfig), (32 bytes).
    Removing stm32f10x_tim.o(i.TIM_BDTRStructInit), (18 bytes).
    Removing stm32f10x_tim.o(i.TIM_CCPreloadControl), (24 bytes).
    Removing stm32f10x_tim.o(i.TIM_CCxCmd), (30 bytes).
    Removing stm32f10x_tim.o(i.TIM_CCxNCmd), (30 bytes).
    Removing stm32f10x_tim.o(i.TIM_ClearFlag), (6 bytes).
    Removing stm32f10x_tim.o(i.TIM_ClearITPendingBit), (6 bytes).
    Removing stm32f10x_tim.o(i.TIM_ClearOC1Ref), (18 bytes).
    Removing stm32f10x_tim.o(i.TIM_ClearOC2Ref), (24 bytes).
    Removing stm32f10x_tim.o(i.TIM_ClearOC3Ref), (18 bytes).
    Removing stm32f10x_tim.o(i.TIM_ClearOC4Ref), (24 bytes).
    Removing stm32f10x_tim.o(i.TIM_Cmd), (24 bytes).
    Removing stm32f10x_tim.o(i.TIM_CounterModeConfig), (18 bytes).
    Removing stm32f10x_tim.o(i.TIM_CtrlPWMOutputs), (30 bytes).
    Removing stm32f10x_tim.o(i.TIM_DMACmd), (18 bytes).
    Removing stm32f10x_tim.o(i.TIM_DMAConfig), (10 bytes).
    Removing stm32f10x_tim.o(i.TIM_DeInit), (488 bytes).
    Removing stm32f10x_tim.o(i.TIM_ETRClockMode1Config), (54 bytes).
    Removing stm32f10x_tim.o(i.TIM_ETRClockMode2Config), (32 bytes).
    Removing stm32f10x_tim.o(i.TIM_ETRConfig), (28 bytes).
    Removing stm32f10x_tim.o(i.TIM_EncoderInterfaceConfig), (66 bytes).
    Removing stm32f10x_tim.o(i.TIM_ForcedOC1Config), (18 bytes).
    Removing stm32f10x_tim.o(i.TIM_ForcedOC2Config), (26 bytes).
    Removing stm32f10x_tim.o(i.TIM_ForcedOC3Config), (18 bytes).
    Removing stm32f10x_tim.o(i.TIM_ForcedOC4Config), (26 bytes).
    Removing stm32f10x_tim.o(i.TIM_GenerateEvent), (4 bytes).
    Removing stm32f10x_tim.o(i.TIM_GetCapture1), (6 bytes).
    Removing stm32f10x_tim.o(i.TIM_GetCapture2), (6 bytes).
    Removing stm32f10x_tim.o(i.TIM_GetCapture3), (6 bytes).
    Removing stm32f10x_tim.o(i.TIM_GetCapture4), (8 bytes).
    Removing stm32f10x_tim.o(i.TIM_GetCounter), (6 bytes).
    Removing stm32f10x_tim.o(i.TIM_GetFlagStatus), (18 bytes).
    Removing stm32f10x_tim.o(i.TIM_GetITStatus), (34 bytes).
    Removing stm32f10x_tim.o(i.TIM_GetPrescaler), (6 bytes).
    Removing stm32f10x_tim.o(i.TIM_ICInit), (172 bytes).
    Removing stm32f10x_tim.o(i.TIM_ICStructInit), (18 bytes).
    Removing stm32f10x_tim.o(i.TIM_ITConfig), (18 bytes).
    Removing stm32f10x_tim.o(i.TIM_ITRxExternalClockConfig), (24 bytes).
    Removing stm32f10x_tim.o(i.TIM_InternalClockConfig), (12 bytes).
    Removing stm32f10x_tim.o(i.TIM_OC1FastConfig), (18 bytes).
    Removing stm32f10x_tim.o(i.TIM_OC1Init), (152 bytes).
    Removing stm32f10x_tim.o(i.TIM_OC1NPolarityConfig), (18 bytes).
    Removing stm32f10x_tim.o(i.TIM_OC1PolarityConfig), (18 bytes).
    Removing stm32f10x_tim.o(i.TIM_OC1PreloadConfig), (18 bytes).
    Removing stm32f10x_tim.o(i.TIM_OC2FastConfig), (26 bytes).
    Removing stm32f10x_tim.o(i.TIM_OC2Init), (164 bytes).
    Removing stm32f10x_tim.o(i.TIM_OC2NPolarityConfig), (26 bytes).
    Removing stm32f10x_tim.o(i.TIM_OC2PolarityConfig), (26 bytes).
    Removing stm32f10x_tim.o(i.TIM_OC2PreloadConfig), (26 bytes).
    Removing stm32f10x_tim.o(i.TIM_OC3FastConfig), (18 bytes).
    Removing stm32f10x_tim.o(i.TIM_OC3Init), (160 bytes).
    Removing stm32f10x_tim.o(i.TIM_OC3NPolarityConfig), (26 bytes).
    Removing stm32f10x_tim.o(i.TIM_OC3PolarityConfig), (26 bytes).
    Removing stm32f10x_tim.o(i.TIM_OC3PreloadConfig), (18 bytes).
    Removing stm32f10x_tim.o(i.TIM_OC4FastConfig), (26 bytes).
    Removing stm32f10x_tim.o(i.TIM_OC4Init), (124 bytes).
    Removing stm32f10x_tim.o(i.TIM_OC4PolarityConfig), (26 bytes).
    Removing stm32f10x_tim.o(i.TIM_OC4PreloadConfig), (26 bytes).
    Removing stm32f10x_tim.o(i.TIM_OCStructInit), (20 bytes).
    Removing stm32f10x_tim.o(i.TIM_PWMIConfig), (124 bytes).
    Removing stm32f10x_tim.o(i.TIM_PrescalerConfig), (6 bytes).
    Removing stm32f10x_tim.o(i.TIM_SelectCCDMA), (24 bytes).
    Removing stm32f10x_tim.o(i.TIM_SelectCOM), (24 bytes).
    Removing stm32f10x_tim.o(i.TIM_SelectHallSensor), (24 bytes).
    Removing stm32f10x_tim.o(i.TIM_SelectInputTrigger), (18 bytes).
    Removing stm32f10x_tim.o(i.TIM_SelectMasterSlaveMode), (18 bytes).
    Removing stm32f10x_tim.o(i.TIM_SelectOCxM), (82 bytes).
    Removing stm32f10x_tim.o(i.TIM_SelectOnePulseMode), (18 bytes).
    Removing stm32f10x_tim.o(i.TIM_SelectOutputTrigger), (18 bytes).
    Removing stm32f10x_tim.o(i.TIM_SelectSlaveMode), (18 bytes).
    Removing stm32f10x_tim.o(i.TIM_SetAutoreload), (4 bytes).
    Removing stm32f10x_tim.o(i.TIM_SetClockDivision), (18 bytes).
    Removing stm32f10x_tim.o(i.TIM_SetCompare1), (4 bytes).
    Removing stm32f10x_tim.o(i.TIM_SetCompare2), (4 bytes).
    Removing stm32f10x_tim.o(i.TIM_SetCompare3), (4 bytes).
    Removing stm32f10x_tim.o(i.TIM_SetCompare4), (6 bytes).
    Removing stm32f10x_tim.o(i.TIM_SetCounter), (4 bytes).
    Removing stm32f10x_tim.o(i.TIM_SetIC1Prescaler), (18 bytes).
    Removing stm32f10x_tim.o(i.TIM_SetIC2Prescaler), (26 bytes).
    Removing stm32f10x_tim.o(i.TIM_SetIC3Prescaler), (18 bytes).
    Removing stm32f10x_tim.o(i.TIM_SetIC4Prescaler), (26 bytes).
    Removing stm32f10x_tim.o(i.TIM_TIxExternalClockConfig), (62 bytes).
    Removing stm32f10x_tim.o(i.TIM_TimeBaseInit), (164 bytes).
    Removing stm32f10x_tim.o(i.TIM_TimeBaseStructInit), (18 bytes).
    Removing stm32f10x_tim.o(i.TIM_UpdateDisableConfig), (24 bytes).
    Removing stm32f10x_tim.o(i.TIM_UpdateRequestConfig), (24 bytes).
    Removing stm32f10x_usart.o(i.USART_ClearFlag), (18 bytes).
    Removing stm32f10x_usart.o(i.USART_ClearITPendingBit), (30 bytes).
    Removing stm32f10x_usart.o(i.USART_ClockInit), (34 bytes).
    Removing stm32f10x_usart.o(i.USART_ClockStructInit), (12 bytes).
    Removing stm32f10x_usart.o(i.USART_DMACmd), (18 bytes).
    Removing stm32f10x_usart.o(i.USART_DeInit), (156 bytes).
    Removing stm32f10x_usart.o(i.USART_GetFlagStatus), (26 bytes).
    Removing stm32f10x_usart.o(i.USART_GetITStatus), (84 bytes).
    Removing stm32f10x_usart.o(i.USART_HalfDuplexCmd), (24 bytes).
    Removing stm32f10x_usart.o(i.USART_ITConfig), (74 bytes).
    Removing stm32f10x_usart.o(i.USART_IrDACmd), (24 bytes).
    Removing stm32f10x_usart.o(i.USART_IrDAConfig), (18 bytes).
    Removing stm32f10x_usart.o(i.USART_LINBreakDetectLengthConfig), (18 bytes).
    Removing stm32f10x_usart.o(i.USART_LINCmd), (24 bytes).
    Removing stm32f10x_usart.o(i.USART_OneBitMethodCmd), (24 bytes).
    Removing stm32f10x_usart.o(i.USART_OverSampling8Cmd), (22 bytes).
    Removing stm32f10x_usart.o(i.USART_ReceiveData), (10 bytes).
    Removing stm32f10x_usart.o(i.USART_ReceiverWakeUpCmd), (24 bytes).
    Removing stm32f10x_usart.o(i.USART_SendBreak), (10 bytes).
    Removing stm32f10x_usart.o(i.USART_SendData), (8 bytes).
    Removing stm32f10x_usart.o(i.USART_SetAddress), (18 bytes).
    Removing stm32f10x_usart.o(i.USART_SetGuardTime), (16 bytes).
    Removing stm32f10x_usart.o(i.USART_SetPrescaler), (16 bytes).
    Removing stm32f10x_usart.o(i.USART_SmartCardCmd), (24 bytes).
    Removing stm32f10x_usart.o(i.USART_SmartCardNACKCmd), (24 bytes).
    Removing stm32f10x_usart.o(i.USART_StructInit), (24 bytes).
    Removing stm32f10x_usart.o(i.USART_WakeUpConfig), (18 bytes).
    Removing stm32f10x_wwdg.o(i.WWDG_ClearFlag), (12 bytes).
    Removing stm32f10x_wwdg.o(i.WWDG_DeInit), (22 bytes).
    Removing stm32f10x_wwdg.o(i.WWDG_Enable), (16 bytes).
    Removing stm32f10x_wwdg.o(i.WWDG_EnableIT), (12 bytes).
    Removing stm32f10x_wwdg.o(i.WWDG_GetFlagStatus), (12 bytes).
    Removing stm32f10x_wwdg.o(i.WWDG_SetCounter), (16 bytes).
    Removing stm32f10x_wwdg.o(i.WWDG_SetPrescaler), (24 bytes).
    Removing stm32f10x_wwdg.o(i.WWDG_SetWindowValue), (40 bytes).
    Removing system_stm32f10x.o(i.SystemCoreClockUpdate), (164 bytes).
    Removing core_cm3.o(.emb_text), (32 bytes).
    Removing startup_stm32f10x_md.o(HEAP), (512 bytes).
    Removing deca_device.o(i._dwt_aonarrayupload), (36 bytes).
    Removing deca_device.o(i._dwt_aonconfigupload), (36 bytes).
    Removing deca_device.o(i._dwt_disablesequencing), (20 bytes).
    Removing deca_device.o(i._dwt_otpprogword32), (176 bytes).
    Removing deca_device.o(i._dwt_otpsetmrregs), (582 bytes).
    Removing deca_device.o(i.dwt_calibratesleepcnt), (260 bytes).
    Removing deca_device.o(i.dwt_checkIRQ), (24 bytes).
    Removing deca_device.o(i.dwt_checkoverrun), (16 bytes).
    Removing deca_device.o(i.dwt_configcontinuousframemode), (84 bytes).
    Removing deca_device.o(i.dwt_configcwmode), (148 bytes).
    Removing deca_device.o(i.dwt_configeventcounters), (44 bytes).
    Removing deca_device.o(i.dwt_configuresleep), (44 bytes).
    Removing deca_device.o(i.dwt_configuresleepcnt), (132 bytes).
    Removing deca_device.o(i.dwt_configuretxrf), (28 bytes).
    Removing deca_device.o(i.dwt_enableautoack), (44 bytes).
    Removing deca_device.o(i.dwt_enableframefilter), (64 bytes).
    Removing deca_device.o(i.dwt_entersleep), (8 bytes).
    Removing deca_device.o(i.dwt_forcetrxoff), (92 bytes).
    Removing deca_device.o(i.dwt_geteui), (18 bytes).
    Removing deca_device.o(i.dwt_getlotid), (12 bytes).
    Removing deca_device.o(i.dwt_getpartid), (12 bytes).
    Removing deca_device.o(i.dwt_isr), (836 bytes).
    Removing deca_device.o(i.dwt_loadopsettabfromotp), (56 bytes).
    Removing deca_device.o(i.dwt_otpread), (46 bytes).
    Removing deca_device.o(i.dwt_otprevision), (12 bytes).
    Removing deca_device.o(i.dwt_otpwriteandverify), (90 bytes).
    Removing deca_device.o(i.dwt_readaccdata), (34 bytes).
    Removing deca_device.o(i.dwt_readdiagnostics), (60 bytes).
    Removing deca_device.o(i.dwt_readeventcounters), (138 bytes).
    Removing deca_device.o(i.dwt_readrxtimestamphi32), (12 bytes).
    Removing deca_device.o(i.dwt_readrxtimestamplo32), (12 bytes).
    Removing deca_device.o(i.dwt_readsystime), (18 bytes).
    Removing deca_device.o(i.dwt_readsystimestamphi32), (12 bytes).
    Removing deca_device.o(i.dwt_readtempvbat), (174 bytes).
    Removing deca_device.o(i.dwt_readtxtimestamphi32), (12 bytes).
    Removing deca_device.o(i.dwt_readtxtimestamplo32), (12 bytes).
    Removing deca_device.o(i.dwt_readwakeuptemp), (20 bytes).
    Removing deca_device.o(i.dwt_readwakeupvbat), (20 bytes).
    Removing deca_device.o(i.dwt_rxenable), (84 bytes).
    Removing deca_device.o(i.dwt_rxreset), (36 bytes).
    Removing deca_device.o(i.dwt_setGPIOdirection), (42 bytes).
    Removing deca_device.o(i.dwt_setGPIOforEXTTRX), (40 bytes).
    Removing deca_device.o(i.dwt_setGPIOvalue), (42 bytes).
    Removing deca_device.o(i.dwt_setaddress16), (16 bytes).
    Removing deca_device.o(i.dwt_setautorxreenable), (64 bytes).
    Removing deca_device.o(i.dwt_setcallbacks), (12 bytes).
    Removing deca_device.o(i.dwt_setdblrxbuffmode), (60 bytes).
    Removing deca_device.o(i.dwt_seteui), (18 bytes).
    Removing deca_device.o(i.dwt_setinterrupt), (52 bytes).
    Removing deca_device.o(i.dwt_setleds), (210 bytes).
    Removing deca_device.o(i.dwt_setpanid), (16 bytes).
    Removing deca_device.o(i.dwt_setpreambledetecttimeout), (16 bytes).
    Removing deca_device.o(i.dwt_setrxmode), (54 bytes).
    Removing deca_device.o(i.dwt_setsmarttxpower), (60 bytes).
    Removing deca_device.o(i.dwt_softreset), (112 bytes).
    Removing deca_device.o(i.dwt_spicswakeup), (64 bytes).
    Removing deca_device.o(i.dwt_syncrxbufptrs), (56 bytes).
    Removing deca_range_tables.o(i.dwt_getrangebias), (292 bytes).
    Removing deca_range_tables.o(.constdata), (522 bytes).
    Removing deca_spi.o(i.closespi), (32 bytes).
    Removing deca_spi.o(i.openspi), (4 bytes).
    Removing lcd.o(i.lcd_display_str), (2 bytes).
    Removing lcd.o(i.writetoLCD), (12 bytes).
    Removing delay.o(i.delay_init), (68 bytes).
    Removing delay.o(i.delay_ms), (76 bytes).
    Removing delay.o(i.delay_us), (76 bytes).
    Removing delay.o(.data), (4 bytes).
    Removing dmul.o(.text), (228 bytes).
    Removing fflti.o(.text), (18 bytes).
    Removing dfixi.o(.text), (62 bytes).
    Removing f2d.o(.text), (38 bytes).
    Removing fepilogue.o(.text), (110 bytes).
    Removing depilogue.o(.text), (186 bytes).

538 unused section(s) (total 25551 bytes) removed from the image.

==============================================================================

Image Symbol Table

    Local Symbols

    Symbol Name                              Value     Ov Type        Size  Object(Section)

    ../clib/microlib/init/entry.s            0x00000000   Number         0  entry2.o ABSOLUTE
    ../clib/microlib/init/entry.s            0x00000000   Number         0  entry9a.o ABSOLUTE
    ../clib/microlib/init/entry.s            0x00000000   Number         0  entry11b.o ABSOLUTE
    ../clib/microlib/init/entry.s            0x00000000   Number         0  entry8b.o ABSOLUTE
    ../clib/microlib/init/entry.s            0x00000000   Number         0  entry8a.o ABSOLUTE
    ../clib/microlib/init/entry.s            0x00000000   Number         0  entry7b.o ABSOLUTE
    ../clib/microlib/init/entry.s            0x00000000   Number         0  entry7a.o ABSOLUTE
    ../clib/microlib/init/entry.s            0x00000000   Number         0  entry11a.o ABSOLUTE
    ../clib/microlib/init/entry.s            0x00000000   Number         0  entry5.o ABSOLUTE
    ../clib/microlib/init/entry.s            0x00000000   Number         0  entry10b.o ABSOLUTE
    ../clib/microlib/init/entry.s            0x00000000   Number         0  entry9b.o ABSOLUTE
    ../clib/microlib/init/entry.s            0x00000000   Number         0  entry10a.o ABSOLUTE
    ../clib/microlib/init/entry.s            0x00000000   Number         0  entry.o ABSOLUTE
    ../clib/microlib/longlong.c              0x00000000   Number         0  llushr.o ABSOLUTE
    ../clib/microlib/longlong.c              0x00000000   Number         0  llshl.o ABSOLUTE
    ../clib/microlib/string/memcmp.c         0x00000000   Number         0  memcmp.o ABSOLUTE
    ../clib/microlib/stubs.s                 0x00000000   Number         0  iusefp.o ABSOLUTE
    ../fplib/microlib/f2d.c                  0x00000000   Number         0  f2d.o ABSOLUTE
    ../fplib/microlib/fpepilogue.c           0x00000000   Number         0  depilogue.o ABSOLUTE
    ../fplib/microlib/fpepilogue.c           0x00000000   Number         0  fepilogue.o ABSOLUTE
    ../fplib/microlib/fpfix.c                0x00000000   Number         0  dfixi.o ABSOLUTE
    ../fplib/microlib/fpflt.c                0x00000000   Number         0  fflti.o ABSOLUTE
    ../fplib/microlib/fpmul.c                0x00000000   Number         0  dmul.o ABSOLUTE
    ..\Libraries\CMSIS\CM3\CoreSupport\core_cm3.c 0x00000000   Number         0  core_cm3.o ABSOLUTE
    ..\Libraries\CMSIS\CM3\DeviceSupport\ST\STM32F10x\startup\arm\startup_stm32f10x_md.s 0x00000000   Number         0  startup_stm32f10x_md.o ABSOLUTE
    ..\Libraries\STM32F10x_StdPeriph_Driver\src\misc.c 0x00000000   Number         0  misc.o ABSOLUTE
    ..\Libraries\STM32F10x_StdPeriph_Driver\src\stm32f10x_adc.c 0x00000000   Number         0  stm32f10x_adc.o ABSOLUTE
    ..\Libraries\STM32F10x_StdPeriph_Driver\src\stm32f10x_bkp.c 0x00000000   Number         0  stm32f10x_bkp.o ABSOLUTE
    ..\Libraries\STM32F10x_StdPeriph_Driver\src\stm32f10x_can.c 0x00000000   Number         0  stm32f10x_can.o ABSOLUTE
    ..\Libraries\STM32F10x_StdPeriph_Driver\src\stm32f10x_cec.c 0x00000000   Number         0  stm32f10x_cec.o ABSOLUTE
    ..\Libraries\STM32F10x_StdPeriph_Driver\src\stm32f10x_crc.c 0x00000000   Number         0  stm32f10x_crc.o ABSOLUTE
    ..\Libraries\STM32F10x_StdPeriph_Driver\src\stm32f10x_dac.c 0x00000000   Number         0  stm32f10x_dac.o ABSOLUTE
    ..\Libraries\STM32F10x_StdPeriph_Driver\src\stm32f10x_dbgmcu.c 0x00000000   Number         0  stm32f10x_dbgmcu.o ABSOLUTE
    ..\Libraries\STM32F10x_StdPeriph_Driver\src\stm32f10x_dma.c 0x00000000   Number         0  stm32f10x_dma.o ABSOLUTE
    ..\Libraries\STM32F10x_StdPeriph_Driver\src\stm32f10x_exti.c 0x00000000   Number         0  stm32f10x_exti.o ABSOLUTE
    ..\Libraries\STM32F10x_StdPeriph_Driver\src\stm32f10x_flash.c 0x00000000   Number         0  stm32f10x_flash.o ABSOLUTE
    ..\Libraries\STM32F10x_StdPeriph_Driver\src\stm32f10x_fsmc.c 0x00000000   Number         0  stm32f10x_fsmc.o ABSOLUTE
    ..\Libraries\STM32F10x_StdPeriph_Driver\src\stm32f10x_gpio.c 0x00000000   Number         0  stm32f10x_gpio.o ABSOLUTE
    ..\Libraries\STM32F10x_StdPeriph_Driver\src\stm32f10x_i2c.c 0x00000000   Number         0  stm32f10x_i2c.o ABSOLUTE
    ..\Libraries\STM32F10x_StdPeriph_Driver\src\stm32f10x_iwdg.c 0x00000000   Number         0  stm32f10x_iwdg.o ABSOLUTE
    ..\Libraries\STM32F10x_StdPeriph_Driver\src\stm32f10x_pwr.c 0x00000000   Number         0  stm32f10x_pwr.o ABSOLUTE
    ..\Libraries\STM32F10x_StdPeriph_Driver\src\stm32f10x_rcc.c 0x00000000   Number         0  stm32f10x_rcc.o ABSOLUTE
    ..\Libraries\STM32F10x_StdPeriph_Driver\src\stm32f10x_rtc.c 0x00000000   Number         0  stm32f10x_rtc.o ABSOLUTE
    ..\Libraries\STM32F10x_StdPeriph_Driver\src\stm32f10x_sdio.c 0x00000000   Number         0  stm32f10x_sdio.o ABSOLUTE
    ..\Libraries\STM32F10x_StdPeriph_Driver\src\stm32f10x_spi.c 0x00000000   Number         0  stm32f10x_spi.o ABSOLUTE
    ..\Libraries\STM32F10x_StdPeriph_Driver\src\stm32f10x_tim.c 0x00000000   Number         0  stm32f10x_tim.o ABSOLUTE
    ..\Libraries\STM32F10x_StdPeriph_Driver\src\stm32f10x_usart.c 0x00000000   Number         0  stm32f10x_usart.o ABSOLUTE
    ..\Libraries\STM32F10x_StdPeriph_Driver\src\stm32f10x_wwdg.c 0x00000000   Number         0  stm32f10x_wwdg.o ABSOLUTE
    ..\\Libraries\\CMSIS\\CM3\\CoreSupport\\core_cm3.c 0x00000000   Number         0  core_cm3.o ABSOLUTE
    ..\decadriver\deca_device.c              0x00000000   Number         0  deca_device.o ABSOLUTE
    ..\decadriver\deca_params_init.c         0x00000000   Number         0  deca_params_init.o ABSOLUTE
    ..\decadriver\deca_range_tables.c        0x00000000   Number         0  deca_range_tables.o ABSOLUTE
    ..\platform\deca_mutex.c                 0x00000000   Number         0  deca_mutex.o ABSOLUTE
    ..\platform\deca_sleep.c                 0x00000000   Number         0  deca_sleep.o ABSOLUTE
    ..\platform\deca_spi.c                   0x00000000   Number         0  deca_spi.o ABSOLUTE
    ..\platform\delay.c                      0x00000000   Number         0  delay.o ABSOLUTE
    ..\platform\lcd.c                        0x00000000   Number         0  lcd.o ABSOLUTE
    ..\platform\port.c                       0x00000000   Number         0  port.o ABSOLUTE
    dc.s                                     0x00000000   Number         0  dc.o ABSOLUTE
    handlers.s                               0x00000000   Number         0  handlers.o ABSOLUTE
    init.s                                   0x00000000   Number         0  init.o ABSOLUTE
    main.c                                   0x00000000   Number         0  main.o ABSOLUTE
    stm32f10x_it.c                           0x00000000   Number         0  stm32f10x_it.o ABSOLUTE
    system_stm32f10x.c                       0x00000000   Number         0  system_stm32f10x.o ABSOLUTE
    RESET                                    0x08000000   Section      236  startup_stm32f10x_md.o(RESET)
    .ARM.Collect$$$$00000000                 0x080000ec   Section        0  entry.o(.ARM.Collect$$$$00000000)
    .ARM.Collect$$$$00000001                 0x080000ec   Section        4  entry2.o(.ARM.Collect$$$$00000001)
    .ARM.Collect$$$$00000004                 0x080000f0   Section        4  entry5.o(.ARM.Collect$$$$00000004)
    .ARM.Collect$$$$00000008                 0x080000f4   Section        0  entry7b.o(.ARM.Collect$$$$00000008)
    .ARM.Collect$$$$0000000A                 0x080000f4   Section        0  entry8b.o(.ARM.Collect$$$$0000000A)
    .ARM.Collect$$$$0000000B                 0x080000f4   Section        8  entry9a.o(.ARM.Collect$$$$0000000B)
    .ARM.Collect$$$$0000000D                 0x080000fc   Section        0  entry10a.o(.ARM.Collect$$$$0000000D)
    .ARM.Collect$$$$0000000F                 0x080000fc   Section        0  entry11a.o(.ARM.Collect$$$$0000000F)
    .ARM.Collect$$$$00002712                 0x080000fc   Section        4  entry2.o(.ARM.Collect$$$$00002712)
    __lit__00000000                          0x080000fc   Data           4  entry2.o(.ARM.Collect$$$$00002712)
    .text                                    0x08000100   Section       36  startup_stm32f10x_md.o(.text)
    .text                                    0x08000124   Section        0  memcmp.o(.text)
    .text                                    0x08000140   Section       36  init.o(.text)
    i.EXTI_GetITEnStatus                     0x08000164   Section        0  port.o(i.EXTI_GetITEnStatus)
    i.FLASH_PrefetchBufferCmd                0x08000180   Section        0  stm32f10x_flash.o(i.FLASH_PrefetchBufferCmd)
    i.FLASH_SetLatency                       0x0800019c   Section        0  stm32f10x_flash.o(i.FLASH_SetLatency)
    i.GPIO_Configuration                     0x080001b4   Section        0  port.o(i.GPIO_Configuration)
    i.GPIO_Init                              0x08000254   Section        0  stm32f10x_gpio.o(i.GPIO_Init)
    i.GPIO_PinRemapConfig                    0x0800036c   Section        0  stm32f10x_gpio.o(i.GPIO_PinRemapConfig)
    i.GPIO_ResetBits                         0x080003fc   Section        0  stm32f10x_gpio.o(i.GPIO_ResetBits)
    i.GPIO_SetBits                           0x08000400   Section        0  stm32f10x_gpio.o(i.GPIO_SetBits)
    i.NVIC_SetPriority                       0x08000404   Section        0  port.o(i.NVIC_SetPriority)
    NVIC_SetPriority                         0x08000405   Thumb Code    32  port.o(i.NVIC_SetPriority)
    i.RCC_ADCCLKConfig                       0x0800042c   Section        0  stm32f10x_rcc.o(i.RCC_ADCCLKConfig)
    i.RCC_APB1PeriphClockCmd                 0x08000444   Section        0  stm32f10x_rcc.o(i.RCC_APB1PeriphClockCmd)
    i.RCC_APB1PeriphResetCmd                 0x08000464   Section        0  stm32f10x_rcc.o(i.RCC_APB1PeriphResetCmd)
    i.RCC_APB2PeriphClockCmd                 0x08000484   Section        0  stm32f10x_rcc.o(i.RCC_APB2PeriphClockCmd)
    i.RCC_APB2PeriphResetCmd                 0x080004a4   Section        0  stm32f10x_rcc.o(i.RCC_APB2PeriphResetCmd)
    i.RCC_Configuration                      0x080004c4   Section        0  port.o(i.RCC_Configuration)
    i.RCC_DeInit                             0x0800052c   Section        0  stm32f10x_rcc.o(i.RCC_DeInit)
    i.RCC_GetClocksFreq                      0x08000578   Section        0  stm32f10x_rcc.o(i.RCC_GetClocksFreq)
    i.RCC_GetFlagStatus                      0x0800064c   Section        0  stm32f10x_rcc.o(i.RCC_GetFlagStatus)
    i.RCC_HCLKConfig                         0x08000688   Section        0  stm32f10x_rcc.o(i.RCC_HCLKConfig)
    i.RCC_HSEConfig                          0x080006a0   Section        0  stm32f10x_rcc.o(i.RCC_HSEConfig)
    i.RCC_PCLK1Config                        0x080006ec   Section        0  stm32f10x_rcc.o(i.RCC_PCLK1Config)
    i.RCC_PCLK2Config                        0x08000704   Section        0  stm32f10x_rcc.o(i.RCC_PCLK2Config)
    i.RCC_WaitForHSEStartUp                  0x0800071c   Section        0  stm32f10x_rcc.o(i.RCC_WaitForHSEStartUp)
    i.SPI_ChangeRate                         0x08000754   Section        0  port.o(i.SPI_ChangeRate)
    i.SPI_Cmd                                0x08000770   Section        0  stm32f10x_spi.o(i.SPI_Cmd)
    i.SPI_Configuration                      0x08000788   Section        0  port.o(i.SPI_Configuration)
    i.SPI_I2S_DeInit                         0x0800083c   Section        0  stm32f10x_spi.o(i.SPI_I2S_DeInit)
    i.SPI_Init                               0x08000894   Section        0  stm32f10x_spi.o(i.SPI_Init)
    i.SPI_SSOutputCmd                        0x080008d0   Section        0  stm32f10x_spi.o(i.SPI_SSOutputCmd)
    i.SetSysClock                            0x080008e8   Section        0  system_stm32f10x.o(i.SetSysClock)
    SetSysClock                              0x080008e9   Thumb Code     8  system_stm32f10x.o(i.SetSysClock)
    i.SetSysClockTo72                        0x080008f0   Section        0  system_stm32f10x.o(i.SetSysClockTo72)
    SetSysClockTo72                          0x080008f1   Thumb Code   214  system_stm32f10x.o(i.SetSysClockTo72)
    i.SysTick_Configuration                  0x080009d0   Section        0  port.o(i.SysTick_Configuration)
    i.SysTick_Handler                        0x08000a24   Section        0  stm32f10x_it.o(i.SysTick_Handler)
    i.SystemInit                             0x08000a74   Section        0  system_stm32f10x.o(i.SystemInit)
    i.USART_Cmd                              0x08000ad4   Section        0  stm32f10x_usart.o(i.USART_Cmd)
    i.USART_Init                             0x08000aec   Section        0  stm32f10x_usart.o(i.USART_Init)
    i.__scatterload_copy                     0x08000bc4   Section       14  handlers.o(i.__scatterload_copy)
    i.__scatterload_null                     0x08000bd2   Section        2  handlers.o(i.__scatterload_null)
    i.__scatterload_zeroinit                 0x08000bd4   Section       14  handlers.o(i.__scatterload_zeroinit)
    i._dwt_configlde                         0x08000be2   Section        0  deca_device.o(i._dwt_configlde)
    i._dwt_enableclocks                      0x08000c1a   Section        0  deca_device.o(i._dwt_enableclocks)
    i._dwt_loaducodefromrom                  0x08000cfe   Section        0  deca_device.o(i._dwt_loaducodefromrom)
    i._dwt_otpread                           0x08000d32   Section        0  deca_device.o(i._dwt_otpread)
    i.deca_sleep                             0x08000d80   Section        0  deca_sleep.o(i.deca_sleep)
    i.decamutexoff                           0x08000d98   Section        0  deca_mutex.o(i.decamutexoff)
    i.decamutexon                            0x08000db4   Section        0  deca_mutex.o(i.decamutexon)
    i.dwt_configure                          0x08000ddc   Section        0  deca_device.o(i.dwt_configure)
    i.dwt_entersleepaftertx                  0x08001024   Section        0  deca_device.o(i.dwt_entersleepaftertx)
    i.dwt_initialise                         0x0800104c   Section        0  deca_device.o(i.dwt_initialise)
    i.dwt_read16bitoffsetreg                 0x08001164   Section        0  deca_device.o(i.dwt_read16bitoffsetreg)
    i.dwt_read32bitoffsetreg                 0x08001190   Section        0  deca_device.o(i.dwt_read32bitoffsetreg)
    i.dwt_readdevid                          0x080011c8   Section        0  deca_device.o(i.dwt_readdevid)
    i.dwt_readfromdevice                     0x080011d4   Section        0  deca_device.o(i.dwt_readfromdevice)
    i.dwt_readrxdata                         0x08001238   Section        0  deca_device.o(i.dwt_readrxdata)
    i.dwt_readrxtimestamp                    0x0800124e   Section        0  deca_device.o(i.dwt_readrxtimestamp)
    i.dwt_readtxtimestamp                    0x08001260   Section        0  deca_device.o(i.dwt_readtxtimestamp)
    i.dwt_setdelayedtrxtime                  0x08001272   Section        0  deca_device.o(i.dwt_setdelayedtrxtime)
    i.dwt_setrxaftertxdelay                  0x08001282   Section        0  deca_device.o(i.dwt_setrxaftertxdelay)
    i.dwt_setrxantennadelay                  0x080012a6   Section        0  deca_device.o(i.dwt_setrxantennadelay)
    i.dwt_setrxtimeout                       0x080012b8   Section        0  deca_device.o(i.dwt_setrxtimeout)
    i.dwt_settxantennadelay                  0x08001324   Section        0  deca_device.o(i.dwt_settxantennadelay)
    i.dwt_starttx                            0x08001334   Section        0  deca_device.o(i.dwt_starttx)
    i.dwt_write16bitoffsetreg                0x080013d0   Section        0  deca_device.o(i.dwt_write16bitoffsetreg)
    i.dwt_write32bitoffsetreg                0x080013f6   Section        0  deca_device.o(i.dwt_write32bitoffsetreg)
    i.dwt_writetodevice                      0x08001426   Section        0  deca_device.o(i.dwt_writetodevice)
    i.dwt_writetxdata                        0x0800148e   Section        0  deca_device.o(i.dwt_writetxdata)
    i.dwt_writetxfctrl                       0x080014b4   Section        0  deca_device.o(i.dwt_writetxfctrl)
    i.dwt_xtaltrim                           0x080014d8   Section        0  deca_device.o(i.dwt_xtaltrim)
    i.final_msg_set_ts                       0x0800150c   Section        0  main.o(i.final_msg_set_ts)
    final_msg_set_ts                         0x0800150d   Thumb Code    26  main.o(i.final_msg_set_ts)
    i.get_rx_timestamp_u64                   0x08001526   Section        0  main.o(i.get_rx_timestamp_u64)
    get_rx_timestamp_u64                     0x08001527   Thumb Code    44  main.o(i.get_rx_timestamp_u64)
    i.get_tx_timestamp_u64                   0x08001552   Section        0  main.o(i.get_tx_timestamp_u64)
    get_tx_timestamp_u64                     0x08001553   Thumb Code    44  main.o(i.get_tx_timestamp_u64)
    i.main                                   0x08001580   Section        0  main.o(i.main)
    i.peripherals_init                       0x080017cc   Section        0  port.o(i.peripherals_init)
    i.portGetTickCnt                         0x080017e4   Section        0  port.o(i.portGetTickCnt)
    i.readfromspi_serial                     0x080017f0   Section        0  deca_spi.o(i.readfromspi_serial)
    i.reset_DW1000                           0x08001870   Section        0  port.o(i.reset_DW1000)
    i.spi_peripheral_init                    0x080018c0   Section        0  port.o(i.spi_peripheral_init)
    spi_peripheral_init                      0x080018c1   Thumb Code    14  port.o(i.spi_peripheral_init)
    i.spi_set_rate_high                      0x080018ce   Section        0  port.o(i.spi_set_rate_high)
    i.spi_set_rate_low                       0x080018d8   Section        0  port.o(i.spi_set_rate_low)
    i.usartinit                              0x080018e4   Section        0  port.o(i.usartinit)
    i.writetospi_serial                      0x08001964   Section        0  deca_spi.o(i.writetospi_serial)
    .constdata                               0x080019e0   Section      174  deca_params_init.o(.constdata)
    .data                                    0x20000000   Section      100  main.o(.data)
    config                                   0x20000000   Data          11  main.o(.data)
    tx_poll_msg                              0x20000010   Data          12  main.o(.data)
    rx_resp_msg                              0x2000001c   Data          15  main.o(.data)
    tx_final_msg                             0x2000002b   Data          24  main.o(.data)
    frame_seq_nb                             0x20000043   Data           1  main.o(.data)
    status_reg                               0x20000044   Data           4  main.o(.data)
    poll_tx_ts                               0x20000048   Data           8  main.o(.data)
    resp_rx_ts                               0x20000050   Data           8  main.o(.data)
    final_tx_ts                              0x20000058   Data           8  main.o(.data)
    n                                        0x20000060   Data           4  main.o(.data)
    .data                                    0x20000064   Section        8  stm32f10x_it.o(.data)
    .data                                    0x2000006c   Section       20  stm32f10x_rcc.o(.data)
    APBAHBPrescTable                         0x2000006c   Data          16  stm32f10x_rcc.o(.data)
    ADCPrescTable                            0x2000007c   Data           4  stm32f10x_rcc.o(.data)
    .data                                    0x20000080   Section       20  system_stm32f10x.o(.data)
    .bss                                     0x20000094   Section       20  main.o(.bss)
    rx_buffer                                0x20000094   Data          20  main.o(.bss)
    .bss                                     0x200000a8   Section       60  deca_device.o(.bss)
    dw1000local                              0x200000a8   Data          60  deca_device.o(.bss)
    STACK                                    0x200000e8   Section     1024  startup_stm32f10x_md.o(STACK)

    Global Symbols

    Symbol Name                              Value     Ov Type        Size  Object(Section)

    BuildAttributes$$THM_ISAv4$P$D$K$B$S$PE$A:L22UL41UL21$X:L11$S22US41US21$IEEE1$IW$USESV6$~STKCKD$USESV7$~SHL$OTIME$ROPI$EBA8$MICROLIB$REQ8$PRES8$EABIv2 0x00000000   Number         0  anon$$obj.o ABSOLUTE
    __ARM_use_no_argv                        0x00000000   Number         0  main.o ABSOLUTE
    __cpp_initialize__aeabi_                  - Undefined Weak Reference
    __cxa_finalize                            - Undefined Weak Reference
    __decompress                              - Undefined Weak Reference
    _clock_init                               - Undefined Weak Reference
    _microlib_exit                            - Undefined Weak Reference
    __Vectors_Size                           0x000000ec   Number         0  startup_stm32f10x_md.o ABSOLUTE
    __Vectors                                0x08000000   Data           4  startup_stm32f10x_md.o(RESET)
    __Vectors_End                            0x080000ec   Data           0  startup_stm32f10x_md.o(RESET)
    __main                                   0x080000ed   Thumb Code     0  entry.o(.ARM.Collect$$$$00000000)
    _main_stk                                0x080000ed   Thumb Code     0  entry2.o(.ARM.Collect$$$$00000001)
    _main_scatterload                        0x080000f1   Thumb Code     0  entry5.o(.ARM.Collect$$$$00000004)
    __main_after_scatterload                 0x080000f5   Thumb Code     0  entry5.o(.ARM.Collect$$$$00000004)
    _main_clock                              0x080000f5   Thumb Code     0  entry7b.o(.ARM.Collect$$$$00000008)
    _main_cpp_init                           0x080000f5   Thumb Code     0  entry8b.o(.ARM.Collect$$$$0000000A)
    _main_init                               0x080000f5   Thumb Code     0  entry9a.o(.ARM.Collect$$$$0000000B)
    __rt_final_cpp                           0x080000fd   Thumb Code     0  entry10a.o(.ARM.Collect$$$$0000000D)
    __rt_final_exit                          0x080000fd   Thumb Code     0  entry11a.o(.ARM.Collect$$$$0000000F)
    Reset_Handler                            0x08000101   Thumb Code     8  startup_stm32f10x_md.o(.text)
    NMI_Handler                              0x08000109   Thumb Code     2  startup_stm32f10x_md.o(.text)
    HardFault_Handler                        0x0800010b   Thumb Code     2  startup_stm32f10x_md.o(.text)
    MemManage_Handler                        0x0800010d   Thumb Code     2  startup_stm32f10x_md.o(.text)
    BusFault_Handler                         0x0800010f   Thumb Code     2  startup_stm32f10x_md.o(.text)
    UsageFault_Handler                       0x08000111   Thumb Code     2  startup_stm32f10x_md.o(.text)
    SVC_Handler                              0x08000113   Thumb Code     2  startup_stm32f10x_md.o(.text)
    DebugMon_Handler                         0x08000115   Thumb Code     2  startup_stm32f10x_md.o(.text)
    PendSV_Handler                           0x08000117   Thumb Code     2  startup_stm32f10x_md.o(.text)
    ADC1_2_IRQHandler                        0x0800011b   Thumb Code     0  startup_stm32f10x_md.o(.text)
    CAN1_RX1_IRQHandler                      0x0800011b   Thumb Code     0  startup_stm32f10x_md.o(.text)
    CAN1_SCE_IRQHandler                      0x0800011b   Thumb Code     0  startup_stm32f10x_md.o(.text)
    DMA1_Channel1_IRQHandler                 0x0800011b   Thumb Code     0  startup_stm32f10x_md.o(.text)
    DMA1_Channel2_IRQHandler                 0x0800011b   Thumb Code     0  startup_stm32f10x_md.o(.text)
    DMA1_Channel3_IRQHandler                 0x0800011b   Thumb Code     0  startup_stm32f10x_md.o(.text)
    DMA1_Channel4_IRQHandler                 0x0800011b   Thumb Code     0  startup_stm32f10x_md.o(.text)
    DMA1_Channel5_IRQHandler                 0x0800011b   Thumb Code     0  startup_stm32f10x_md.o(.text)
    DMA1_Channel6_IRQHandler                 0x0800011b   Thumb Code     0  startup_stm32f10x_md.o(.text)
    DMA1_Channel7_IRQHandler                 0x0800011b   Thumb Code     0  startup_stm32f10x_md.o(.text)
    EXTI0_IRQHandler                         0x0800011b   Thumb Code     0  startup_stm32f10x_md.o(.text)
    EXTI15_10_IRQHandler                     0x0800011b   Thumb Code     0  startup_stm32f10x_md.o(.text)
    EXTI1_IRQHandler                         0x0800011b   Thumb Code     0  startup_stm32f10x_md.o(.text)
    EXTI2_IRQHandler                         0x0800011b   Thumb Code     0  startup_stm32f10x_md.o(.text)
    EXTI3_IRQHandler                         0x0800011b   Thumb Code     0  startup_stm32f10x_md.o(.text)
    EXTI4_IRQHandler                         0x0800011b   Thumb Code     0  startup_stm32f10x_md.o(.text)
    EXTI9_5_IRQHandler                       0x0800011b   Thumb Code     0  startup_stm32f10x_md.o(.text)
    FLASH_IRQHandler                         0x0800011b   Thumb Code     0  startup_stm32f10x_md.o(.text)
    I2C1_ER_IRQHandler                       0x0800011b   Thumb Code     0  startup_stm32f10x_md.o(.text)
    I2C1_EV_IRQHandler                       0x0800011b   Thumb Code     0  startup_stm32f10x_md.o(.text)
    I2C2_ER_IRQHandler                       0x0800011b   Thumb Code     0  startup_stm32f10x_md.o(.text)
    I2C2_EV_IRQHandler                       0x0800011b   Thumb Code     0  startup_stm32f10x_md.o(.text)
    PVD_IRQHandler                           0x0800011b   Thumb Code     0  startup_stm32f10x_md.o(.text)
    RCC_IRQHandler                           0x0800011b   Thumb Code     0  startup_stm32f10x_md.o(.text)
    RTCAlarm_IRQHandler                      0x0800011b   Thumb Code     0  startup_stm32f10x_md.o(.text)
    RTC_IRQHandler                           0x0800011b   Thumb Code     0  startup_stm32f10x_md.o(.text)
    SPI1_IRQHandler                          0x0800011b   Thumb Code     0  startup_stm32f10x_md.o(.text)
    SPI2_IRQHandler                          0x0800011b   Thumb Code     0  startup_stm32f10x_md.o(.text)
    TAMPER_IRQHandler                        0x0800011b   Thumb Code     0  startup_stm32f10x_md.o(.text)
    TIM1_BRK_IRQHandler                      0x0800011b   Thumb Code     0  startup_stm32f10x_md.o(.text)
    TIM1_CC_IRQHandler                       0x0800011b   Thumb Code     0  startup_stm32f10x_md.o(.text)
    TIM1_TRG_COM_IRQHandler                  0x0800011b   Thumb Code     0  startup_stm32f10x_md.o(.text)
    TIM1_UP_IRQHandler                       0x0800011b   Thumb Code     0  startup_stm32f10x_md.o(.text)
    TIM2_IRQHandler                          0x0800011b   Thumb Code     0  startup_stm32f10x_md.o(.text)
    TIM3_IRQHandler                          0x0800011b   Thumb Code     0  startup_stm32f10x_md.o(.text)
    TIM4_IRQHandler                          0x0800011b   Thumb Code     0  startup_stm32f10x_md.o(.text)
    USART1_IRQHandler                        0x0800011b   Thumb Code     0  startup_stm32f10x_md.o(.text)
    USART2_IRQHandler                        0x0800011b   Thumb Code     0  startup_stm32f10x_md.o(.text)
    USART3_IRQHandler                        0x0800011b   Thumb Code     0  startup_stm32f10x_md.o(.text)
    USBWakeUp_IRQHandler                     0x0800011b   Thumb Code     0  startup_stm32f10x_md.o(.text)
    USB_HP_CAN1_TX_IRQHandler                0x0800011b   Thumb Code     0  startup_stm32f10x_md.o(.text)
    USB_LP_CAN1_RX0_IRQHandler               0x0800011b   Thumb Code     0  startup_stm32f10x_md.o(.text)
    WWDG_IRQHandler                          0x0800011b   Thumb Code     0  startup_stm32f10x_md.o(.text)
    memcmp                                   0x08000125   Thumb Code    26  memcmp.o(.text)
    __scatterload                            0x08000141   Thumb Code    28  init.o(.text)
    __scatterload_rt2                        0x08000141   Thumb Code     0  init.o(.text)
    EXTI_GetITEnStatus                       0x08000165   Thumb Code    24  port.o(i.EXTI_GetITEnStatus)
    FLASH_PrefetchBufferCmd                  0x08000181   Thumb Code    22  stm32f10x_flash.o(i.FLASH_PrefetchBufferCmd)
    FLASH_SetLatency                         0x0800019d   Thumb Code    18  stm32f10x_flash.o(i.FLASH_SetLatency)
    GPIO_Configuration                       0x080001b5   Thumb Code   142  port.o(i.GPIO_Configuration)
    GPIO_Init                                0x08000255   Thumb Code   278  stm32f10x_gpio.o(i.GPIO_Init)
    GPIO_PinRemapConfig                      0x0800036d   Thumb Code   138  stm32f10x_gpio.o(i.GPIO_PinRemapConfig)
    GPIO_ResetBits                           0x080003fd   Thumb Code     4  stm32f10x_gpio.o(i.GPIO_ResetBits)
    GPIO_SetBits                             0x08000401   Thumb Code     4  stm32f10x_gpio.o(i.GPIO_SetBits)
    RCC_ADCCLKConfig                         0x0800042d   Thumb Code    18  stm32f10x_rcc.o(i.RCC_ADCCLKConfig)
    RCC_APB1PeriphClockCmd                   0x08000445   Thumb Code    26  stm32f10x_rcc.o(i.RCC_APB1PeriphClockCmd)
    RCC_APB1PeriphResetCmd                   0x08000465   Thumb Code    26  stm32f10x_rcc.o(i.RCC_APB1PeriphResetCmd)
    RCC_APB2PeriphClockCmd                   0x08000485   Thumb Code    26  stm32f10x_rcc.o(i.RCC_APB2PeriphClockCmd)
    RCC_APB2PeriphResetCmd                   0x080004a5   Thumb Code    26  stm32f10x_rcc.o(i.RCC_APB2PeriphResetCmd)
    RCC_Configuration                        0x080004c5   Thumb Code   104  port.o(i.RCC_Configuration)
    RCC_DeInit                               0x0800052d   Thumb Code    64  stm32f10x_rcc.o(i.RCC_DeInit)
    RCC_GetClocksFreq                        0x08000579   Thumb Code   192  stm32f10x_rcc.o(i.RCC_GetClocksFreq)
    RCC_GetFlagStatus                        0x0800064d   Thumb Code    56  stm32f10x_rcc.o(i.RCC_GetFlagStatus)
    RCC_HCLKConfig                           0x08000689   Thumb Code    18  stm32f10x_rcc.o(i.RCC_HCLKConfig)
    RCC_HSEConfig                            0x080006a1   Thumb Code    70  stm32f10x_rcc.o(i.RCC_HSEConfig)
    RCC_PCLK1Config                          0x080006ed   Thumb Code    18  stm32f10x_rcc.o(i.RCC_PCLK1Config)
    RCC_PCLK2Config                          0x08000705   Thumb Code    20  stm32f10x_rcc.o(i.RCC_PCLK2Config)
    RCC_WaitForHSEStartUp                    0x0800071d   Thumb Code    56  stm32f10x_rcc.o(i.RCC_WaitForHSEStartUp)
    SPI_ChangeRate                           0x08000755   Thumb Code    22  port.o(i.SPI_ChangeRate)
    SPI_Cmd                                  0x08000771   Thumb Code    24  stm32f10x_spi.o(i.SPI_Cmd)
    SPI_Configuration                        0x08000789   Thumb Code   172  port.o(i.SPI_Configuration)
    SPI_I2S_DeInit                           0x0800083d   Thumb Code    76  stm32f10x_spi.o(i.SPI_I2S_DeInit)
    SPI_Init                                 0x08000895   Thumb Code    60  stm32f10x_spi.o(i.SPI_Init)
    SPI_SSOutputCmd                          0x080008d1   Thumb Code    24  stm32f10x_spi.o(i.SPI_SSOutputCmd)
    SysTick_Configuration                    0x080009d1   Thumb Code    78  port.o(i.SysTick_Configuration)
    SysTick_Handler                          0x08000a25   Thumb Code    64  stm32f10x_it.o(i.SysTick_Handler)
    SystemInit                               0x08000a75   Thumb Code    78  system_stm32f10x.o(i.SystemInit)
    USART_Cmd                                0x08000ad5   Thumb Code    24  stm32f10x_usart.o(i.USART_Cmd)
    USART_Init                               0x08000aed   Thumb Code   210  stm32f10x_usart.o(i.USART_Init)
    __scatterload_copy                       0x08000bc5   Thumb Code    14  handlers.o(i.__scatterload_copy)
    __scatterload_null                       0x08000bd3   Thumb Code     2  handlers.o(i.__scatterload_null)
    __scatterload_zeroinit                   0x08000bd5   Thumb Code    14  handlers.o(i.__scatterload_zeroinit)
    _dwt_configlde                           0x08000be3   Thumb Code    56  deca_device.o(i._dwt_configlde)
    _dwt_enableclocks                        0x08000c1b   Thumb Code   228  deca_device.o(i._dwt_enableclocks)
    _dwt_loaducodefromrom                    0x08000cff   Thumb Code    52  deca_device.o(i._dwt_loaducodefromrom)
    _dwt_otpread                             0x08000d33   Thumb Code    78  deca_device.o(i._dwt_otpread)
    deca_sleep                               0x08000d81   Thumb Code    24  deca_sleep.o(i.deca_sleep)
    decamutexoff                             0x08000d99   Thumb Code    28  deca_mutex.o(i.decamutexoff)
    decamutexon                              0x08000db5   Thumb Code    34  deca_mutex.o(i.decamutexon)
    dwt_configure                            0x08000ddd   Thumb Code   540  deca_device.o(i.dwt_configure)
    dwt_entersleepaftertx                    0x08001025   Thumb Code    38  deca_device.o(i.dwt_entersleepaftertx)
    dwt_initialise                           0x0800104d   Thumb Code   272  deca_device.o(i.dwt_initialise)
    dwt_read16bitoffsetreg                   0x08001165   Thumb Code    44  deca_device.o(i.dwt_read16bitoffsetreg)
    dwt_read32bitoffsetreg                   0x08001191   Thumb Code    56  deca_device.o(i.dwt_read32bitoffsetreg)
    dwt_readdevid                            0x080011c9   Thumb Code    12  deca_device.o(i.dwt_readdevid)
    dwt_readfromdevice                       0x080011d5   Thumb Code   100  deca_device.o(i.dwt_readfromdevice)
    dwt_readrxdata                           0x08001239   Thumb Code    22  deca_device.o(i.dwt_readrxdata)
    dwt_readrxtimestamp                      0x0800124f   Thumb Code    18  deca_device.o(i.dwt_readrxtimestamp)
    dwt_readtxtimestamp                      0x08001261   Thumb Code    18  deca_device.o(i.dwt_readtxtimestamp)
    dwt_setdelayedtrxtime                    0x08001273   Thumb Code    16  deca_device.o(i.dwt_setdelayedtrxtime)
    dwt_setrxaftertxdelay                    0x08001283   Thumb Code    36  deca_device.o(i.dwt_setrxaftertxdelay)
    dwt_setrxantennadelay                    0x080012a7   Thumb Code    18  deca_device.o(i.dwt_setrxantennadelay)
    dwt_setrxtimeout                         0x080012b9   Thumb Code   102  deca_device.o(i.dwt_setrxtimeout)
    dwt_settxantennadelay                    0x08001325   Thumb Code    16  deca_device.o(i.dwt_settxantennadelay)
    dwt_starttx                              0x08001335   Thumb Code   150  deca_device.o(i.dwt_starttx)
    dwt_write16bitoffsetreg                  0x080013d1   Thumb Code    38  deca_device.o(i.dwt_write16bitoffsetreg)
    dwt_write32bitoffsetreg                  0x080013f7   Thumb Code    48  deca_device.o(i.dwt_write32bitoffsetreg)
    dwt_writetodevice                        0x08001427   Thumb Code   104  deca_device.o(i.dwt_writetodevice)
    dwt_writetxdata                          0x0800148f   Thumb Code    38  deca_device.o(i.dwt_writetxdata)
    dwt_writetxfctrl                         0x080014b5   Thumb Code    30  deca_device.o(i.dwt_writetxfctrl)
    dwt_xtaltrim                             0x080014d9   Thumb Code    52  deca_device.o(i.dwt_xtaltrim)
    main                                     0x08001581   Thumb Code   522  main.o(i.main)
    peripherals_init                         0x080017cd   Thumb Code    24  port.o(i.peripherals_init)
    portGetTickCnt                           0x080017e5   Thumb Code     6  port.o(i.portGetTickCnt)
    readfromspi_serial                       0x080017f1   Thumb Code   118  deca_spi.o(i.readfromspi_serial)
    reset_DW1000                             0x08001871   Thumb Code    76  port.o(i.reset_DW1000)
    spi_set_rate_high                        0x080018cf   Thumb Code    10  port.o(i.spi_set_rate_high)
    spi_set_rate_low                         0x080018d9   Thumb Code    10  port.o(i.spi_set_rate_low)
    usartinit                                0x080018e5   Thumb Code   118  port.o(i.usartinit)
    writetospi_serial                        0x08001965   Thumb Code   116  deca_spi.o(i.writetospi_serial)
    chan_idx                                 0x080019e0   Data           8  deca_params_init.o(.constdata)
    tx_config                                0x080019e8   Data          24  deca_params_init.o(.constdata)
    pll2_config                              0x08001a00   Data          30  deca_params_init.o(.constdata)
    rx_config                                0x08001a1e   Data           2  deca_params_init.o(.constdata)
    agc_config                               0x08001a20   Data           8  deca_params_init.o(.constdata)
    dwnsSFDlen                               0x08001a28   Data           3  deca_params_init.o(.constdata)
    sftsh                                    0x08001a2c   Data          12  deca_params_init.o(.constdata)
    dtune1                                   0x08001a38   Data           4  deca_params_init.o(.constdata)
    digital_bb_config                        0x08001a3c   Data          32  deca_params_init.o(.constdata)
    lde_replicaCoeff                         0x08001a5c   Data          50  deca_params_init.o(.constdata)
    Region$$Table$$Base                      0x08001a90   Number         0  anon$$obj.o(Region$$Table)
    Region$$Table$$Limit                     0x08001ab0   Number         0  anon$$obj.o(Region$$Table)
    TX_ANT_DLY                               0x2000000c   Data           2  main.o(.data)
    RX_ANT_DLY                               0x2000000e   Data           2  main.o(.data)
    time32_incr                              0x20000064   Data           4  stm32f10x_it.o(.data)
    time32_reset                             0x20000068   Data           4  stm32f10x_it.o(.data)
    SystemCoreClock                          0x20000080   Data           4  system_stm32f10x.o(.data)
    AHBPrescTable                            0x20000084   Data          16  system_stm32f10x.o(.data)
    __initial_sp                             0x200004e8   Data           0  startup_stm32f10x_md.o(STACK)



==============================================================================

Memory Map of the image

  Image Entry point : 0x080000ed

  Load Region LR_IROM1 (Base: 0x08000000, Size: 0x00001b44, Max: 0x00020000, ABSOLUTE)

    Execution Region ER_IROM1 (Base: 0x08000000, Size: 0x00001ab0, Max: 0x00020000, ABSOLUTE)

    Base Addr    Size         Type   Attr      Idx    E Section Name        Object

    0x08000000   0x000000ec   Data   RO         3390    RESET               startup_stm32f10x_md.o
    0x080000ec   0x00000000   Code   RO         4063  * .ARM.Collect$$$$00000000  mc_w.l(entry.o)
    0x080000ec   0x00000004   Code   RO         4076    .ARM.Collect$$$$00000001  mc_w.l(entry2.o)
    0x080000f0   0x00000004   Code   RO         4079    .ARM.Collect$$$$00000004  mc_w.l(entry5.o)
    0x080000f4   0x00000000   Code   RO         4081    .ARM.Collect$$$$00000008  mc_w.l(entry7b.o)
    0x080000f4   0x00000000   Code   RO         4083    .ARM.Collect$$$$0000000A  mc_w.l(entry8b.o)
    0x080000f4   0x00000008   Code   RO         4084    .ARM.Collect$$$$0000000B  mc_w.l(entry9a.o)
    0x080000fc   0x00000000   Code   RO         4086    .ARM.Collect$$$$0000000D  mc_w.l(entry10a.o)
    0x080000fc   0x00000000   Code   RO         4088    .ARM.Collect$$$$0000000F  mc_w.l(entry11a.o)
    0x080000fc   0x00000004   Code   RO         4077    .ARM.Collect$$$$00002712  mc_w.l(entry2.o)
    0x08000100   0x00000024   Code   RO         3391    .text               startup_stm32f10x_md.o
    0x08000124   0x0000001a   Code   RO         4066    .text               mc_w.l(memcmp.o)
    0x0800013e   0x00000002   PAD
    0x08000140   0x00000024   Code   RO         4097    .text               mc_w.l(init.o)
    0x08000164   0x0000001c   Code   RO          191    i.EXTI_GetITEnStatus  port.o
    0x08000180   0x0000001c   Code   RO         1240    i.FLASH_PrefetchBufferCmd  stm32f10x_flash.o
    0x0800019c   0x00000018   Code   RO         1245    i.FLASH_SetLatency  stm32f10x_flash.o
    0x080001b4   0x000000a0   Code   RO          192    i.GPIO_Configuration  port.o
    0x08000254   0x00000116   Code   RO         1523    i.GPIO_Init         stm32f10x_gpio.o
    0x0800036a   0x00000002   PAD
    0x0800036c   0x00000090   Code   RO         1525    i.GPIO_PinRemapConfig  stm32f10x_gpio.o
    0x080003fc   0x00000004   Code   RO         1530    i.GPIO_ResetBits    stm32f10x_gpio.o
    0x08000400   0x00000004   Code   RO         1531    i.GPIO_SetBits      stm32f10x_gpio.o
    0x08000404   0x00000028   Code   RO          196    i.NVIC_SetPriority  port.o
    0x0800042c   0x00000018   Code   RO         1937    i.RCC_ADCCLKConfig  stm32f10x_rcc.o
    0x08000444   0x00000020   Code   RO         1939    i.RCC_APB1PeriphClockCmd  stm32f10x_rcc.o
    0x08000464   0x00000020   Code   RO         1940    i.RCC_APB1PeriphResetCmd  stm32f10x_rcc.o
    0x08000484   0x00000020   Code   RO         1941    i.RCC_APB2PeriphClockCmd  stm32f10x_rcc.o
    0x080004a4   0x00000020   Code   RO         1942    i.RCC_APB2PeriphResetCmd  stm32f10x_rcc.o
    0x080004c4   0x00000068   Code   RO          198    i.RCC_Configuration  port.o
    0x0800052c   0x0000004c   Code   RO         1948    i.RCC_DeInit        stm32f10x_rcc.o
    0x08000578   0x000000d4   Code   RO         1949    i.RCC_GetClocksFreq  stm32f10x_rcc.o
    0x0800064c   0x0000003c   Code   RO         1950    i.RCC_GetFlagStatus  stm32f10x_rcc.o
    0x08000688   0x00000018   Code   RO         1953    i.RCC_HCLKConfig    stm32f10x_rcc.o
    0x080006a0   0x0000004c   Code   RO         1954    i.RCC_HSEConfig     stm32f10x_rcc.o
    0x080006ec   0x00000018   Code   RO         1960    i.RCC_PCLK1Config   stm32f10x_rcc.o
    0x08000704   0x00000018   Code   RO         1961    i.RCC_PCLK2Config   stm32f10x_rcc.o
    0x0800071c   0x00000038   Code   RO         1968    i.RCC_WaitForHSEStartUp  stm32f10x_rcc.o
    0x08000754   0x0000001c   Code   RO          201    i.SPI_ChangeRate    port.o
    0x08000770   0x00000018   Code   RO         2418    i.SPI_Cmd           stm32f10x_spi.o
    0x08000788   0x000000b4   Code   RO          203    i.SPI_Configuration  port.o
    0x0800083c   0x00000058   Code   RO         2425    i.SPI_I2S_DeInit    stm32f10x_spi.o
    0x08000894   0x0000003c   Code   RO         2431    i.SPI_Init          stm32f10x_spi.o
    0x080008d0   0x00000018   Code   RO         2433    i.SPI_SSOutputCmd   stm32f10x_spi.o
    0x080008e8   0x00000008   Code   RO         3339    i.SetSysClock       system_stm32f10x.o
    0x080008f0   0x000000e0   Code   RO         3340    i.SetSysClockTo72   system_stm32f10x.o
    0x080009d0   0x00000054   Code   RO          204    i.SysTick_Configuration  port.o
    0x08000a24   0x00000050   Code   RO          150    i.SysTick_Handler   stm32f10x_it.o
    0x08000a74   0x00000060   Code   RO         3342    i.SystemInit        system_stm32f10x.o
    0x08000ad4   0x00000018   Code   RO         3109    i.USART_Cmd         stm32f10x_usart.o
    0x08000aec   0x000000d8   Code   RO         3116    i.USART_Init        stm32f10x_usart.o
    0x08000bc4   0x0000000e   Code   RO         4103    i.__scatterload_copy  mc_w.l(handlers.o)
    0x08000bd2   0x00000002   Code   RO         4104    i.__scatterload_null  mc_w.l(handlers.o)
    0x08000bd4   0x0000000e   Code   RO         4105    i.__scatterload_zeroinit  mc_w.l(handlers.o)
    0x08000be2   0x00000038   Code   RO         3397    i._dwt_configlde    deca_device.o
    0x08000c1a   0x000000e4   Code   RO         3399    i._dwt_enableclocks  deca_device.o
    0x08000cfe   0x00000034   Code   RO         3400    i._dwt_loaducodefromrom  deca_device.o
    0x08000d32   0x0000004e   Code   RO         3402    i._dwt_otpread      deca_device.o
    0x08000d80   0x00000018   Code   RO         3968    i.deca_sleep        deca_sleep.o
    0x08000d98   0x0000001c   Code   RO         3946    i.decamutexoff      deca_mutex.o
    0x08000db4   0x00000028   Code   RO         3947    i.decamutexon       deca_mutex.o
    0x08000ddc   0x00000248   Code   RO         3410    i.dwt_configure     deca_device.o
    0x08001024   0x00000026   Code   RO         3417    i.dwt_entersleepaftertx  deca_device.o
    0x0800104a   0x00000002   PAD
    0x0800104c   0x00000118   Code   RO         3422    i.dwt_initialise    deca_device.o
    0x08001164   0x0000002c   Code   RO         3428    i.dwt_read16bitoffsetreg  deca_device.o
    0x08001190   0x00000038   Code   RO         3429    i.dwt_read32bitoffsetreg  deca_device.o
    0x080011c8   0x0000000c   Code   RO         3431    i.dwt_readdevid     deca_device.o
    0x080011d4   0x00000064   Code   RO         3434    i.dwt_readfromdevice  deca_device.o
    0x08001238   0x00000016   Code   RO         3435    i.dwt_readrxdata    deca_device.o
    0x0800124e   0x00000012   Code   RO         3436    i.dwt_readrxtimestamp  deca_device.o
    0x08001260   0x00000012   Code   RO         3442    i.dwt_readtxtimestamp  deca_device.o
    0x08001272   0x00000010   Code   RO         3456    i.dwt_setdelayedtrxtime  deca_device.o
    0x08001282   0x00000024   Code   RO         3462    i.dwt_setrxaftertxdelay  deca_device.o
    0x080012a6   0x00000012   Code   RO         3463    i.dwt_setrxantennadelay  deca_device.o
    0x080012b8   0x0000006c   Code   RO         3465    i.dwt_setrxtimeout  deca_device.o
    0x08001324   0x00000010   Code   RO         3467    i.dwt_settxantennadelay  deca_device.o
    0x08001334   0x0000009c   Code   RO         3470    i.dwt_starttx       deca_device.o
    0x080013d0   0x00000026   Code   RO         3472    i.dwt_write16bitoffsetreg  deca_device.o
    0x080013f6   0x00000030   Code   RO         3473    i.dwt_write32bitoffsetreg  deca_device.o
    0x08001426   0x00000068   Code   RO         3474    i.dwt_writetodevice  deca_device.o
    0x0800148e   0x00000026   Code   RO         3475    i.dwt_writetxdata   deca_device.o
    0x080014b4   0x00000024   Code   RO         3476    i.dwt_writetxfctrl  deca_device.o
    0x080014d8   0x00000034   Code   RO         3477    i.dwt_xtaltrim      deca_device.o
    0x0800150c   0x0000001a   Code   RO            1    i.final_msg_set_ts  main.o
    0x08001526   0x0000002c   Code   RO            2    i.get_rx_timestamp_u64  main.o
    0x08001552   0x0000002c   Code   RO            3    i.get_tx_timestamp_u64  main.o
    0x0800157e   0x00000002   PAD
    0x08001580   0x0000024c   Code   RO            4    i.main              main.o
    0x080017cc   0x00000018   Code   RO          210    i.peripherals_init  port.o
    0x080017e4   0x0000000c   Code   RO          211    i.portGetTickCnt    port.o
    0x080017f0   0x00000080   Code   RO         3982    i.readfromspi_serial  deca_spi.o
    0x08001870   0x00000050   Code   RO          212    i.reset_DW1000      port.o
    0x080018c0   0x0000000e   Code   RO          214    i.spi_peripheral_init  port.o
    0x080018ce   0x0000000a   Code   RO          215    i.spi_set_rate_high  port.o
    0x080018d8   0x0000000a   Code   RO          216    i.spi_set_rate_low  port.o
    0x080018e2   0x00000002   PAD
    0x080018e4   0x00000080   Code   RO          217    i.usartinit         port.o
    0x08001964   0x0000007c   Code   RO         3983    i.writetospi_serial  deca_spi.o
    0x080019e0   0x000000ae   Data   RO         3908    .constdata          deca_params_init.o
    0x08001a8e   0x00000002   PAD
    0x08001a90   0x00000020   Data   RO         4101    Region$$Table       anon$$obj.o


    Execution Region RW_IRAM1 (Base: 0x20000000, Size: 0x000004e8, Max: 0x00005000, ABSOLUTE)

    Base Addr    Size         Type   Attr      Idx    E Section Name        Object

    0x20000000   0x00000064   Data   RW            6    .data               main.o
    0x20000064   0x00000008   Data   RW          151    .data               stm32f10x_it.o
    0x2000006c   0x00000014   Data   RW         1969    .data               stm32f10x_rcc.o
    0x20000080   0x00000014   Data   RW         3343    .data               system_stm32f10x.o
    0x20000094   0x00000014   Zero   RW            5    .bss                main.o
    0x200000a8   0x0000003c   Zero   RW         3478    .bss                deca_device.o
    0x200000e4   0x00000004   PAD
    0x200000e8   0x00000400   Zero   RW         3388    STACK               startup_stm32f10x_md.o


==============================================================================

Image component sizes


      Code (inc. data)   RO Data    RW Data    ZI Data      Debug   Object Name

         0          0          0          0          0         32   core_cm3.o
      2252         84          0          0         60      21766   deca_device.o
        68          6          0          0          0      16444   deca_mutex.o
         0          0        174          0          0       1929   deca_params_init.o
        24          0          0          0          0        589   deca_sleep.o
       252         18          0          0          0       5765   deca_spi.o
       702         66          0        100         20     244147   main.o
       902         70          0          0          0      23744   port.o
        36          8        236          0       1024        924   startup_stm32f10x_md.o
        52         12          0          0          0       1253   stm32f10x_flash.o
       430          6          0          0          0       4274   stm32f10x_gpio.o
        80         16          0          8          0     217848   stm32f10x_it.o
       704         88          0         20          0      11253   stm32f10x_rcc.o
       196         12          0          0          0       3668   stm32f10x_spi.o
       240          6          0          0          0       3093   stm32f10x_usart.o
       328         28          0         20          0       2285   system_stm32f10x.o

    ----------------------------------------------------------------------
      6274        420        444        148       1108     559014   Object Totals
         0          0         32          0          0          0   (incl. Generated)
         8          0          2          0          4          0   (incl. Padding)

    ----------------------------------------------------------------------

      Code (inc. data)   RO Data    RW Data    ZI Data      Debug   Library Member Name

         0          0          0          0          0          0   entry.o
         0          0          0          0          0          0   entry10a.o
         0          0          0          0          0          0   entry11a.o
         8          4          0          0          0          0   entry2.o
         4          0          0          0          0          0   entry5.o
         0          0          0          0          0          0   entry7b.o
         0          0          0          0          0          0   entry8b.o
         8          4          0          0          0          0   entry9a.o
        30          0          0          0          0          0   handlers.o
        36          8          0          0          0         68   init.o
        26          0          0          0          0         80   memcmp.o

    ----------------------------------------------------------------------
       114         16          0          0          0        148   Library Totals
         2          0          0          0          0          0   (incl. Padding)

    ----------------------------------------------------------------------

      Code (inc. data)   RO Data    RW Data    ZI Data      Debug   Library Name

       112         16          0          0          0        148   mc_w.l

    ----------------------------------------------------------------------
       114         16          0          0          0        148   Library Totals

    ----------------------------------------------------------------------

==============================================================================


      Code (inc. data)   RO Data    RW Data    ZI Data      Debug   

      6388        436        444        148       1108     555466   Grand Totals
      6388        436        444        148       1108     555466   ELF Image Totals
      6388        436        444        148          0          0   ROM Totals

==============================================================================

    Total RO  Size (Code + RO Data)                 6832 (   6.67kB)
    Total RW  Size (RW Data + ZI Data)              1256 (   1.23kB)
    Total ROM Size (Code + RO Data + RW Data)       6980 (   6.82kB)

==============================================================================

