Component: ARM Compiler 5.05 update 1 (build 106) Tool: armlink [4d0efa]

==============================================================================

Section Cross References

    main.o(i.Setdelay) refers to printfa.o(i.__0printf) for __2printf
    main.o(i.Setdelay) refers to main.o(.data) for temp
    main.o(i.Setdelay) refers to usart.o(.data) for USART_RX_STA
    main.o(i.Setdelay) refers to usart.o(.bss) for USART_RX_BUF
    main.o(i.Setdelay) refers to ds_ranging.o(.data) for TX_ANT_DLY
    main.o(i.filter) refers to memseta.o(.text) for __aeabi_memclr4
    main.o(i.filter) refers to cdrcmple.o(.text) for __aeabi_cdrcmple
    main.o(i.filter) refers to dadd.o(.text) for __aeabi_dadd
    main.o(i.filter) refers to ddiv.o(.text) for __aeabi_ddiv
    main.o(i.main) refers to memseta.o(.text) for __aeabi_memclr4
    main.o(i.main) refers to misc.o(i.NVIC_PriorityGroupConfig) for NVIC_PriorityGroupConfig
    main.o(i.main) refers to usart.o(i.uart_init) for uart_init
    main.o(i.main) refers to ds_ranging.o(i.InitDS_R) for InitDS_R
    main.o(i.main) refers to printfa.o(i.__0printf) for __2printf
    main.o(i.main) refers to main.o(i.Setdelay) for Setdelay
    main.o(i.main) refers to ds_ranging.o(i.get_sys_timestamp_u64) for get_sys_timestamp_u64
    main.o(i.main) refers to dfltul.o(.text) for __aeabi_ul2d
    main.o(i.main) refers to dmul.o(.text) for __aeabi_dmul
    main.o(i.main) refers to ds_ranging.o(i.DS_R) for DS_R
    main.o(i.main) refers to main.o(i.filter) for filter
    main.o(i.main) refers to dadd.o(.text) for __aeabi_dsub
    main.o(i.main) refers to main.o(.data) for temp
    stm32f10x_it.o(i.SysTick_Handler) refers to stm32f10x_it.o(.data) for time32_incr
    port.o(i.GPIO_Configuration) refers to stm32f10x_rcc.o(i.RCC_APB2PeriphClockCmd) for RCC_APB2PeriphClockCmd
    port.o(i.GPIO_Configuration) refers to stm32f10x_gpio.o(i.GPIO_Init) for GPIO_Init
    port.o(i.GPIO_Configuration) refers to stm32f10x_gpio.o(i.GPIO_PinRemapConfig) for GPIO_PinRemapConfig
    port.o(i.NVIC_Configuration) refers to stm32f10x_gpio.o(i.GPIO_Init) for GPIO_Init
    port.o(i.NVIC_Configuration) refers to stm32f10x_gpio.o(i.GPIO_EXTILineConfig) for GPIO_EXTILineConfig
    port.o(i.NVIC_Configuration) refers to stm32f10x_exti.o(i.EXTI_Init) for EXTI_Init
    port.o(i.NVIC_Configuration) refers to misc.o(i.NVIC_PriorityGroupConfig) for NVIC_PriorityGroupConfig
    port.o(i.NVIC_Configuration) refers to misc.o(i.NVIC_Init) for NVIC_Init
    port.o(i.NVIC_DisableDECAIRQ) refers to stm32f10x_exti.o(i.EXTI_Init) for EXTI_Init
    port.o(i.RCC_Configuration) refers to stm32f10x_rcc.o(i.RCC_DeInit) for RCC_DeInit
    port.o(i.RCC_Configuration) refers to stm32f10x_rcc.o(i.RCC_HSEConfig) for RCC_HSEConfig
    port.o(i.RCC_Configuration) refers to stm32f10x_rcc.o(i.RCC_WaitForHSEStartUp) for RCC_WaitForHSEStartUp
    port.o(i.RCC_Configuration) refers to system_stm32f10x.o(i.SystemInit) for SystemInit
    port.o(i.RCC_Configuration) refers to stm32f10x_flash.o(i.FLASH_PrefetchBufferCmd) for FLASH_PrefetchBufferCmd
    port.o(i.RCC_Configuration) refers to stm32f10x_flash.o(i.FLASH_SetLatency) for FLASH_SetLatency
    port.o(i.RCC_Configuration) refers to stm32f10x_rcc.o(i.RCC_HCLKConfig) for RCC_HCLKConfig
    port.o(i.RCC_Configuration) refers to stm32f10x_rcc.o(i.RCC_PCLK2Config) for RCC_PCLK2Config
    port.o(i.RCC_Configuration) refers to stm32f10x_rcc.o(i.RCC_PCLK1Config) for RCC_PCLK1Config
    port.o(i.RCC_Configuration) refers to stm32f10x_rcc.o(i.RCC_ADCCLKConfig) for RCC_ADCCLKConfig
    port.o(i.RCC_Configuration) refers to stm32f10x_rcc.o(i.RCC_GetClocksFreq) for RCC_GetClocksFreq
    port.o(i.RCC_Configuration) refers to stm32f10x_rcc.o(i.RCC_APB2PeriphClockCmd) for RCC_APB2PeriphClockCmd
    port.o(i.RCC_Configuration) refers to stm32f10x_rcc.o(i.RCC_APB1PeriphClockCmd) for RCC_APB1PeriphClockCmd
    port.o(i.RTC_Configuration) refers to stm32f10x_rcc.o(i.RCC_APB1PeriphClockCmd) for RCC_APB1PeriphClockCmd
    port.o(i.RTC_Configuration) refers to stm32f10x_pwr.o(i.PWR_BackupAccessCmd) for PWR_BackupAccessCmd
    port.o(i.RTC_Configuration) refers to stm32f10x_bkp.o(i.BKP_DeInit) for BKP_DeInit
    port.o(i.RTC_Configuration) refers to stm32f10x_rcc.o(i.RCC_LSEConfig) for RCC_LSEConfig
    port.o(i.RTC_Configuration) refers to stm32f10x_rcc.o(i.RCC_GetFlagStatus) for RCC_GetFlagStatus
    port.o(i.RTC_Configuration) refers to stm32f10x_rcc.o(i.RCC_RTCCLKConfig) for RCC_RTCCLKConfig
    port.o(i.RTC_Configuration) refers to stm32f10x_rcc.o(i.RCC_RTCCLKCmd) for RCC_RTCCLKCmd
    port.o(i.RTC_Configuration) refers to stm32f10x_rtc.o(i.RTC_WaitForSynchro) for RTC_WaitForSynchro
    port.o(i.RTC_Configuration) refers to stm32f10x_rtc.o(i.RTC_WaitForLastTask) for RTC_WaitForLastTask
    port.o(i.RTC_Configuration) refers to stm32f10x_rtc.o(i.RTC_ITConfig) for RTC_ITConfig
    port.o(i.RTC_Configuration) refers to stm32f10x_rtc.o(i.RTC_SetPrescaler) for RTC_SetPrescaler
[...]
    Removing stm32f10x_sdio.o(i.SDIO_GetFIFOCount), (12 bytes).
    Removing stm32f10x_sdio.o(i.SDIO_GetFlagStatus), (24 bytes).
    Removing stm32f10x_sdio.o(i.SDIO_GetITStatus), (24 bytes).
    Removing stm32f10x_sdio.o(i.SDIO_GetPowerState), (16 bytes).
    Removing stm32f10x_sdio.o(i.SDIO_GetResponse), (24 bytes).
    Removing stm32f10x_sdio.o(i.SDIO_ITConfig), (32 bytes).
    Removing stm32f10x_sdio.o(i.SDIO_Init), (48 bytes).
    Removing stm32f10x_sdio.o(i.SDIO_ReadData), (12 bytes).
    Removing stm32f10x_sdio.o(i.SDIO_SendCEATACmd), (12 bytes).
    Removing stm32f10x_sdio.o(i.SDIO_SendCommand), (44 bytes).
    Removing stm32f10x_sdio.o(i.SDIO_SendSDIOSuspendCmd), (12 bytes).
    Removing stm32f10x_sdio.o(i.SDIO_SetPowerState), (28 bytes).
    Removing stm32f10x_sdio.o(i.SDIO_SetSDIOOperation), (12 bytes).
    Removing stm32f10x_sdio.o(i.SDIO_SetSDIOReadWaitMode), (12 bytes).
    Removing stm32f10x_sdio.o(i.SDIO_StartSDIOReadWait), (12 bytes).
    Removing stm32f10x_sdio.o(i.SDIO_StopSDIOReadWait), (12 bytes).
    Removing stm32f10x_sdio.o(i.SDIO_StructInit), (16 bytes).
    Removing stm32f10x_sdio.o(i.SDIO_WriteData), (12 bytes).
    Removing stm32f10x_spi.o(i.I2S_Cmd), (24 bytes).
    Removing stm32f10x_spi.o(i.I2S_Init), (232 bytes).
    Removing stm32f10x_spi.o(i.I2S_StructInit), (20 bytes).
    Removing stm32f10x_spi.o(i.SPI_BiDirectionalLineConfig), (28 bytes).
    Removing stm32f10x_spi.o(i.SPI_CalculateCRC), (24 bytes).
    Removing stm32f10x_spi.o(i.SPI_DataSizeConfig), (18 bytes).
    Removing stm32f10x_spi.o(i.SPI_GetCRC), (16 bytes).
    Removing stm32f10x_spi.o(i.SPI_GetCRCPolynomial), (6 bytes).
    Removing stm32f10x_spi.o(i.SPI_I2S_ClearFlag), (6 bytes).
    Removing stm32f10x_spi.o(i.SPI_I2S_ClearITPendingBit), (20 bytes).
    Removing stm32f10x_spi.o(i.SPI_I2S_DMACmd), (18 bytes).
    Removing stm32f10x_spi.o(i.SPI_I2S_GetFlagStatus), (18 bytes).
    Removing stm32f10x_spi.o(i.SPI_I2S_GetITStatus), (52 bytes).
    Removing stm32f10x_spi.o(i.SPI_I2S_ITConfig), (32 bytes).
    Removing stm32f10x_spi.o(i.SPI_I2S_ReceiveData), (6 bytes).
    Removing stm32f10x_spi.o(i.SPI_I2S_SendData), (4 bytes).
    Removing stm32f10x_spi.o(i.SPI_NSSInternalSoftwareConfig), (30 bytes).
    Removing stm32f10x_spi.o(i.SPI_StructInit), (24 bytes).
    Removing stm32f10x_spi.o(i.SPI_TransmitCRC), (10 bytes).
    Removing stm32f10x_tim.o(i.TI1_Config), (128 bytes).
    Removing stm32f10x_tim.o(i.TI2_Config), (152 bytes).
    Removing stm32f10x_tim.o(i.TI3_Config), (144 bytes).
    Removing stm32f10x_tim.o(i.TI4_Config), (152 bytes).
    Removing stm32f10x_tim.o(i.TIM_ARRPreloadConfig), (24 bytes).
    Removing stm32f10x_tim.o(i.TIM_BDTRConfig), (32 bytes).
    Removing stm32f10x_tim.o(i.TIM_BDTRStructInit), (18 bytes).
    Removing stm32f10x_tim.o(i.TIM_CCPreloadControl), (24 bytes).
    Removing stm32f10x_tim.o(i.TIM_CCxCmd), (30 bytes).
    Removing stm32f10x_tim.o(i.TIM_CCxNCmd), (30 bytes).
    Removing stm32f10x_tim.o(i.TIM_ClearFlag), (6 bytes).
    Removing stm32f10x_tim.o(i.TIM_ClearITPendingBit), (6 bytes).
    Removing stm32f10x_tim.o(i.TIM_ClearOC1Ref), (18 bytes).
    Removing stm32f10x_tim.o(i.TIM_ClearOC2Ref), (24 bytes).
    Removing stm32f10x_tim.o(i.TIM_ClearOC3Ref), (18 bytes).
    Removing stm32f10x_tim.o(i.TIM_ClearOC4Ref), (24 bytes).
    Removing stm32f10x_tim.o(i.TIM_Cmd), (24 bytes).
    Removing stm32f10x_tim.o(i.TIM_CounterModeConfig), (18 bytes).
    Removing stm32f10x_tim.o(i.TIM_CtrlPWMOutputs), (30 bytes).
    Removing stm32f10x_tim.o(i.TIM_DMACmd), (18 bytes).
    Removing stm32f10x_tim.o(i.TIM_DMAConfig), (10 bytes).
    Removing stm32f10x_tim.o(i.TIM_DeInit), (488 bytes).
    Removing stm32f10x_tim.o(i.TIM_ETRClockMode1Config), (54 bytes).
    Removing stm32f10x_tim.o(i.TIM_ETRClockMode2Config), (32 bytes).
    Removing stm32f10x_tim.o(i.TIM_ETRConfig), (28 bytes).
    Removing stm32f10x_tim.o(i.TIM_EncoderInterfaceConfig), (66 bytes).
    Removing stm32f10x_tim.o(i.TIM_ForcedOC1Config), (18 bytes).
    Removing stm32f10x_tim.o(i.TIM_ForcedOC2Config), (26 bytes).
    Removing stm32f10x_tim.o(i.TIM_ForcedOC3Config), (18 bytes).
    Removing stm32f10x_tim.o(i.TIM_ForcedOC4Config), (26 bytes).
    Removing stm32f10x_tim.o(i.TIM_GenerateEvent), (4 bytes).
    Removing stm32f10x_tim.o(i.TIM_GetCapture1), (6 bytes).
    Removing stm32f10x_tim.o(i.TIM_GetCapture2), (6 bytes).
    Removing stm32f10x_tim.o(i.TIM_GetCapture3), (6 bytes).
    Removing stm32f10x_tim.o(i.TIM_GetCapture4), (8 bytes).
    Removing stm32f10x_tim.o(i.TIM_GetCounter), (6 bytes).
    Removing stm32f10x_tim.o(i.TIM_GetFlagStatus), (18 bytes).
    Removing stm32f10x_tim.o(i.TIM_GetITStatus), (34 bytes).
    Removing stm32f10x_tim.o(i.TIM_GetPrescaler), (6 bytes).
    Removing stm32f10x_tim.o(i.TIM_ICInit), (172 bytes).
    Removing stm32f10x_tim.o(i.TIM_ICStructInit), (18 bytes).
    Removing stm32f10x_tim.o(i.TIM_ITConfig), (18 bytes).
    Removing stm32f10x_tim.o(i.TIM_ITRxExternalClockConfig), (24 bytes).
    Removing stm32f10x_tim.o(i.TIM_InternalClockConfig), (12 bytes).
    Removing stm32f10x_tim.o(i.TIM_OC1FastConfig), (18 bytes).
    Removing stm32f10x_tim.o(i.TIM_OC1Init), (152 bytes).
    Removing stm32f10x_tim.o(i.TIM_OC1NPolarityConfig), (18 bytes).
    Removing stm32f10x_tim.o(i.TIM_OC1PolarityConfig), (18 bytes).
    Removing stm32f10x_tim.o(i.TIM_OC1PreloadConfig), (18 bytes).
    Removing stm32f10x_tim.o(i.TIM_OC2FastConfig), (26 bytes).
    Removing stm32f10x_tim.o(i.TIM_OC2Init), (164 bytes).
    Removing stm32f10x_tim.o(i.TIM_OC2NPolarityConfig), (26 bytes).
    Removing stm32f10x_tim.o(i.TIM_OC2PolarityConfig), (26 bytes).
    Removing stm32f10x_tim.o(i.TIM_OC2PreloadConfig), (26 bytes).
    Removing stm32f10x_tim.o(i.TIM_OC3FastConfig), (18 bytes).
    Removing stm32f10x_tim.o(i.TIM_OC3Init), (160 bytes).
    Removing stm32f10x_tim.o(i.TIM_OC3NPolarityConfig), (26 bytes).
    Removing stm32f10x_tim.o(i.TIM_OC3PolarityConfig), (26 bytes).
    Removing stm32f10x_tim.o(i.TIM_OC3PreloadConfig), (18 bytes).
    Removing stm32f10x_tim.o(i.TIM_OC4FastConfig), (26 bytes).
    Removing stm32f10x_tim.o(i.TIM_OC4Init), (124 bytes).
    Removing stm32f10x_tim.o(i.TIM_OC4PolarityConfig), (26 bytes).
    Removing stm32f10x_tim.o(i.TIM_OC4PreloadConfig), (26 bytes).
    Removing stm32f10x_tim.o(i.TIM_OCStructInit), (20 bytes).
    Removing stm32f10x_tim.o(i.TIM_PWMIConfig), (124 bytes).
    Removing stm32f10x_tim.o(i.TIM_PrescalerConfig), (6 bytes).
    Removing stm32f10x_tim.o(i.TIM_SelectCCDMA), (24 bytes).
    Removing stm32f10x_tim.o(i.TIM_SelectCOM), (24 bytes).
    Removing stm32f10x_tim.o(i.TIM_SelectHallSensor), (24 bytes).
    Removing stm32f10x_tim.o(i.TIM_SelectInputTrigger), (18 bytes).
    Removing stm32f10x_tim.o(i.TIM_SelectMasterSlaveMode), (18 bytes).
    Removing stm32f10x_tim.o(i.TIM_SelectOCxM), (82 bytes).
    Removing stm32f10x_tim.o(i.TIM_SelectOnePulseMode), (18 bytes).
    Removing stm32f10x_tim.o(i.TIM_SelectOutputTrigger), (18 bytes).
    Removing stm32f10x_tim.o(i.TIM_SelectSlaveMode), (18 bytes).
    Removing stm32f10x_tim.o(i.TIM_SetAutoreload), (4 bytes).
    Removing stm32f10x_tim.o(i.TIM_SetClockDivision), (18 bytes).
    Removing stm32f10x_tim.o(i.TIM_SetCompare1), (4 bytes).
    Removing stm32f10x_tim.o(i.TIM_SetCompare2), (4 bytes).
    Removing stm32f10x_tim.o(i.TIM_SetCompare3), (4 bytes).
    Removing stm32f10x_tim.o(i.TIM_SetCompare4), (6 bytes).
    Removing stm32f10x_tim.o(i.TIM_SetCounter), (4 bytes).
    Removing stm32f10x_tim.o(i.TIM_SetIC1Prescaler), (18 bytes).
    Removing stm32f10x_tim.o(i.TIM_SetIC2Prescaler), (26 bytes).
    Removing stm32f10x_tim.o(i.TIM_SetIC3Prescaler), (18 bytes).
    Removing stm32f10x_tim.o(i.TIM_SetIC4Prescaler), (26 bytes).
    Removing stm32f10x_tim.o(i.TIM_TIxExternalClockConfig), (62 bytes).
    Removing stm32f10x_tim.o(i.TIM_TimeBaseInit), (164 bytes).
    Removing stm32f10x_tim.o(i.TIM_TimeBaseStructInit), (18 bytes).
    Removing stm32f10x_tim.o(i.TIM_UpdateDisableConfig), (24 bytes).
    Removing stm32f10x_tim.o(i.TIM_UpdateRequestConfig), (24 bytes).
    Removing stm32f10x_usart.o(i.USART_ClearFlag), (18 bytes).
    Removing stm32f10x_usart.o(i.USART_ClearITPendingBit), (30 bytes).
    Removing stm32f10x_usart.o(i.USART_ClockInit), (34 bytes).
    Removing stm32f10x_usart.o(i.USART_ClockStructInit), (12 bytes).
    Removing stm32f10x_usart.o(i.USART_DMACmd), (18 bytes).
    Removing stm32f10x_usart.o(i.USART_DeInit), (156 bytes).
    Removing stm32f10x_usart.o(i.USART_GetFlagStatus), (26 bytes).
    Removing stm32f10x_usart.o(i.USART_HalfDuplexCmd), (24 bytes).
    Removing stm32f10x_usart.o(i.USART_IrDACmd), (24 bytes).
    Removing stm32f10x_usart.o(i.USART_IrDAConfig), (18 bytes).
    Removing stm32f10x_usart.o(i.USART_LINBreakDetectLengthConfig), (18 bytes).
    Removing stm32f10x_usart.o(i.USART_LINCmd), (24 bytes).
    Removing stm32f10x_usart.o(i.USART_OneBitMethodCmd), (24 bytes).
    Removing stm32f10x_usart.o(i.USART_OverSampling8Cmd), (22 bytes).
    Removing stm32f10x_usart.o(i.USART_ReceiverWakeUpCmd), (24 bytes).
    Removing stm32f10x_usart.o(i.USART_SendBreak), (10 bytes).
    Removing stm32f10x_usart.o(i.USART_SendData), (8 bytes).
    Removing stm32f10x_usart.o(i.USART_SetAddress), (18 bytes).
    Removing stm32f10x_usart.o(i.USART_SetGuardTime), (16 bytes).
    Removing stm32f10x_usart.o(i.USART_SetPrescaler), (16 bytes).
    Removing stm32f10x_usart.o(i.USART_SmartCardCmd), (24 bytes).
    Removing stm32f10x_usart.o(i.USART_SmartCardNACKCmd), (24 bytes).
    Removing stm32f10x_usart.o(i.USART_StructInit), (24 bytes).
    Removing stm32f10x_usart.o(i.USART_WakeUpConfig), (18 bytes).
    Removing stm32f10x_wwdg.o(i.WWDG_ClearFlag), (12 bytes).
    Removing stm32f10x_wwdg.o(i.WWDG_DeInit), (22 bytes).
    Removing stm32f10x_wwdg.o(i.WWDG_Enable), (16 bytes).
    Removing stm32f10x_wwdg.o(i.WWDG_EnableIT), (12 bytes).
    Removing stm32f10x_wwdg.o(i.WWDG_GetFlagStatus), (12 bytes).
    Removing stm32f10x_wwdg.o(i.WWDG_SetCounter), (16 bytes).
    Removing stm32f10x_wwdg.o(i.WWDG_SetPrescaler), (24 bytes).
    Removing stm32f10x_wwdg.o(i.WWDG_SetWindowValue), (40 bytes).
    Removing system_stm32f10x.o(i.SystemCoreClockUpdate), (164 bytes).
    Removing core_cm3.o(.emb_text), (32 bytes).
    Removing startup_stm32f10x_hd.o(HEAP), (512 bytes).
    Removing deca_device.o(i._dwt_aonarrayupload), (36 bytes).
    Removing deca_device.o(i._dwt_aonconfigupload), (36 bytes).
    Removing deca_device.o(i._dwt_disablesequencing), (20 bytes).
    Removing deca_device.o(i._dwt_otpprogword32), (176 bytes).
    Removing deca_device.o(i._dwt_otpsetmrregs), (582 bytes).
    Removing deca_device.o(i.dwt_calibratesleepcnt), (260 bytes).
    Removing deca_device.o(i.dwt_checkIRQ), (24 bytes).
    Removing deca_device.o(i.dwt_checkoverrun), (16 bytes).
    Removing deca_device.o(i.dwt_configcontinuousframemode), (84 bytes).
    Removing deca_device.o(i.dwt_configcwmode), (148 bytes).
    Removing deca_device.o(i.dwt_configeventcounters), (44 bytes).
    Removing deca_device.o(i.dwt_configuresleep), (44 bytes).
    Removing deca_device.o(i.dwt_configuresleepcnt), (132 bytes).
    Removing deca_device.o(i.dwt_configuretxrf), (28 bytes).
    Removing deca_device.o(i.dwt_enableautoack), (44 bytes).
    Removing deca_device.o(i.dwt_enableframefilter), (64 bytes).
    Removing deca_device.o(i.dwt_entersleep), (8 bytes).
    Removing deca_device.o(i.dwt_geteui), (18 bytes).
    Removing deca_device.o(i.dwt_getlotid), (12 bytes).
    Removing deca_device.o(i.dwt_getpartid), (12 bytes).
    Removing deca_device.o(i.dwt_isr), (836 bytes).
    Removing deca_device.o(i.dwt_loadopsettabfromotp), (56 bytes).
    Removing deca_device.o(i.dwt_otpread), (46 bytes).
    Removing deca_device.o(i.dwt_otprevision), (12 bytes).
    Removing deca_device.o(i.dwt_otpwriteandverify), (90 bytes).
    Removing deca_device.o(i.dwt_readaccdata), (34 bytes).
    Removing deca_device.o(i.dwt_readdiagnostics), (60 bytes).
    Removing deca_device.o(i.dwt_readeventcounters), (138 bytes).
    Removing deca_device.o(i.dwt_readrxtimestamphi32), (12 bytes).
    Removing deca_device.o(i.dwt_readrxtimestamplo32), (12 bytes).
    Removing deca_device.o(i.dwt_readsystimestamphi32), (12 bytes).
    Removing deca_device.o(i.dwt_readtempvbat), (174 bytes).
    Removing deca_device.o(i.dwt_readtxtimestamphi32), (12 bytes).
    Removing deca_device.o(i.dwt_readtxtimestamplo32), (12 bytes).
    Removing deca_device.o(i.dwt_readwakeuptemp), (20 bytes).
    Removing deca_device.o(i.dwt_readwakeupvbat), (20 bytes).
    Removing deca_device.o(i.dwt_rxreset), (36 bytes).
    Removing deca_device.o(i.dwt_setGPIOdirection), (42 bytes).
    Removing deca_device.o(i.dwt_setGPIOforEXTTRX), (40 bytes).
    Removing deca_device.o(i.dwt_setGPIOvalue), (42 bytes).
    Removing deca_device.o(i.dwt_setaddress16), (16 bytes).
    Removing deca_device.o(i.dwt_setautorxreenable), (64 bytes).
    Removing deca_device.o(i.dwt_setcallbacks), (12 bytes).
    Removing deca_device.o(i.dwt_setdblrxbuffmode), (60 bytes).
    Removing deca_device.o(i.dwt_seteui), (18 bytes).
    Removing deca_device.o(i.dwt_setinterrupt), (52 bytes).
    Removing deca_device.o(i.dwt_setleds), (210 bytes).
    Removing deca_device.o(i.dwt_setpanid), (16 bytes).
    Removing deca_device.o(i.dwt_setpreambledetecttimeout), (16 bytes).
    Removing deca_device.o(i.dwt_setrxmode), (54 bytes).
    Removing deca_device.o(i.dwt_setsmarttxpower), (60 bytes).
    Removing deca_device.o(i.dwt_softreset), (112 bytes).
    Removing deca_device.o(i.dwt_spicswakeup), (64 bytes).
    Removing deca_range_tables.o(i.dwt_getrangebias), (292 bytes).
    Removing deca_range_tables.o(.constdata), (522 bytes).
    Removing deca_spi.o(i.closespi), (32 bytes).
    Removing deca_spi.o(i.openspi), (4 bytes).
    Removing sys.o(.emb_text), (6 bytes).
    Removing sys.o(i.INTX_DISABLE), (4 bytes).
    Removing sys.o(i.INTX_ENABLE), (4 bytes).
    Removing sys.o(i.WFI_SET), (4 bytes).
    Removing usart.o(i._sys_exit), (6 bytes).
    Removing led.o(i.LED_Init), (76 bytes).
    Removing fflti.o(.text), (18 bytes).
    Removing dfixi.o(.text), (62 bytes).
    Removing f2d.o(.text), (38 bytes).
    Removing fepilogue.o(.text), (110 bytes).

525 unused section(s) (total 24233 bytes) removed from the image.

==============================================================================

Image Symbol Table

    Local Symbols

    Symbol Name                              Value     Ov Type        Size  Object(Section)

    ../clib/../cmprslib/zerorunl2.c          0x00000000   Number         0  __dczerorl2.o ABSOLUTE
    ../clib/microlib/division.c              0x00000000   Number         0  uidiv.o ABSOLUTE
    ../clib/microlib/division.c              0x00000000   Number         0  uldiv.o ABSOLUTE
    ../clib/microlib/init/entry.s            0x00000000   Number         0  entry8b.o ABSOLUTE
    ../clib/microlib/init/entry.s            0x00000000   Number         0  entry9b.o ABSOLUTE
    ../clib/microlib/init/entry.s            0x00000000   Number         0  entry10a.o ABSOLUTE
    ../clib/microlib/init/entry.s            0x00000000   Number         0  entry10b.o ABSOLUTE
    ../clib/microlib/init/entry.s            0x00000000   Number         0  entry5.o ABSOLUTE
    ../clib/microlib/init/entry.s            0x00000000   Number         0  entry.o ABSOLUTE
    ../clib/microlib/init/entry.s            0x00000000   Number         0  entry11a.o ABSOLUTE
    ../clib/microlib/init/entry.s            0x00000000   Number         0  entry9a.o ABSOLUTE
    ../clib/microlib/init/entry.s            0x00000000   Number         0  entry8a.o ABSOLUTE
    ../clib/microlib/init/entry.s            0x00000000   Number         0  entry11b.o ABSOLUTE
    ../clib/microlib/init/entry.s            0x00000000   Number         0  entry2.o ABSOLUTE
    ../clib/microlib/init/entry.s            0x00000000   Number         0  entry7b.o ABSOLUTE
    ../clib/microlib/init/entry.s            0x00000000   Number         0  entry7a.o ABSOLUTE
    ../clib/microlib/longlong.c              0x00000000   Number         0  llushr.o ABSOLUTE
    ../clib/microlib/longlong.c              0x00000000   Number         0  llshl.o ABSOLUTE
    ../clib/microlib/longlong.c              0x00000000   Number         0  llsshr.o ABSOLUTE
    ../clib/microlib/printf/printf.c         0x00000000   Number         0  printf5.o ABSOLUTE
    ../clib/microlib/printf/printf.c         0x00000000   Number         0  printfb.o ABSOLUTE
    ../clib/microlib/printf/printf.c         0x00000000   Number         0  printf0.o ABSOLUTE
    ../clib/microlib/printf/printf.c         0x00000000   Number         0  printf1.o ABSOLUTE
    ../clib/microlib/printf/printf.c         0x00000000   Number         0  printf2.o ABSOLUTE
    ../clib/microlib/printf/printf.c         0x00000000   Number         0  printf3.o ABSOLUTE
    ../clib/microlib/printf/printf.c         0x00000000   Number         0  printf4.o ABSOLUTE
    ../clib/microlib/printf/printf.c         0x00000000   Number         0  printf6.o ABSOLUTE
    ../clib/microlib/printf/printf.c         0x00000000   Number         0  printf7.o ABSOLUTE
    ../clib/microlib/printf/printf.c         0x00000000   Number         0  printf8.o ABSOLUTE
    ../clib/microlib/printf/printf.c         0x00000000   Number         0  printfa.o ABSOLUTE
    ../clib/microlib/printf/stubs.s          0x00000000   Number         0  stubs.o ABSOLUTE
    ../clib/microlib/string/memcmp.c         0x00000000   Number         0  memcmp.o ABSOLUTE
    ../clib/microlib/string/memset.c         0x00000000   Number         0  memseta.o ABSOLUTE
    ../clib/microlib/stubs.s                 0x00000000   Number         0  useno.o ABSOLUTE
    ../clib/microlib/stubs.s                 0x00000000   Number         0  iusefp.o ABSOLUTE
    ../fplib/microlib/f2d.c                  0x00000000   Number         0  f2d.o ABSOLUTE
    ../fplib/microlib/fpadd.c                0x00000000   Number         0  dadd.o ABSOLUTE
    ../fplib/microlib/fpdiv.c                0x00000000   Number         0  ddiv.o ABSOLUTE
    ../fplib/microlib/fpepilogue.c           0x00000000   Number         0  depilogue.o ABSOLUTE
    ../fplib/microlib/fpepilogue.c           0x00000000   Number         0  fepilogue.o ABSOLUTE
    ../fplib/microlib/fpfix.c                0x00000000   Number         0  dfixi.o ABSOLUTE
    ../fplib/microlib/fpfix.c                0x00000000   Number         0  dfixui.o ABSOLUTE
    ../fplib/microlib/fpfix.c                0x00000000   Number         0  dfixl.o ABSOLUTE
    ../fplib/microlib/fpfix.c                0x00000000   Number         0  dfixul.o ABSOLUTE
    ../fplib/microlib/fpflt.c                0x00000000   Number         0  dfltl.o ABSOLUTE
    ../fplib/microlib/fpflt.c                0x00000000   Number         0  dfltui.o ABSOLUTE
    ../fplib/microlib/fpflt.c                0x00000000   Number         0  fflti.o ABSOLUTE
    ../fplib/microlib/fpflt.c                0x00000000   Number         0  dfltul.o ABSOLUTE
    ../fplib/microlib/fpmul.c                0x00000000   Number         0  dmul.o ABSOLUTE
    ..\Libraries\CMSIS\CM3\CoreSupport\core_cm3.c 0x00000000   Number         0  core_cm3.o ABSOLUTE
    ..\Libraries\STM32F10x_StdPeriph_Driver\src\misc.c 0x00000000   Number         0  misc.o ABSOLUTE
    ..\Libraries\STM32F10x_StdPeriph_Driver\src\stm32f10x_adc.c 0x00000000   Number         0  stm32f10x_adc.o ABSOLUTE
    ..\Libraries\STM32F10x_StdPeriph_Driver\src\stm32f10x_bkp.c 0x00000000   Number         0  stm32f10x_bkp.o ABSOLUTE
    ..\Libraries\STM32F10x_StdPeriph_Driver\src\stm32f10x_can.c 0x00000000   Number         0  stm32f10x_can.o ABSOLUTE
    ..\Libraries\STM32F10x_StdPeriph_Driver\src\stm32f10x_cec.c 0x00000000   Number         0  stm32f10x_cec.o ABSOLUTE
    ..\Libraries\STM32F10x_StdPeriph_Driver\src\stm32f10x_crc.c 0x00000000   Number         0  stm32f10x_crc.o ABSOLUTE
    ..\Libraries\STM32F10x_StdPeriph_Driver\src\stm32f10x_dac.c 0x00000000   Number         0  stm32f10x_dac.o ABSOLUTE
    ..\Libraries\STM32F10x_StdPeriph_Driver\src\stm32f10x_dbgmcu.c 0x00000000   Number         0  stm32f10x_dbgmcu.o ABSOLUTE
    ..\Libraries\STM32F10x_StdPeriph_Driver\src\stm32f10x_dma.c 0x00000000   Number         0  stm32f10x_dma.o ABSOLUTE
    ..\Libraries\STM32F10x_StdPeriph_Driver\src\stm32f10x_exti.c 0x00000000   Number         0  stm32f10x_exti.o ABSOLUTE
    ..\Libraries\STM32F10x_StdPeriph_Driver\src\stm32f10x_flash.c 0x00000000   Number         0  stm32f10x_flash.o ABSOLUTE
    ..\Libraries\STM32F10x_StdPeriph_Driver\src\stm32f10x_fsmc.c 0x00000000   Number         0  stm32f10x_fsmc.o ABSOLUTE
    ..\Libraries\STM32F10x_StdPeriph_Driver\src\stm32f10x_gpio.c 0x00000000   Number         0  stm32f10x_gpio.o ABSOLUTE
    ..\Libraries\STM32F10x_StdPeriph_Driver\src\stm32f10x_i2c.c 0x00000000   Number         0  stm32f10x_i2c.o ABSOLUTE
    ..\Libraries\STM32F10x_StdPeriph_Driver\src\stm32f10x_iwdg.c 0x00000000   Number         0  stm32f10x_iwdg.o ABSOLUTE
    ..\Libraries\STM32F10x_StdPeriph_Driver\src\stm32f10x_pwr.c 0x00000000   Number         0  stm32f10x_pwr.o ABSOLUTE
    ..\Libraries\STM32F10x_StdPeriph_Driver\src\stm32f10x_rcc.c 0x00000000   Number         0  stm32f10x_rcc.o ABSOLUTE
    ..\Libraries\STM32F10x_StdPeriph_Driver\src\stm32f10x_rtc.c 0x00000000   Number         0  stm32f10x_rtc.o ABSOLUTE
    ..\Libraries\STM32F10x_StdPeriph_Driver\src\stm32f10x_sdio.c 0x00000000   Number         0  stm32f10x_sdio.o ABSOLUTE
    ..\Libraries\STM32F10x_StdPeriph_Driver\src\stm32f10x_spi.c 0x00000000   Number         0  stm32f10x_spi.o ABSOLUTE
    ..\Libraries\STM32F10x_StdPeriph_Driver\src\stm32f10x_tim.c 0x00000000   Number         0  stm32f10x_tim.o ABSOLUTE
    ..\Libraries\STM32F10x_StdPeriph_Driver\src\stm32f10x_usart.c 0x00000000   Number         0  stm32f10x_usart.o ABSOLUTE
    ..\Libraries\STM32F10x_StdPeriph_Driver\src\stm32f10x_wwdg.c 0x00000000   Number         0  stm32f10x_wwdg.o ABSOLUTE
    ..\\Libraries\\CMSIS\\CM3\\CoreSupport\\core_cm3.c 0x00000000   Number         0  core_cm3.o ABSOLUTE
    ..\\platform\\sys.c                      0x00000000   Number         0  sys.o ABSOLUTE
    ..\decadriver\deca_device.c              0x00000000   Number         0  deca_device.o ABSOLUTE
    ..\decadriver\deca_params_init.c         0x00000000   Number         0  deca_params_init.o ABSOLUTE
    ..\decadriver\deca_range_tables.c        0x00000000   Number         0  deca_range_tables.o ABSOLUTE
    ..\platform\deca_mutex.c                 0x00000000   Number         0  deca_mutex.o ABSOLUTE
    ..\platform\deca_sleep.c                 0x00000000   Number         0  deca_sleep.o ABSOLUTE
    ..\platform\deca_spi.c                   0x00000000   Number         0  deca_spi.o ABSOLUTE
    ..\platform\led.c                        0x00000000   Number         0  led.o ABSOLUTE
    ..\platform\port.c                       0x00000000   Number         0  port.o ABSOLUTE
    ..\platform\startup_stm32f10x_hd.s       0x00000000   Number         0  startup_stm32f10x_hd.o ABSOLUTE
    ..\platform\sys.c                        0x00000000   Number         0  sys.o ABSOLUTE
    ..\platform\usart.c                      0x00000000   Number         0  usart.o ABSOLUTE
    DS_Ranging.c                             0x00000000   Number         0  ds_ranging.o ABSOLUTE
    cdrcmple.s                               0x00000000   Number         0  cdrcmple.o ABSOLUTE
    dc.s                                     0x00000000   Number         0  dc.o ABSOLUTE
    handlers.s                               0x00000000   Number         0  handlers.o ABSOLUTE
    init.s                                   0x00000000   Number         0  init.o ABSOLUTE
    main.c                                   0x00000000   Number         0  main.o ABSOLUTE
    stm32f10x_it.c                           0x00000000   Number         0  stm32f10x_it.o ABSOLUTE
    system_stm32f10x.c                       0x00000000   Number         0  system_stm32f10x.o ABSOLUTE
    RESET                                    0x08000000   Section      304  startup_stm32f10x_hd.o(RESET)
    .ARM.Collect$$$$00000000                 0x08000130   Section        0  entry.o(.ARM.Collect$$$$00000000)
    .ARM.Collect$$$$00000001                 0x08000130   Section        4  entry2.o(.ARM.Collect$$$$00000001)
    .ARM.Collect$$$$00000004                 0x08000134   Section        4  entry5.o(.ARM.Collect$$$$00000004)
    .ARM.Collect$$$$00000008                 0x08000138   Section        0  entry7b.o(.ARM.Collect$$$$00000008)
    .ARM.Collect$$$$0000000A                 0x08000138   Section        0  entry8b.o(.ARM.Collect$$$$0000000A)
    .ARM.Collect$$$$0000000B                 0x08000138   Section        8  entry9a.o(.ARM.Collect$$$$0000000B)
    .ARM.Collect$$$$0000000D                 0x08000140   Section        0  entry10a.o(.ARM.Collect$$$$0000000D)
    .ARM.Collect$$$$0000000F                 0x08000140   Section        0  entry11a.o(.ARM.Collect$$$$0000000F)
    .ARM.Collect$$$$00002712                 0x08000140   Section        4  entry2.o(.ARM.Collect$$$$00002712)
    __lit__00000000                          0x08000140   Data           4  entry2.o(.ARM.Collect$$$$00002712)
    .text                                    0x08000144   Section       36  startup_stm32f10x_hd.o(.text)
    .text                                    0x08000168   Section        0  memseta.o(.text)
    .text                                    0x0800018c   Section        0  memcmp.o(.text)
    .text                                    0x080001a6   Section        0  dadd.o(.text)
    .text                                    0x080002f4   Section        0  dmul.o(.text)
    .text                                    0x080003d8   Section        0  ddiv.o(.text)
    .text                                    0x080004b6   Section        0  dfltui.o(.text)
    .text                                    0x080004d0   Section        0  dfltl.o(.text)
    .text                                    0x080004f8   Section        0  dfltul.o(.text)
    .text                                    0x08000510   Section        0  dfixui.o(.text)
    .text                                    0x08000542   Section        0  dfixl.o(.text)
    .text                                    0x0800058c   Section       48  cdrcmple.o(.text)
    .text                                    0x080005bc   Section        0  uidiv.o(.text)
    .text                                    0x080005e8   Section        0  uldiv.o(.text)
    .text                                    0x0800064a   Section        0  llshl.o(.text)
    .text                                    0x08000668   Section        0  llushr.o(.text)
    .text                                    0x08000688   Section        0  llsshr.o(.text)
    .text                                    0x080006ac   Section        0  depilogue.o(.text)
    .text                                    0x080006ac   Section        0  iusefp.o(.text)
    .text                                    0x08000766   Section        0  dfixul.o(.text)
    .text                                    0x08000798   Section       36  init.o(.text)
    .text                                    0x080007bc   Section        0  __dczerorl2.o(.text)
    i.DS_R                                   0x08000814   Section        0  ds_ranging.o(i.DS_R)
    i.EXTI_GetITEnStatus                     0x08000b60   Section        0  port.o(i.EXTI_GetITEnStatus)
    i.FLASH_PrefetchBufferCmd                0x08000b7c   Section        0  stm32f10x_flash.o(i.FLASH_PrefetchBufferCmd)
    i.FLASH_SetLatency                       0x08000b98   Section        0  stm32f10x_flash.o(i.FLASH_SetLatency)
    i.GPIO_Configuration                     0x08000bb0   Section        0  port.o(i.GPIO_Configuration)
    i.GPIO_Init                              0x08000c50   Section        0  stm32f10x_gpio.o(i.GPIO_Init)
    i.GPIO_PinRemapConfig                    0x08000d68   Section        0  stm32f10x_gpio.o(i.GPIO_PinRemapConfig)
    i.GPIO_ResetBits                         0x08000df8   Section        0  stm32f10x_gpio.o(i.GPIO_ResetBits)
    i.GPIO_SetBits                           0x08000dfc   Section        0  stm32f10x_gpio.o(i.GPIO_SetBits)
    i.InitDS_R                               0x08000e00   Section        0  ds_ranging.o(i.InitDS_R)
    i.NVIC_Init                              0x08000e3c   Section        0  misc.o(i.NVIC_Init)
    i.NVIC_PriorityGroupConfig               0x08000eac   Section        0  misc.o(i.NVIC_PriorityGroupConfig)
    i.NVIC_SetPriority                       0x08000ec0   Section        0  port.o(i.NVIC_SetPriority)
    NVIC_SetPriority                         0x08000ec1   Thumb Code    32  port.o(i.NVIC_SetPriority)
    i.RCC_ADCCLKConfig                       0x08000ee8   Section        0  stm32f10x_rcc.o(i.RCC_ADCCLKConfig)
    i.RCC_APB1PeriphClockCmd                 0x08000f00   Section        0  stm32f10x_rcc.o(i.RCC_APB1PeriphClockCmd)
    i.RCC_APB1PeriphResetCmd                 0x08000f20   Section        0  stm32f10x_rcc.o(i.RCC_APB1PeriphResetCmd)
    i.RCC_APB2PeriphClockCmd                 0x08000f40   Section        0  stm32f10x_rcc.o(i.RCC_APB2PeriphClockCmd)
    i.RCC_APB2PeriphResetCmd                 0x08000f60   Section        0  stm32f10x_rcc.o(i.RCC_APB2PeriphResetCmd)
    i.RCC_Configuration                      0x08000f80   Section        0  port.o(i.RCC_Configuration)
    i.RCC_DeInit                             0x08000fe8   Section        0  stm32f10x_rcc.o(i.RCC_DeInit)
    i.RCC_GetClocksFreq                      0x08001034   Section        0  stm32f10x_rcc.o(i.RCC_GetClocksFreq)
    i.RCC_GetFlagStatus                      0x08001108   Section        0  stm32f10x_rcc.o(i.RCC_GetFlagStatus)
    i.RCC_HCLKConfig                         0x08001144   Section        0  stm32f10x_rcc.o(i.RCC_HCLKConfig)
    i.RCC_HSEConfig                          0x0800115c   Section        0  stm32f10x_rcc.o(i.RCC_HSEConfig)
    i.RCC_PCLK1Config                        0x080011a8   Section        0  stm32f10x_rcc.o(i.RCC_PCLK1Config)
    i.RCC_PCLK2Config                        0x080011c0   Section        0  stm32f10x_rcc.o(i.RCC_PCLK2Config)
    i.RCC_WaitForHSEStartUp                  0x080011d8   Section        0  stm32f10x_rcc.o(i.RCC_WaitForHSEStartUp)
    i.SPI_ChangeRate                         0x08001210   Section        0  port.o(i.SPI_ChangeRate)
    i.SPI_Cmd                                0x0800122c   Section        0  stm32f10x_spi.o(i.SPI_Cmd)
    i.SPI_Configuration                      0x08001244   Section        0  port.o(i.SPI_Configuration)
    i.SPI_I2S_DeInit                         0x080012f8   Section        0  stm32f10x_spi.o(i.SPI_I2S_DeInit)
    i.SPI_Init                               0x08001350   Section        0  stm32f10x_spi.o(i.SPI_Init)
    i.SPI_SSOutputCmd                        0x0800138c   Section        0  stm32f10x_spi.o(i.SPI_SSOutputCmd)
    i.SetSysClock                            0x080013a4   Section        0  system_stm32f10x.o(i.SetSysClock)
    SetSysClock                              0x080013a5   Thumb Code     8  system_stm32f10x.o(i.SetSysClock)
    i.SetSysClockTo72                        0x080013ac   Section        0  system_stm32f10x.o(i.SetSysClockTo72)
    SetSysClockTo72                          0x080013ad   Thumb Code   214  system_stm32f10x.o(i.SetSysClockTo72)
    i.Setdelay                               0x0800148c   Section        0  main.o(i.Setdelay)
    i.SysTick_Configuration                  0x0800151c   Section        0  port.o(i.SysTick_Configuration)
    i.SysTick_Handler                        0x08001570   Section        0  stm32f10x_it.o(i.SysTick_Handler)
    i.SystemInit                             0x08001594   Section        0  system_stm32f10x.o(i.SystemInit)
    i.USART1_IRQHandler                      0x080015f4   Section        0  usart.o(i.USART1_IRQHandler)
    i.USART_Cmd                              0x08001680   Section        0  stm32f10x_usart.o(i.USART_Cmd)
    i.USART_GetITStatus                      0x08001698   Section        0  stm32f10x_usart.o(i.USART_GetITStatus)
    i.USART_ITConfig                         0x080016ec   Section        0  stm32f10x_usart.o(i.USART_ITConfig)
    i.USART_Init                             0x08001738   Section        0  stm32f10x_usart.o(i.USART_Init)
    i.USART_ReceiveData                      0x08001810   Section        0  stm32f10x_usart.o(i.USART_ReceiveData)
    i.__0printf                              0x0800181c   Section        0  printfa.o(i.__0printf)
    i.__scatterload_copy                     0x0800183c   Section       14  handlers.o(i.__scatterload_copy)
    i.__scatterload_null                     0x0800184a   Section        2  handlers.o(i.__scatterload_null)
    i.__scatterload_zeroinit                 0x0800184c   Section       14  handlers.o(i.__scatterload_zeroinit)
    i._dwt_configlde                         0x0800185a   Section        0  deca_device.o(i._dwt_configlde)
    i._dwt_enableclocks                      0x08001892   Section        0  deca_device.o(i._dwt_enableclocks)
    i._dwt_loaducodefromrom                  0x08001976   Section        0  deca_device.o(i._dwt_loaducodefromrom)
    i._dwt_otpread                           0x080019aa   Section        0  deca_device.o(i._dwt_otpread)
    i._fp_digits                             0x080019f8   Section        0  printfa.o(i._fp_digits)
    _fp_digits                               0x080019f9   Thumb Code   334  printfa.o(i._fp_digits)
    i._printf_core                           0x08001b5c   Section        0  printfa.o(i._printf_core)
    _printf_core                             0x08001b5d   Thumb Code  1744  printfa.o(i._printf_core)
    i._printf_post_padding                   0x08002238   Section        0  printfa.o(i._printf_post_padding)
    _printf_post_padding                     0x08002239   Thumb Code    36  printfa.o(i._printf_post_padding)
    i._printf_pre_padding                    0x0800225c   Section        0  printfa.o(i._printf_pre_padding)
    _printf_pre_padding                      0x0800225d   Thumb Code    46  printfa.o(i._printf_pre_padding)
    i.deca_sleep                             0x0800228a   Section        0  deca_sleep.o(i.deca_sleep)
    i.decamutexoff                           0x080022a2   Section        0  deca_mutex.o(i.decamutexoff)
    i.decamutexon                            0x080022c0   Section        0  deca_mutex.o(i.decamutexon)
    i.dwt_configure                          0x080022e8   Section        0  deca_device.o(i.dwt_configure)
    i.dwt_entersleepaftertx                  0x08002530   Section        0  deca_device.o(i.dwt_entersleepaftertx)
    i.dwt_forcetrxoff                        0x08002558   Section        0  deca_device.o(i.dwt_forcetrxoff)
    i.dwt_initialise                         0x080025b4   Section        0  deca_device.o(i.dwt_initialise)
    i.dwt_read16bitoffsetreg                 0x080026cc   Section        0  deca_device.o(i.dwt_read16bitoffsetreg)
    i.dwt_read32bitoffsetreg                 0x080026f8   Section        0  deca_device.o(i.dwt_read32bitoffsetreg)
    i.dwt_readdevid                          0x08002730   Section        0  deca_device.o(i.dwt_readdevid)
    i.dwt_readfromdevice                     0x0800273c   Section        0  deca_device.o(i.dwt_readfromdevice)
    i.dwt_readrxdata                         0x080027a0   Section        0  deca_device.o(i.dwt_readrxdata)
    i.dwt_readrxtimestamp                    0x080027b6   Section        0  deca_device.o(i.dwt_readrxtimestamp)
    i.dwt_readsystime                        0x080027c8   Section        0  deca_device.o(i.dwt_readsystime)
    i.dwt_readtxtimestamp                    0x080027da   Section        0  deca_device.o(i.dwt_readtxtimestamp)
    i.dwt_rxenable                           0x080027ec   Section        0  deca_device.o(i.dwt_rxenable)
    i.dwt_setdelayedtrxtime                  0x08002840   Section        0  deca_device.o(i.dwt_setdelayedtrxtime)
    i.dwt_setrxaftertxdelay                  0x08002850   Section        0  deca_device.o(i.dwt_setrxaftertxdelay)
    i.dwt_setrxantennadelay                  0x08002874   Section        0  deca_device.o(i.dwt_setrxantennadelay)
    i.dwt_setrxtimeout                       0x08002888   Section        0  deca_device.o(i.dwt_setrxtimeout)
    i.dwt_settxantennadelay                  0x080028f4   Section        0  deca_device.o(i.dwt_settxantennadelay)
    i.dwt_starttx                            0x08002904   Section        0  deca_device.o(i.dwt_starttx)
    i.dwt_syncrxbufptrs                      0x080029a0   Section        0  deca_device.o(i.dwt_syncrxbufptrs)
    i.dwt_write16bitoffsetreg                0x080029d8   Section        0  deca_device.o(i.dwt_write16bitoffsetreg)
    i.dwt_write32bitoffsetreg                0x080029fe   Section        0  deca_device.o(i.dwt_write32bitoffsetreg)
    i.dwt_writetodevice                      0x08002a2e   Section        0  deca_device.o(i.dwt_writetodevice)
    i.dwt_writetxdata                        0x08002a96   Section        0  deca_device.o(i.dwt_writetxdata)
    i.dwt_writetxfctrl                       0x08002abc   Section        0  deca_device.o(i.dwt_writetxfctrl)
    i.dwt_xtaltrim                           0x08002ae0   Section        0  deca_device.o(i.dwt_xtaltrim)
    i.filter                                 0x08002b14   Section        0  main.o(i.filter)
    i.final_msg_get_ts                       0x08002c14   Section        0  ds_ranging.o(i.final_msg_get_ts)
    final_msg_get_ts                         0x08002c15   Thumb Code    32  ds_ranging.o(i.final_msg_get_ts)
    i.fputc                                  0x08002c34   Section        0  usart.o(i.fputc)
    i.get_rx_timestamp_u64                   0x08002c50   Section        0  ds_ranging.o(i.get_rx_timestamp_u64)
    get_rx_timestamp_u64                     0x08002c51   Thumb Code    44  ds_ranging.o(i.get_rx_timestamp_u64)
    i.get_sys_timestamp_u64                  0x08002c7c   Section        0  ds_ranging.o(i.get_sys_timestamp_u64)
    i.get_tx_timestamp_u64                   0x08002ca8   Section        0  ds_ranging.o(i.get_tx_timestamp_u64)
    get_tx_timestamp_u64                     0x08002ca9   Thumb Code    44  ds_ranging.o(i.get_tx_timestamp_u64)
    i.main                                   0x08002cd4   Section        0  main.o(i.main)
    i.peripherals_init                       0x08002ef8   Section        0  port.o(i.peripherals_init)
    i.portGetTickCnt                         0x08002f10   Section        0  port.o(i.portGetTickCnt)
    i.readfromspi_serial                     0x08002f1c   Section        0  deca_spi.o(i.readfromspi_serial)
    i.reset_DW1000                           0x08002f9c   Section        0  port.o(i.reset_DW1000)
    i.spi_peripheral_init                    0x08002fec   Section        0  port.o(i.spi_peripheral_init)
    spi_peripheral_init                      0x08002fed   Thumb Code    14  port.o(i.spi_peripheral_init)
    i.spi_set_rate_high                      0x08002ffa   Section        0  port.o(i.spi_set_rate_high)
    i.spi_set_rate_low                       0x08003004   Section        0  port.o(i.spi_set_rate_low)
    i.uart_init                              0x08003010   Section        0  usart.o(i.uart_init)
    i.usartinit                              0x080030b0   Section        0  port.o(i.usartinit)
    i.writetospi_serial                      0x08003130   Section        0  deca_spi.o(i.writetospi_serial)
    .constdata                               0x080031ac   Section      174  deca_params_init.o(.constdata)
    .data                                    0x20000000   Section      113  main.o(.data)
    config                                   0x20000000   Data          11  main.o(.data)
    rx_poll_msg                              0x2000000b   Data          12  main.o(.data)
    tx_resp_msg                              0x20000017   Data          15  main.o(.data)
    rx_final_msg                             0x20000026   Data          24  main.o(.data)
    frame_seq_nb                             0x2000003e   Data           1  main.o(.data)
    status_reg                               0x20000040   Data           4  main.o(.data)
    poll_rx_ts                               0x20000048   Data           8  main.o(.data)
    resp_tx_ts                               0x20000050   Data           8  main.o(.data)
    final_rx_ts                              0x20000058   Data           8  main.o(.data)
    now_sys_ts                               0x20000060   Data           8  main.o(.data)
    tof                                      0x20000068   Data           8  main.o(.data)
    .data                                    0x20000074   Section        8  stm32f10x_it.o(.data)
    .data                                    0x20000080   Section      116  ds_ranging.o(.data)
    config                                   0x20000080   Data          11  ds_ranging.o(.data)
    rx_poll_msg                              0x2000008b   Data          12  ds_ranging.o(.data)
    tx_resp_msg                              0x20000097   Data          15  ds_ranging.o(.data)
    rx_final_msg                             0x200000a6   Data          24  ds_ranging.o(.data)
    frame_seq_nb                             0x200000be   Data           1  ds_ranging.o(.data)
    status_reg                               0x200000c0   Data           4  ds_ranging.o(.data)
    poll_rx_ts                               0x200000c8   Data           8  ds_ranging.o(.data)
    resp_tx_ts                               0x200000d0   Data           8  ds_ranging.o(.data)
    final_rx_ts                              0x200000d8   Data           8  ds_ranging.o(.data)
    now_sys_ts                               0x200000e0   Data           8  ds_ranging.o(.data)
    tof                                      0x200000e8   Data           8  ds_ranging.o(.data)
    .data                                    0x200000f4   Section       20  stm32f10x_rcc.o(.data)
    APBAHBPrescTable                         0x200000f4   Data          16  stm32f10x_rcc.o(.data)
    ADCPrescTable                            0x20000104   Data           4  stm32f10x_rcc.o(.data)
    .data                                    0x20000108   Section       20  system_stm32f10x.o(.data)
    .data                                    0x20000120   Section      118  usart.o(.data)
    config                                   0x20000120   Data          11  usart.o(.data)
    rx_poll_msg                              0x2000012b   Data          12  usart.o(.data)
    tx_resp_msg                              0x20000137   Data          15  usart.o(.data)
    rx_final_msg                             0x20000146   Data          24  usart.o(.data)
    frame_seq_nb                             0x2000015e   Data           1  usart.o(.data)
    status_reg                               0x20000160   Data           4  usart.o(.data)
    poll_rx_ts                               0x20000168   Data           8  usart.o(.data)
    resp_tx_ts                               0x20000170   Data           8  usart.o(.data)
    final_rx_ts                              0x20000178   Data           8  usart.o(.data)
    now_sys_ts                               0x20000180   Data           8  usart.o(.data)
    tof                                      0x20000188   Data           8  usart.o(.data)
    .bss                                     0x20000198   Section       24  ds_ranging.o(.bss)
    rx_buffer                                0x20000198   Data          24  ds_ranging.o(.bss)
    .bss                                     0x200001b0   Section       60  deca_device.o(.bss)
    dw1000local                              0x200001b0   Data          60  deca_device.o(.bss)
    .bss                                     0x200001ec   Section      224  usart.o(.bss)
    rx_buffer                                0x200001ec   Data          24  usart.o(.bss)
    STACK                                    0x200002d0   Section     1024  startup_stm32f10x_hd.o(STACK)

    Global Symbols

    Symbol Name                              Value     Ov Type        Size  Object(Section)

    BuildAttributes$$THM_ISAv4$P$D$K$B$S$PE$A:L22UL41UL21$X:L11$S22US41US21$IEEE1$IW$USESV6$~STKCKD$USESV7$~SHL$OTIME$ROPI$EBA8$MICROLIB$REQ8$PRES8$EABIv2 0x00000000   Number         0  anon$$obj.o ABSOLUTE
    __ARM_use_no_argv                        0x00000000   Number         0  main.o ABSOLUTE
    __use_no_errno                           0x00000000   Number         0  useno.o ABSOLUTE
    __use_no_exception_handling              0x00000000   Number         0  useno.o ABSOLUTE
    __use_no_fp                              0x00000000   Number         0  useno.o ABSOLUTE
    __use_no_heap                            0x00000000   Number         0  useno.o ABSOLUTE
    __use_no_heap_region                     0x00000000   Number         0  useno.o ABSOLUTE
    __use_no_semihosting                     0x00000000   Number         0  useno.o ABSOLUTE
    __use_no_semihosting_swi                 0x00000000   Number         0  useno.o ABSOLUTE
    __use_no_signal_handling                 0x00000000   Number         0  useno.o ABSOLUTE
    _printf_a                                0x00000000   Number         0  stubs.o ABSOLUTE
    _printf_c                                0x00000000   Number         0  stubs.o ABSOLUTE
    _printf_charcount                        0x00000000   Number         0  stubs.o ABSOLUTE
    _printf_d                                0x00000000   Number         0  stubs.o ABSOLUTE
    _printf_e                                0x00000000   Number         0  stubs.o ABSOLUTE
    _printf_f                                0x00000000   Number         0  stubs.o ABSOLUTE
    _printf_flags                            0x00000000   Number         0  stubs.o ABSOLUTE
    _printf_fp_dec                           0x00000000   Number         0  stubs.o ABSOLUTE
    _printf_fp_hex                           0x00000000   Number         0  stubs.o ABSOLUTE
    _printf_g                                0x00000000   Number         0  stubs.o ABSOLUTE
    _printf_i                                0x00000000   Number         0  stubs.o ABSOLUTE
    _printf_int_dec                          0x00000000   Number         0  stubs.o ABSOLUTE
    _printf_l                                0x00000000   Number         0  stubs.o ABSOLUTE
    _printf_lc                               0x00000000   Number         0  stubs.o ABSOLUTE
    _printf_ll                               0x00000000   Number         0  stubs.o ABSOLUTE
    _printf_lld                              0x00000000   Number         0  stubs.o ABSOLUTE
    _printf_lli                              0x00000000   Number         0  stubs.o ABSOLUTE
    _printf_llo                              0x00000000   Number         0  stubs.o ABSOLUTE
    _printf_llu                              0x00000000   Number         0  stubs.o ABSOLUTE
    _printf_llx                              0x00000000   Number         0  stubs.o ABSOLUTE
    _printf_longlong_dec                     0x00000000   Number         0  stubs.o ABSOLUTE
    _printf_longlong_hex                     0x00000000   Number         0  stubs.o ABSOLUTE
    _printf_longlong_oct                     0x00000000   Number         0  stubs.o ABSOLUTE
    _printf_ls                               0x00000000   Number         0  stubs.o ABSOLUTE
    _printf_mbtowc                           0x00000000   Number         0  stubs.o ABSOLUTE
    _printf_n                                0x00000000   Number         0  stubs.o ABSOLUTE
    _printf_o                                0x00000000   Number         0  stubs.o ABSOLUTE
    _printf_p                                0x00000000   Number         0  stubs.o ABSOLUTE
    _printf_percent                          0x00000000   Number         0  stubs.o ABSOLUTE
    _printf_pre_padding                      0x00000000   Number         0  stubs.o ABSOLUTE
    _printf_return_value                     0x00000000   Number         0  stubs.o ABSOLUTE
    _printf_s                                0x00000000   Number         0  stubs.o ABSOLUTE
    _printf_sizespec                         0x00000000   Number         0  stubs.o ABSOLUTE
    _printf_str                              0x00000000   Number         0  stubs.o ABSOLUTE
    _printf_truncate_signed                  0x00000000   Number         0  stubs.o ABSOLUTE
    _printf_truncate_unsigned                0x00000000   Number         0  stubs.o ABSOLUTE
    _printf_u                                0x00000000   Number         0  stubs.o ABSOLUTE
    _printf_wc                               0x00000000   Number         0  stubs.o ABSOLUTE
    _printf_wctomb                           0x00000000   Number         0  stubs.o ABSOLUTE
    _printf_widthprec                        0x00000000   Number         0  stubs.o ABSOLUTE
    _printf_x                                0x00000000   Number         0  stubs.o ABSOLUTE
    __cpp_initialize__aeabi_                  - Undefined Weak Reference
    __cxa_finalize                            - Undefined Weak Reference
    _clock_init                               - Undefined Weak Reference
    _microlib_exit                            - Undefined Weak Reference
    __Vectors_Size                           0x00000130   Number         0  startup_stm32f10x_hd.o ABSOLUTE
    __Vectors                                0x08000000   Data           4  startup_stm32f10x_hd.o(RESET)
    __Vectors_End                            0x08000130   Data           0  startup_stm32f10x_hd.o(RESET)
    __main                                   0x08000131   Thumb Code     0  entry.o(.ARM.Collect$$$$00000000)
    _main_stk                                0x08000131   Thumb Code     0  entry2.o(.ARM.Collect$$$$00000001)
    _main_scatterload                        0x08000135   Thumb Code     0  entry5.o(.ARM.Collect$$$$00000004)
    __main_after_scatterload                 0x08000139   Thumb Code     0  entry5.o(.ARM.Collect$$$$00000004)
    _main_clock                              0x08000139   Thumb Code     0  entry7b.o(.ARM.Collect$$$$00000008)
    _main_cpp_init                           0x08000139   Thumb Code     0  entry8b.o(.ARM.Collect$$$$0000000A)
    _main_init                               0x08000139   Thumb Code     0  entry9a.o(.ARM.Collect$$$$0000000B)
    __rt_final_cpp                           0x08000141   Thumb Code     0  entry10a.o(.ARM.Collect$$$$0000000D)
    __rt_final_exit                          0x08000141   Thumb Code     0  entry11a.o(.ARM.Collect$$$$0000000F)
    Reset_Handler                            0x08000145   Thumb Code     8  startup_stm32f10x_hd.o(.text)
    NMI_Handler                              0x0800014d   Thumb Code     2  startup_stm32f10x_hd.o(.text)
    HardFault_Handler                        0x0800014f   Thumb Code     2  startup_stm32f10x_hd.o(.text)
    MemManage_Handler                        0x08000151   Thumb Code     2  startup_stm32f10x_hd.o(.text)
    BusFault_Handler                         0x08000153   Thumb Code     2  startup_stm32f10x_hd.o(.text)
    UsageFault_Handler                       0x08000155   Thumb Code     2  startup_stm32f10x_hd.o(.text)
    SVC_Handler                              0x08000157   Thumb Code     2  startup_stm32f10x_hd.o(.text)
    DebugMon_Handler                         0x08000159   Thumb Code     2  startup_stm32f10x_hd.o(.text)
    PendSV_Handler                           0x0800015b   Thumb Code     2  startup_stm32f10x_hd.o(.text)
    ADC1_2_IRQHandler                        0x0800015f   Thumb Code     0  startup_stm32f10x_hd.o(.text)
    ADC3_IRQHandler                          0x0800015f   Thumb Code     0  startup_stm32f10x_hd.o(.text)
    CAN1_RX1_IRQHandler                      0x0800015f   Thumb Code     0  startup_stm32f10x_hd.o(.text)
    CAN1_SCE_IRQHandler                      0x0800015f   Thumb Code     0  startup_stm32f10x_hd.o(.text)
    DMA1_Channel1_IRQHandler                 0x0800015f   Thumb Code     0  startup_stm32f10x_hd.o(.text)
    DMA1_Channel2_IRQHandler                 0x0800015f   Thumb Code     0  startup_stm32f10x_hd.o(.text)
    DMA1_Channel3_IRQHandler                 0x0800015f   Thumb Code     0  startup_stm32f10x_hd.o(.text)
    DMA1_Channel4_IRQHandler                 0x0800015f   Thumb Code     0  startup_stm32f10x_hd.o(.text)
    DMA1_Channel5_IRQHandler                 0x0800015f   Thumb Code     0  startup_stm32f10x_hd.o(.text)
    DMA1_Channel6_IRQHandler                 0x0800015f   Thumb Code     0  startup_stm32f10x_hd.o(.text)
    DMA1_Channel7_IRQHandler                 0x0800015f   Thumb Code     0  startup_stm32f10x_hd.o(.text)
    DMA2_Channel1_IRQHandler                 0x0800015f   Thumb Code     0  startup_stm32f10x_hd.o(.text)
    DMA2_Channel2_IRQHandler                 0x0800015f   Thumb Code     0  startup_stm32f10x_hd.o(.text)
    DMA2_Channel3_IRQHandler                 0x0800015f   Thumb Code     0  startup_stm32f10x_hd.o(.text)
    DMA2_Channel4_5_IRQHandler               0x0800015f   Thumb Code     0  startup_stm32f10x_hd.o(.text)
    EXTI0_IRQHandler                         0x0800015f   Thumb Code     0  startup_stm32f10x_hd.o(.text)
    EXTI15_10_IRQHandler                     0x0800015f   Thumb Code     0  startup_stm32f10x_hd.o(.text)
    EXTI1_IRQHandler                         0x0800015f   Thumb Code     0  startup_stm32f10x_hd.o(.text)
    EXTI2_IRQHandler                         0x0800015f   Thumb Code     0  startup_stm32f10x_hd.o(.text)
    EXTI3_IRQHandler                         0x0800015f   Thumb Code     0  startup_stm32f10x_hd.o(.text)
    EXTI4_IRQHandler                         0x0800015f   Thumb Code     0  startup_stm32f10x_hd.o(.text)
    EXTI9_5_IRQHandler                       0x0800015f   Thumb Code     0  startup_stm32f10x_hd.o(.text)
    FLASH_IRQHandler                         0x0800015f   Thumb Code     0  startup_stm32f10x_hd.o(.text)
    FSMC_IRQHandler                          0x0800015f   Thumb Code     0  startup_stm32f10x_hd.o(.text)
    I2C1_ER_IRQHandler                       0x0800015f   Thumb Code     0  startup_stm32f10x_hd.o(.text)
    I2C1_EV_IRQHandler                       0x0800015f   Thumb Code     0  startup_stm32f10x_hd.o(.text)
    I2C2_ER_IRQHandler                       0x0800015f   Thumb Code     0  startup_stm32f10x_hd.o(.text)
    I2C2_EV_IRQHandler                       0x0800015f   Thumb Code     0  startup_stm32f10x_hd.o(.text)
    PVD_IRQHandler                           0x0800015f   Thumb Code     0  startup_stm32f10x_hd.o(.text)
    RCC_IRQHandler                           0x0800015f   Thumb Code     0  startup_stm32f10x_hd.o(.text)
    RTCAlarm_IRQHandler                      0x0800015f   Thumb Code     0  startup_stm32f10x_hd.o(.text)
    RTC_IRQHandler                           0x0800015f   Thumb Code     0  startup_stm32f10x_hd.o(.text)
    SDIO_IRQHandler                          0x0800015f   Thumb Code     0  startup_stm32f10x_hd.o(.text)
    SPI1_IRQHandler                          0x0800015f   Thumb Code     0  startup_stm32f10x_hd.o(.text)
    SPI2_IRQHandler                          0x0800015f   Thumb Code     0  startup_stm32f10x_hd.o(.text)
    SPI3_IRQHandler                          0x0800015f   Thumb Code     0  startup_stm32f10x_hd.o(.text)
    TAMPER_IRQHandler                        0x0800015f   Thumb Code     0  startup_stm32f10x_hd.o(.text)
    TIM1_BRK_IRQHandler                      0x0800015f   Thumb Code     0  startup_stm32f10x_hd.o(.text)
    TIM1_CC_IRQHandler                       0x0800015f   Thumb Code     0  startup_stm32f10x_hd.o(.text)
    TIM1_TRG_COM_IRQHandler                  0x0800015f   Thumb Code     0  startup_stm32f10x_hd.o(.text)
    TIM1_UP_IRQHandler                       0x0800015f   Thumb Code     0  startup_stm32f10x_hd.o(.text)
    TIM2_IRQHandler                          0x0800015f   Thumb Code     0  startup_stm32f10x_hd.o(.text)
    TIM3_IRQHandler                          0x0800015f   Thumb Code     0  startup_stm32f10x_hd.o(.text)
    TIM4_IRQHandler                          0x0800015f   Thumb Code     0  startup_stm32f10x_hd.o(.text)
    TIM5_IRQHandler                          0x0800015f   Thumb Code     0  startup_stm32f10x_hd.o(.text)
    TIM6_IRQHandler                          0x0800015f   Thumb Code     0  startup_stm32f10x_hd.o(.text)
    TIM7_IRQHandler                          0x0800015f   Thumb Code     0  startup_stm32f10x_hd.o(.text)
    TIM8_BRK_IRQHandler                      0x0800015f   Thumb Code     0  startup_stm32f10x_hd.o(.text)
    TIM8_CC_IRQHandler                       0x0800015f   Thumb Code     0  startup_stm32f10x_hd.o(.text)
    TIM8_TRG_COM_IRQHandler                  0x0800015f   Thumb Code     0  startup_stm32f10x_hd.o(.text)
    TIM8_UP_IRQHandler                       0x0800015f   Thumb Code     0  startup_stm32f10x_hd.o(.text)
    UART4_IRQHandler                         0x0800015f   Thumb Code     0  startup_stm32f10x_hd.o(.text)
    UART5_IRQHandler                         0x0800015f   Thumb Code     0  startup_stm32f10x_hd.o(.text)
    USART2_IRQHandler                        0x0800015f   Thumb Code     0  startup_stm32f10x_hd.o(.text)
    USART3_IRQHandler                        0x0800015f   Thumb Code     0  startup_stm32f10x_hd.o(.text)
    USBWakeUp_IRQHandler                     0x0800015f   Thumb Code     0  startup_stm32f10x_hd.o(.text)
    USB_HP_CAN1_TX_IRQHandler                0x0800015f   Thumb Code     0  startup_stm32f10x_hd.o(.text)
    USB_LP_CAN1_RX0_IRQHandler               0x0800015f   Thumb Code     0  startup_stm32f10x_hd.o(.text)
    WWDG_IRQHandler                          0x0800015f   Thumb Code     0  startup_stm32f10x_hd.o(.text)
    __aeabi_memset                           0x08000169   Thumb Code    14  memseta.o(.text)
    __aeabi_memset4                          0x08000169   Thumb Code     0  memseta.o(.text)
    __aeabi_memset8                          0x08000169   Thumb Code     0  memseta.o(.text)
    __aeabi_memclr                           0x08000177   Thumb Code     4  memseta.o(.text)
    __aeabi_memclr4                          0x08000177   Thumb Code     0  memseta.o(.text)
    __aeabi_memclr8                          0x08000177   Thumb Code     0  memseta.o(.text)
    _memset$wrapper                          0x0800017b   Thumb Code    18  memseta.o(.text)
    memcmp                                   0x0800018d   Thumb Code    26  memcmp.o(.text)
    __aeabi_dadd                             0x080001a7   Thumb Code   322  dadd.o(.text)
    __aeabi_dsub                             0x080002e9   Thumb Code     6  dadd.o(.text)
    __aeabi_drsub                            0x080002ef   Thumb Code     6  dadd.o(.text)
    __aeabi_dmul                             0x080002f5   Thumb Code   228  dmul.o(.text)
    __aeabi_ddiv                             0x080003d9   Thumb Code   222  ddiv.o(.text)
    __aeabi_ui2d                             0x080004b7   Thumb Code    26  dfltui.o(.text)
    __aeabi_l2d                              0x080004d1   Thumb Code    40  dfltl.o(.text)
    __aeabi_ul2d                             0x080004f9   Thumb Code    24  dfltul.o(.text)
    __aeabi_d2uiz                            0x08000511   Thumb Code    50  dfixui.o(.text)
    __aeabi_d2lz                             0x08000543   Thumb Code    74  dfixl.o(.text)
    __aeabi_cdrcmple                         0x0800058d   Thumb Code    48  cdrcmple.o(.text)
    __aeabi_uidiv                            0x080005bd   Thumb Code     0  uidiv.o(.text)
    __aeabi_uidivmod                         0x080005bd   Thumb Code    44  uidiv.o(.text)
    __aeabi_uldivmod                         0x080005e9   Thumb Code    98  uldiv.o(.text)
    __aeabi_llsl                             0x0800064b   Thumb Code    30  llshl.o(.text)
    _ll_shift_l                              0x0800064b   Thumb Code     0  llshl.o(.text)
    __aeabi_llsr                             0x08000669   Thumb Code    32  llushr.o(.text)
    _ll_ushift_r                             0x08000669   Thumb Code     0  llushr.o(.text)
    __aeabi_lasr                             0x08000689   Thumb Code    36  llsshr.o(.text)
    _ll_sshift_r                             0x08000689   Thumb Code     0  llsshr.o(.text)
    __I$use$fp                               0x080006ad   Thumb Code     0  iusefp.o(.text)
    _double_round                            0x080006ad   Thumb Code    30  depilogue.o(.text)
    _double_epilogue                         0x080006cb   Thumb Code   156  depilogue.o(.text)
    __aeabi_d2ulz                            0x08000767   Thumb Code    48  dfixul.o(.text)
    __scatterload                            0x08000799   Thumb Code    28  init.o(.text)
    __scatterload_rt2                        0x08000799   Thumb Code     0  init.o(.text)
    __decompress                             0x080007bd   Thumb Code     0  __dczerorl2.o(.text)
    __decompress1                            0x080007bd   Thumb Code    86  __dczerorl2.o(.text)
    DS_R                                     0x08000815   Thumb Code   774  ds_ranging.o(i.DS_R)
    EXTI_GetITEnStatus                       0x08000b61   Thumb Code    24  port.o(i.EXTI_GetITEnStatus)
    FLASH_PrefetchBufferCmd                  0x08000b7d   Thumb Code    22  stm32f10x_flash.o(i.FLASH_PrefetchBufferCmd)
    FLASH_SetLatency                         0x08000b99   Thumb Code    18  stm32f10x_flash.o(i.FLASH_SetLatency)
    GPIO_Configuration                       0x08000bb1   Thumb Code   142  port.o(i.GPIO_Configuration)
    GPIO_Init                                0x08000c51   Thumb Code   278  stm32f10x_gpio.o(i.GPIO_Init)
    GPIO_PinRemapConfig                      0x08000d69   Thumb Code   138  stm32f10x_gpio.o(i.GPIO_PinRemapConfig)
    GPIO_ResetBits                           0x08000df9   Thumb Code     4  stm32f10x_gpio.o(i.GPIO_ResetBits)
    GPIO_SetBits                             0x08000dfd   Thumb Code     4  stm32f10x_gpio.o(i.GPIO_SetBits)
    InitDS_R                                 0x08000e01   Thumb Code    48  ds_ranging.o(i.InitDS_R)
    NVIC_Init                                0x08000e3d   Thumb Code   100  misc.o(i.NVIC_Init)
    NVIC_PriorityGroupConfig                 0x08000ead   Thumb Code    10  misc.o(i.NVIC_PriorityGroupConfig)
    RCC_ADCCLKConfig                         0x08000ee9   Thumb Code    18  stm32f10x_rcc.o(i.RCC_ADCCLKConfig)
    RCC_APB1PeriphClockCmd                   0x08000f01   Thumb Code    26  stm32f10x_rcc.o(i.RCC_APB1PeriphClockCmd)
    RCC_APB1PeriphResetCmd                   0x08000f21   Thumb Code    26  stm32f10x_rcc.o(i.RCC_APB1PeriphResetCmd)
    RCC_APB2PeriphClockCmd                   0x08000f41   Thumb Code    26  stm32f10x_rcc.o(i.RCC_APB2PeriphClockCmd)
    RCC_APB2PeriphResetCmd                   0x08000f61   Thumb Code    26  stm32f10x_rcc.o(i.RCC_APB2PeriphResetCmd)
    RCC_Configuration                        0x08000f81   Thumb Code   104  port.o(i.RCC_Configuration)
    RCC_DeInit                               0x08000fe9   Thumb Code    64  stm32f10x_rcc.o(i.RCC_DeInit)
    RCC_GetClocksFreq                        0x08001035   Thumb Code   192  stm32f10x_rcc.o(i.RCC_GetClocksFreq)
    RCC_GetFlagStatus                        0x08001109   Thumb Code    56  stm32f10x_rcc.o(i.RCC_GetFlagStatus)
    RCC_HCLKConfig                           0x08001145   Thumb Code    18  stm32f10x_rcc.o(i.RCC_HCLKConfig)
    RCC_HSEConfig                            0x0800115d   Thumb Code    70  stm32f10x_rcc.o(i.RCC_HSEConfig)
    RCC_PCLK1Config                          0x080011a9   Thumb Code    18  stm32f10x_rcc.o(i.RCC_PCLK1Config)
    RCC_PCLK2Config                          0x080011c1   Thumb Code    20  stm32f10x_rcc.o(i.RCC_PCLK2Config)
    RCC_WaitForHSEStartUp                    0x080011d9   Thumb Code    56  stm32f10x_rcc.o(i.RCC_WaitForHSEStartUp)
    SPI_ChangeRate                           0x08001211   Thumb Code    22  port.o(i.SPI_ChangeRate)
    SPI_Cmd                                  0x0800122d   Thumb Code    24  stm32f10x_spi.o(i.SPI_Cmd)
    SPI_Configuration                        0x08001245   Thumb Code   172  port.o(i.SPI_Configuration)
    SPI_I2S_DeInit                           0x080012f9   Thumb Code    76  stm32f10x_spi.o(i.SPI_I2S_DeInit)
    SPI_Init                                 0x08001351   Thumb Code    60  stm32f10x_spi.o(i.SPI_Init)
    SPI_SSOutputCmd                          0x0800138d   Thumb Code    24  stm32f10x_spi.o(i.SPI_SSOutputCmd)
    Setdelay                                 0x0800148d   Thumb Code    98  main.o(i.Setdelay)
    SysTick_Configuration                    0x0800151d   Thumb Code    78  port.o(i.SysTick_Configuration)
    SysTick_Handler                          0x08001571   Thumb Code    26  stm32f10x_it.o(i.SysTick_Handler)
    SystemInit                               0x08001595   Thumb Code    78  system_stm32f10x.o(i.SystemInit)
    USART1_IRQHandler                        0x080015f5   Thumb Code   128  usart.o(i.USART1_IRQHandler)
    USART_Cmd                                0x08001681   Thumb Code    24  stm32f10x_usart.o(i.USART_Cmd)
    USART_GetITStatus                        0x08001699   Thumb Code    84  stm32f10x_usart.o(i.USART_GetITStatus)
    USART_ITConfig                           0x080016ed   Thumb Code    74  stm32f10x_usart.o(i.USART_ITConfig)
    USART_Init                               0x08001739   Thumb Code   210  stm32f10x_usart.o(i.USART_Init)
    USART_ReceiveData                        0x08001811   Thumb Code    10  stm32f10x_usart.o(i.USART_ReceiveData)
    __0printf                                0x0800181d   Thumb Code    22  printfa.o(i.__0printf)
    __1printf                                0x0800181d   Thumb Code     0  printfa.o(i.__0printf)
    __2printf                                0x0800181d   Thumb Code     0  printfa.o(i.__0printf)
    __c89printf                              0x0800181d   Thumb Code     0  printfa.o(i.__0printf)
    printf                                   0x0800181d   Thumb Code     0  printfa.o(i.__0printf)
    __scatterload_copy                       0x0800183d   Thumb Code    14  handlers.o(i.__scatterload_copy)
    __scatterload_null                       0x0800184b   Thumb Code     2  handlers.o(i.__scatterload_null)
    __scatterload_zeroinit                   0x0800184d   Thumb Code    14  handlers.o(i.__scatterload_zeroinit)
    _dwt_configlde                           0x0800185b   Thumb Code    56  deca_device.o(i._dwt_configlde)
    _dwt_enableclocks                        0x08001893   Thumb Code   228  deca_device.o(i._dwt_enableclocks)
    _dwt_loaducodefromrom                    0x08001977   Thumb Code    52  deca_device.o(i._dwt_loaducodefromrom)
    _dwt_otpread                             0x080019ab   Thumb Code    78  deca_device.o(i._dwt_otpread)
    deca_sleep                               0x0800228b   Thumb Code    24  deca_sleep.o(i.deca_sleep)
    decamutexoff                             0x080022a3   Thumb Code    28  deca_mutex.o(i.decamutexoff)
    decamutexon                              0x080022c1   Thumb Code    34  deca_mutex.o(i.decamutexon)
    dwt_configure                            0x080022e9   Thumb Code   540  deca_device.o(i.dwt_configure)
    dwt_entersleepaftertx                    0x08002531   Thumb Code    38  deca_device.o(i.dwt_entersleepaftertx)
    dwt_forcetrxoff                          0x08002559   Thumb Code    84  deca_device.o(i.dwt_forcetrxoff)
    dwt_initialise                           0x080025b5   Thumb Code   272  deca_device.o(i.dwt_initialise)
    dwt_read16bitoffsetreg                   0x080026cd   Thumb Code    44  deca_device.o(i.dwt_read16bitoffsetreg)
    dwt_read32bitoffsetreg                   0x080026f9   Thumb Code    56  deca_device.o(i.dwt_read32bitoffsetreg)
    dwt_readdevid                            0x08002731   Thumb Code    12  deca_device.o(i.dwt_readdevid)
    dwt_readfromdevice                       0x0800273d   Thumb Code   100  deca_device.o(i.dwt_readfromdevice)
    dwt_readrxdata                           0x080027a1   Thumb Code    22  deca_device.o(i.dwt_readrxdata)
    dwt_readrxtimestamp                      0x080027b7   Thumb Code    18  deca_device.o(i.dwt_readrxtimestamp)
    dwt_readsystime                          0x080027c9   Thumb Code    18  deca_device.o(i.dwt_readsystime)
    dwt_readtxtimestamp                      0x080027db   Thumb Code    18  deca_device.o(i.dwt_readtxtimestamp)
    dwt_rxenable                             0x080027ed   Thumb Code    84  deca_device.o(i.dwt_rxenable)
    dwt_setdelayedtrxtime                    0x08002841   Thumb Code    16  deca_device.o(i.dwt_setdelayedtrxtime)
    dwt_setrxaftertxdelay                    0x08002851   Thumb Code    36  deca_device.o(i.dwt_setrxaftertxdelay)
    dwt_setrxantennadelay                    0x08002875   Thumb Code    18  deca_device.o(i.dwt_setrxantennadelay)
    dwt_setrxtimeout                         0x08002889   Thumb Code   102  deca_device.o(i.dwt_setrxtimeout)
    dwt_settxantennadelay                    0x080028f5   Thumb Code    16  deca_device.o(i.dwt_settxantennadelay)
    dwt_starttx                              0x08002905   Thumb Code   150  deca_device.o(i.dwt_starttx)
    dwt_syncrxbufptrs                        0x080029a1   Thumb Code    56  deca_device.o(i.dwt_syncrxbufptrs)
    dwt_write16bitoffsetreg                  0x080029d9   Thumb Code    38  deca_device.o(i.dwt_write16bitoffsetreg)
    dwt_write32bitoffsetreg                  0x080029ff   Thumb Code    48  deca_device.o(i.dwt_write32bitoffsetreg)
    dwt_writetodevice                        0x08002a2f   Thumb Code   104  deca_device.o(i.dwt_writetodevice)
    dwt_writetxdata                          0x08002a97   Thumb Code    38  deca_device.o(i.dwt_writetxdata)
    dwt_writetxfctrl                         0x08002abd   Thumb Code    30  deca_device.o(i.dwt_writetxfctrl)
    dwt_xtaltrim                             0x08002ae1   Thumb Code    52  deca_device.o(i.dwt_xtaltrim)
    filter                                   0x08002b15   Thumb Code   250  main.o(i.filter)
    fputc                                    0x08002c35   Thumb Code    24  usart.o(i.fputc)
    get_sys_timestamp_u64                    0x08002c7d   Thumb Code    44  ds_ranging.o(i.get_sys_timestamp_u64)
    main                                     0x08002cd5   Thumb Code   414  main.o(i.main)
    peripherals_init                         0x08002ef9   Thumb Code    24  port.o(i.peripherals_init)
    portGetTickCnt                           0x08002f11   Thumb Code     6  port.o(i.portGetTickCnt)
    readfromspi_serial                       0x08002f1d   Thumb Code   118  deca_spi.o(i.readfromspi_serial)
    reset_DW1000                             0x08002f9d   Thumb Code    76  port.o(i.reset_DW1000)
    spi_set_rate_high                        0x08002ffb   Thumb Code    10  port.o(i.spi_set_rate_high)
    spi_set_rate_low                         0x08003005   Thumb Code    10  port.o(i.spi_set_rate_low)
    uart_init                                0x08003011   Thumb Code   152  usart.o(i.uart_init)
    usartinit                                0x080030b1   Thumb Code   118  port.o(i.usartinit)
    writetospi_serial                        0x08003131   Thumb Code   116  deca_spi.o(i.writetospi_serial)
    chan_idx                                 0x080031ac   Data           8  deca_params_init.o(.constdata)
    tx_config                                0x080031b4   Data          24  deca_params_init.o(.constdata)
    pll2_config                              0x080031cc   Data          30  deca_params_init.o(.constdata)
    rx_config                                0x080031ea   Data           2  deca_params_init.o(.constdata)
    agc_config                               0x080031ec   Data           8  deca_params_init.o(.constdata)
    dwnsSFDlen                               0x080031f4   Data           3  deca_params_init.o(.constdata)
    sftsh                                    0x080031f8   Data          12  deca_params_init.o(.constdata)
    dtune1                                   0x08003204   Data           4  deca_params_init.o(.constdata)
    digital_bb_config                        0x08003208   Data          32  deca_params_init.o(.constdata)
    lde_replicaCoeff                         0x08003228   Data          50  deca_params_init.o(.constdata)
    Region$$Table$$Base                      0x0800325c   Number         0  anon$$obj.o(Region$$Table)
    Region$$Table$$Limit                     0x0800327c   Number         0  anon$$obj.o(Region$$Table)
    temp                                     0x20000070   Data           1  main.o(.data)
    time32_incr                              0x20000074   Data           4  stm32f10x_it.o(.data)
    time32_reset                             0x20000078   Data           4  stm32f10x_it.o(.data)
    TX_ANT_DLY                               0x200000f0   Data           2  ds_ranging.o(.data)
    RX_ANT_DLY                               0x200000f2   Data           2  ds_ranging.o(.data)
    SystemCoreClock                          0x20000108   Data           4  system_stm32f10x.o(.data)
    AHBPrescTable                            0x2000010c   Data          16  system_stm32f10x.o(.data)
    __stdout                                 0x20000190   Data           4  usart.o(.data)
    USART_RX_STA                             0x20000194   Data           2  usart.o(.data)
    USART_RX_BUF                             0x20000204   Data         200  usart.o(.bss)
    __initial_sp                             0x200006d0   Data           0  startup_stm32f10x_hd.o(STACK)



==============================================================================

Memory Map of the image

  Image Entry point : 0x08000131

  Load Region LR_IROM1 (Base: 0x08000000, Size: 0x00003414, Max: 0x00080000, ABSOLUTE, COMPRESSED[0x000032c4])

    Execution Region ER_IROM1 (Base: 0x08000000, Size: 0x0000327c, Max: 0x00080000, ABSOLUTE)

    Base Addr    Size         Type   Attr      Idx    E Section Name        Object

    0x08000000   0x00000130   Data   RO         3409    RESET               startup_stm32f10x_hd.o
    0x08000130   0x00000000   Code   RO         4130  * .ARM.Collect$$$$00000000  mc_w.l(entry.o)
    0x08000130   0x00000004   Code   RO         4422    .ARM.Collect$$$$00000001  mc_w.l(entry2.o)
    0x08000134   0x00000004   Code   RO         4425    .ARM.Collect$$$$00000004  mc_w.l(entry5.o)
    0x08000138   0x00000000   Code   RO         4427    .ARM.Collect$$$$00000008  mc_w.l(entry7b.o)
    0x08000138   0x00000000   Code   RO         4429    .ARM.Collect$$$$0000000A  mc_w.l(entry8b.o)
    0x08000138   0x00000008   Code   RO         4430    .ARM.Collect$$$$0000000B  mc_w.l(entry9a.o)
    0x08000140   0x00000000   Code   RO         4432    .ARM.Collect$$$$0000000D  mc_w.l(entry10a.o)
    0x08000140   0x00000000   Code   RO         4434    .ARM.Collect$$$$0000000F  mc_w.l(entry11a.o)
    0x08000140   0x00000004   Code   RO         4423    .ARM.Collect$$$$00002712  mc_w.l(entry2.o)
    0x08000144   0x00000024   Code   RO         3410    .text               startup_stm32f10x_hd.o
    0x08000168   0x00000024   Code   RO         4133    .text               mc_w.l(memseta.o)
    0x0800018c   0x0000001a   Code   RO         4135    .text               mc_w.l(memcmp.o)
    0x080001a6   0x0000014e   Code   RO         4398    .text               mf_w.l(dadd.o)
    0x080002f4   0x000000e4   Code   RO         4400    .text               mf_w.l(dmul.o)
    0x080003d8   0x000000de   Code   RO         4402    .text               mf_w.l(ddiv.o)
    0x080004b6   0x0000001a   Code   RO         4406    .text               mf_w.l(dfltui.o)
    0x080004d0   0x00000028   Code   RO         4408    .text               mf_w.l(dfltl.o)
    0x080004f8   0x00000018   Code   RO         4410    .text               mf_w.l(dfltul.o)
    0x08000510   0x00000032   Code   RO         4414    .text               mf_w.l(dfixui.o)
    0x08000542   0x0000004a   Code   RO         4416    .text               mf_w.l(dfixl.o)
    0x0800058c   0x00000030   Code   RO         4420    .text               mf_w.l(cdrcmple.o)
    0x080005bc   0x0000002c   Code   RO         4436    .text               mc_w.l(uidiv.o)
    0x080005e8   0x00000062   Code   RO         4438    .text               mc_w.l(uldiv.o)
    0x0800064a   0x0000001e   Code   RO         4440    .text               mc_w.l(llshl.o)
    0x08000668   0x00000020   Code   RO         4442    .text               mc_w.l(llushr.o)
    0x08000688   0x00000024   Code   RO         4444    .text               mc_w.l(llsshr.o)
    0x080006ac   0x00000000   Code   RO         4446    .text               mc_w.l(iusefp.o)
    0x080006ac   0x000000ba   Code   RO         4449    .text               mf_w.l(depilogue.o)
    0x08000766   0x00000030   Code   RO         4451    .text               mf_w.l(dfixul.o)
    0x08000796   0x00000002   PAD
    0x08000798   0x00000024   Code   RO         4453    .text               mc_w.l(init.o)
    0x080007bc   0x00000056   Code   RO         4463    .text               mc_w.l(__dczerorl2.o)
    0x08000812   0x00000002   PAD
    0x08000814   0x0000034c   Code   RO          352    i.DS_R              ds_ranging.o
    0x08000b60   0x0000001c   Code   RO          191    i.EXTI_GetITEnStatus  port.o
    0x08000b7c   0x0000001c   Code   RO         1263    i.FLASH_PrefetchBufferCmd  stm32f10x_flash.o
    0x08000b98   0x00000018   Code   RO         1268    i.FLASH_SetLatency  stm32f10x_flash.o
    0x08000bb0   0x000000a0   Code   RO          192    i.GPIO_Configuration  port.o
    0x08000c50   0x00000116   Code   RO         1546    i.GPIO_Init         stm32f10x_gpio.o
    0x08000d66   0x00000002   PAD
    0x08000d68   0x00000090   Code   RO         1548    i.GPIO_PinRemapConfig  stm32f10x_gpio.o
    0x08000df8   0x00000004   Code   RO         1553    i.GPIO_ResetBits    stm32f10x_gpio.o
    0x08000dfc   0x00000004   Code   RO         1554    i.GPIO_SetBits      stm32f10x_gpio.o
    0x08000e00   0x0000003c   Code   RO          353    i.InitDS_R          ds_ranging.o
    0x08000e3c   0x00000070   Code   RO          395    i.NVIC_Init         misc.o
    0x08000eac   0x00000014   Code   RO          396    i.NVIC_PriorityGroupConfig  misc.o
    0x08000ec0   0x00000028   Code   RO          195    i.NVIC_SetPriority  port.o
    0x08000ee8   0x00000018   Code   RO         1960    i.RCC_ADCCLKConfig  stm32f10x_rcc.o
    0x08000f00   0x00000020   Code   RO         1962    i.RCC_APB1PeriphClockCmd  stm32f10x_rcc.o
    0x08000f20   0x00000020   Code   RO         1963    i.RCC_APB1PeriphResetCmd  stm32f10x_rcc.o
    0x08000f40   0x00000020   Code   RO         1964    i.RCC_APB2PeriphClockCmd  stm32f10x_rcc.o
    0x08000f60   0x00000020   Code   RO         1965    i.RCC_APB2PeriphResetCmd  stm32f10x_rcc.o
    0x08000f80   0x00000068   Code   RO          197    i.RCC_Configuration  port.o
    0x08000fe8   0x0000004c   Code   RO         1971    i.RCC_DeInit        stm32f10x_rcc.o
    0x08001034   0x000000d4   Code   RO         1972    i.RCC_GetClocksFreq  stm32f10x_rcc.o
    0x08001108   0x0000003c   Code   RO         1973    i.RCC_GetFlagStatus  stm32f10x_rcc.o
    0x08001144   0x00000018   Code   RO         1976    i.RCC_HCLKConfig    stm32f10x_rcc.o
    0x0800115c   0x0000004c   Code   RO         1977    i.RCC_HSEConfig     stm32f10x_rcc.o
    0x080011a8   0x00000018   Code   RO         1983    i.RCC_PCLK1Config   stm32f10x_rcc.o
    0x080011c0   0x00000018   Code   RO         1984    i.RCC_PCLK2Config   stm32f10x_rcc.o
    0x080011d8   0x00000038   Code   RO         1991    i.RCC_WaitForHSEStartUp  stm32f10x_rcc.o
    0x08001210   0x0000001c   Code   RO          200    i.SPI_ChangeRate    port.o
    0x0800122c   0x00000018   Code   RO         2441    i.SPI_Cmd           stm32f10x_spi.o
    0x08001244   0x000000b4   Code   RO          202    i.SPI_Configuration  port.o
    0x080012f8   0x00000058   Code   RO         2448    i.SPI_I2S_DeInit    stm32f10x_spi.o
    0x08001350   0x0000003c   Code   RO         2454    i.SPI_Init          stm32f10x_spi.o
    0x0800138c   0x00000018   Code   RO         2456    i.SPI_SSOutputCmd   stm32f10x_spi.o
    0x080013a4   0x00000008   Code   RO         3362    i.SetSysClock       system_stm32f10x.o
    0x080013ac   0x000000e0   Code   RO         3363    i.SetSysClockTo72   system_stm32f10x.o
    0x0800148c   0x00000090   Code   RO            1    i.Setdelay          main.o
    0x0800151c   0x00000054   Code   RO          203    i.SysTick_Configuration  port.o
    0x08001570   0x00000024   Code   RO          150    i.SysTick_Handler   stm32f10x_it.o
    0x08001594   0x00000060   Code   RO         3365    i.SystemInit        system_stm32f10x.o
    0x080015f4   0x0000008c   Code   RO         4071    i.USART1_IRQHandler  usart.o
    0x08001680   0x00000018   Code   RO         3132    i.USART_Cmd         stm32f10x_usart.o
    0x08001698   0x00000054   Code   RO         3136    i.USART_GetITStatus  stm32f10x_usart.o
    0x080016ec   0x0000004a   Code   RO         3138    i.USART_ITConfig    stm32f10x_usart.o
    0x08001736   0x00000002   PAD
    0x08001738   0x000000d8   Code   RO         3139    i.USART_Init        stm32f10x_usart.o
    0x08001810   0x0000000a   Code   RO         3146    i.USART_ReceiveData  stm32f10x_usart.o
    0x0800181a   0x00000002   PAD
    0x0800181c   0x00000020   Code   RO         4370    i.__0printf         mc_w.l(printfa.o)
    0x0800183c   0x0000000e   Code   RO         4457    i.__scatterload_copy  mc_w.l(handlers.o)
    0x0800184a   0x00000002   Code   RO         4458    i.__scatterload_null  mc_w.l(handlers.o)
    0x0800184c   0x0000000e   Code   RO         4459    i.__scatterload_zeroinit  mc_w.l(handlers.o)
    0x0800185a   0x00000038   Code   RO         3416    i._dwt_configlde    deca_device.o
    0x08001892   0x000000e4   Code   RO         3418    i._dwt_enableclocks  deca_device.o
    0x08001976   0x00000034   Code   RO         3419    i._dwt_loaducodefromrom  deca_device.o
    0x080019aa   0x0000004e   Code   RO         3421    i._dwt_otpread      deca_device.o
    0x080019f8   0x00000164   Code   RO         4377    i._fp_digits        mc_w.l(printfa.o)
    0x08001b5c   0x000006dc   Code   RO         4378    i._printf_core      mc_w.l(printfa.o)
    0x08002238   0x00000024   Code   RO         4379    i._printf_post_padding  mc_w.l(printfa.o)
    0x0800225c   0x0000002e   Code   RO         4380    i._printf_pre_padding  mc_w.l(printfa.o)
    0x0800228a   0x00000018   Code   RO         3989    i.deca_sleep        deca_sleep.o
    0x080022a2   0x0000001c   Code   RO         3967    i.decamutexoff      deca_mutex.o
    0x080022be   0x00000002   PAD
    0x080022c0   0x00000028   Code   RO         3968    i.decamutexon       deca_mutex.o
    0x080022e8   0x00000248   Code   RO         3429    i.dwt_configure     deca_device.o
    0x08002530   0x00000026   Code   RO         3436    i.dwt_entersleepaftertx  deca_device.o
    0x08002556   0x00000002   PAD
    0x08002558   0x0000005c   Code   RO         3437    i.dwt_forcetrxoff   deca_device.o
    0x080025b4   0x00000118   Code   RO         3441    i.dwt_initialise    deca_device.o
    0x080026cc   0x0000002c   Code   RO         3447    i.dwt_read16bitoffsetreg  deca_device.o
    0x080026f8   0x00000038   Code   RO         3448    i.dwt_read32bitoffsetreg  deca_device.o
    0x08002730   0x0000000c   Code   RO         3450    i.dwt_readdevid     deca_device.o
    0x0800273c   0x00000064   Code   RO         3453    i.dwt_readfromdevice  deca_device.o
    0x080027a0   0x00000016   Code   RO         3454    i.dwt_readrxdata    deca_device.o
    0x080027b6   0x00000012   Code   RO         3455    i.dwt_readrxtimestamp  deca_device.o
    0x080027c8   0x00000012   Code   RO         3458    i.dwt_readsystime   deca_device.o
    0x080027da   0x00000012   Code   RO         3461    i.dwt_readtxtimestamp  deca_device.o
    0x080027ec   0x00000054   Code   RO         3466    i.dwt_rxenable      deca_device.o
    0x08002840   0x00000010   Code   RO         3475    i.dwt_setdelayedtrxtime  deca_device.o
    0x08002850   0x00000024   Code   RO         3481    i.dwt_setrxaftertxdelay  deca_device.o
    0x08002874   0x00000012   Code   RO         3482    i.dwt_setrxantennadelay  deca_device.o
    0x08002886   0x00000002   PAD
    0x08002888   0x0000006c   Code   RO         3484    i.dwt_setrxtimeout  deca_device.o
    0x080028f4   0x00000010   Code   RO         3486    i.dwt_settxantennadelay  deca_device.o
    0x08002904   0x0000009c   Code   RO         3489    i.dwt_starttx       deca_device.o
    0x080029a0   0x00000038   Code   RO         3490    i.dwt_syncrxbufptrs  deca_device.o
    0x080029d8   0x00000026   Code   RO         3491    i.dwt_write16bitoffsetreg  deca_device.o
    0x080029fe   0x00000030   Code   RO         3492    i.dwt_write32bitoffsetreg  deca_device.o
    0x08002a2e   0x00000068   Code   RO         3493    i.dwt_writetodevice  deca_device.o
    0x08002a96   0x00000026   Code   RO         3494    i.dwt_writetxdata   deca_device.o
    0x08002abc   0x00000024   Code   RO         3495    i.dwt_writetxfctrl  deca_device.o
    0x08002ae0   0x00000034   Code   RO         3496    i.dwt_xtaltrim      deca_device.o
    0x08002b14   0x00000100   Code   RO            2    i.filter            main.o
    0x08002c14   0x00000020   Code   RO          354    i.final_msg_get_ts  ds_ranging.o
    0x08002c34   0x0000001c   Code   RO         4073    i.fputc             usart.o
    0x08002c50   0x0000002c   Code   RO          355    i.get_rx_timestamp_u64  ds_ranging.o
    0x08002c7c   0x0000002c   Code   RO          356    i.get_sys_timestamp_u64  ds_ranging.o
    0x08002ca8   0x0000002c   Code   RO          357    i.get_tx_timestamp_u64  ds_ranging.o
    0x08002cd4   0x00000224   Code   RO            3    i.main              main.o
    0x08002ef8   0x00000018   Code   RO          207    i.peripherals_init  port.o
    0x08002f10   0x0000000c   Code   RO          208    i.portGetTickCnt    port.o
    0x08002f1c   0x00000080   Code   RO         4003    i.readfromspi_serial  deca_spi.o
    0x08002f9c   0x00000050   Code   RO          209    i.reset_DW1000      port.o
    0x08002fec   0x0000000e   Code   RO          211    i.spi_peripheral_init  port.o
    0x08002ffa   0x0000000a   Code   RO          212    i.spi_set_rate_high  port.o
    0x08003004   0x0000000a   Code   RO          213    i.spi_set_rate_low  port.o
    0x0800300e   0x00000002   PAD
    0x08003010   0x000000a0   Code   RO         4074    i.uart_init         usart.o
    0x080030b0   0x00000080   Code   RO          214    i.usartinit         port.o
    0x08003130   0x0000007c   Code   RO         4004    i.writetospi_serial  deca_spi.o
    0x080031ac   0x000000ae   Data   RO         3930    .constdata          deca_params_init.o
    0x0800325a   0x00000002   PAD
    0x0800325c   0x00000020   Data   RO         4455    Region$$Table       anon$$obj.o


    Execution Region RW_IRAM1 (Base: 0x20000000, Size: 0x000006d0, Max: 0x00010000, ABSOLUTE, COMPRESSED[0x00000048])

    Base Addr    Size         Type   Attr      Idx    E Section Name        Object

    0x20000000   0x00000071   Data   RW            5    .data               main.o
    0x20000071   0x00000003   PAD
    0x20000074   0x00000008   Data   RW          151    .data               stm32f10x_it.o
    0x2000007c   0x00000004   PAD
    0x20000080   0x00000074   Data   RW          359    .data               ds_ranging.o
    0x200000f4   0x00000014   Data   RW         1992    .data               stm32f10x_rcc.o
    0x20000108   0x00000014   Data   RW         3366    .data               system_stm32f10x.o
    0x2000011c   0x00000004   PAD
    0x20000120   0x00000076   Data   RW         4076    .data               usart.o
    0x20000196   0x00000002   PAD
    0x20000198   0x00000018   Zero   RW          358    .bss                ds_ranging.o
    0x200001b0   0x0000003c   Zero   RW         3497    .bss                deca_device.o
    0x200001ec   0x000000e0   Zero   RW         4075    .bss                usart.o
    0x200002cc   0x00000004   PAD
    0x200002d0   0x00000400   Zero   RW         3407    STACK               startup_stm32f10x_hd.o


==============================================================================

Image component sizes


      Code (inc. data)   RO Data    RW Data    ZI Data      Debug   Object Name

         0          0          0          0          0         32   core_cm3.o
      2502         92          0          0         60      25337   deca_device.o
        68          6          0          0          0      16492   deca_mutex.o
         0          0        174          0          0       1977   deca_params_init.o
        24          0          0          0          0        605   deca_sleep.o
       252         18          0          0          0       5845   deca_spi.o
      1068         82          0        116         24       5310   ds_ranging.o
       948        186          0        113          0     247166   main.o
       132         22          0          0          0       1847   misc.o
       902         70          0          0          0      23384   port.o
        36          8        304          0       1024        836   startup_stm32f10x_hd.o
        52         12          0          0          0       1285   stm32f10x_flash.o
       430          6          0          0          0       4354   stm32f10x_gpio.o
        36         10          0          8          0        825   stm32f10x_it.o
       704         88          0         20          0      11493   stm32f10x_rcc.o
       196         12          0          0          0       3748   stm32f10x_spi.o
       408          6          0          0          0       5558   stm32f10x_usart.o
       328         28          0         20          0       2365   system_stm32f10x.o
       328         24          0        118        224       5228   usart.o

    ----------------------------------------------------------------------
      8428        670        512        408       1336     363687   Object Totals
         0          0         32          0          0          0   (incl. Generated)
        14          0          2         13          4          0   (incl. Padding)

    ----------------------------------------------------------------------

      Code (inc. data)   RO Data    RW Data    ZI Data      Debug   Library Member Name

        86          0          0          0          0          0   __dczerorl2.o
         0          0          0          0          0          0   entry.o
         0          0          0          0          0          0   entry10a.o
         0          0          0          0          0          0   entry11a.o
         8          4          0          0          0          0   entry2.o
         4          0          0          0          0          0   entry5.o
         0          0          0          0          0          0   entry7b.o
         0          0          0          0          0          0   entry8b.o
         8          4          0          0          0          0   entry9a.o
        30          0          0          0          0          0   handlers.o
        36          8          0          0          0         68   init.o
         0          0          0          0          0          0   iusefp.o
        30          0          0          0          0         68   llshl.o
        36          0          0          0          0         68   llsshr.o
        32          0          0          0          0         68   llushr.o
        26          0          0          0          0         80   memcmp.o
        36          0          0          0          0        108   memseta.o
      2226         90          0          0          0        444   printfa.o
        44          0          0          0          0         80   uidiv.o
        98          0          0          0          0         92   uldiv.o
        48          0          0          0          0         68   cdrcmple.o
       334          0          0          0          0        148   dadd.o
       222          0          0          0          0        100   ddiv.o
       186          0          0          0          0        176   depilogue.o
        74          0          0          0          0         80   dfixl.o
        50          0          0          0          0         76   dfixui.o
        48          0          0          0          0         68   dfixul.o
        40          0          0          0          0         80   dfltl.o
        26          0          0          0          0         76   dfltui.o
        24          0          0          0          0         76   dfltul.o
       228          0          0          0          0         96   dmul.o

    ----------------------------------------------------------------------
      3984        106          0          0          0       2120   Library Totals
         4          0          0          0          0          0   (incl. Padding)

    ----------------------------------------------------------------------

      Code (inc. data)   RO Data    RW Data    ZI Data      Debug   Library Name

      2700        106          0          0          0       1076   mc_w.l
      1280          0          0          0          0       1044   mf_w.l

    ----------------------------------------------------------------------
      3984        106          0          0          0       2120   Library Totals

    ----------------------------------------------------------------------

==============================================================================


      Code (inc. data)   RO Data    RW Data    ZI Data      Debug   

     12412        776        512        408       1336     360111   Grand Totals
     12412        776        512         72       1336     360111   ELF Image Totals (compressed)
     12412        776        512         72          0          0   ROM Totals

==============================================================================

    Total RO  Size (Code + RO Data)                12924 (  12.62kB)
    Total RW  Size (RW Data + ZI Data)              1744 (   1.70kB)
    Total ROM Size (Code + RO Data + RW Data)      12996 (  12.69kB)

==============================================================================

