<html>
<body>
<pre>
<h1>礦ision Build Log</h1>
<h2>Tool Versions:</h2>
IDE-Version: μVision V5.14.0.0
Copyright (C) 2015 ARM Ltd and ARM Germany GmbH. All rights reserved.
License Information: 0 0, 0, LIC=3UUUH-WZED0-JPUZQ-NLNDI-VMY3C-LS9JD
 
Tool Versions:
Toolchain:       MDK-ARM Professional  Version: 5.14.0.0
Toolchain Path:  E:\soft\MDK5\ARM\ARMCC\Bin
C Compiler:      Armcc.exe V5.05 update 1 (build 106)
Assembler:       Armasm.exe V5.05 update 1 (build 106)
Linker/Locator:  ArmLink.exe V5.05 update 1 (build 106)
Library Manager: ArmAr.exe V5.05 update 1 (build 106)
Hex Converter:   FromElf.exe V5.05 update 1 (build 106)
CPU DLL:         SARMCM3.DLL V5.14.0.0
Dialog DLL:      DCM.DLL V1.13.1.0
Target DLL:      STLink\ST-LINKIII-KEIL_SWO.dll V2.0.14.0_KEIL
Dialog DLL:      TCM.DLL V1.14.4.0
 
<h2>Project:</h2>
C:\Users\Administrator\Desktop\Keil工程（基站+上位机）（ZET6）\MDK-ARM\Project.uvprojx
Project File Date:  11/10/2018

<h2>Output:</h2>
Rebuild target 'STM3210B-EVAL'
compiling main.c...
compiling stm32f10x_it.c...
compiling port.c...
..\platform\port.c(34): warning:  #177-D: function "LCD_Configuration" was declared but never referenced
  static void LCD_Configuration(void);
..\platform\port.c: 1 warning, 0 errors
compiling DS_Ranging.c...
compiling misc.c...
compiling stm32f10x_adc.c...
compiling stm32f10x_bkp.c...
compiling stm32f10x_can.c...
compiling stm32f10x_cec.c...
compiling stm32f10x_crc.c...
compiling stm32f10x_dac.c...
compiling stm32f10x_dbgmcu.c...
compiling stm32f10x_dma.c...
compiling stm32f10x_exti.c...
compiling stm32f10x_flash.c...
compiling stm32f10x_fsmc.c...
compiling stm32f10x_gpio.c...
compiling stm32f10x_i2c.c...
compiling stm32f10x_iwdg.c...
compiling stm32f10x_pwr.c...
compiling stm32f10x_rcc.c...
compiling stm32f10x_rtc.c...
compiling stm32f10x_sdio.c...
compiling stm32f10x_spi.c...
compiling stm32f10x_tim.c...
compiling stm32f10x_usart.c...
compiling stm32f10x_wwdg.c...
compiling system_stm32f10x.c...
compiling core_cm3.c...
assembling startup_stm32f10x_md.s...
compiling deca_device.c...
..\decadriver\deca_device.c(1051): warning:  #68-D: integer conversion resulted in a change of sign
      uint32  regval = DWT_ERROR ;
..\decadriver\deca_device.c(1083): warning:  #68-D: integer conversion resulted in a change of sign
      uint16  regval = DWT_ERROR ;
..\decadriver\deca_device.c(1397): warning:  #68-D: integer conversion resulted in a change of sign
          return DWT_ERROR;
..\decadriver\deca_device.c(1531): warning:  #68-D: integer conversion resulted in a change of sign
          return DWT_ERROR;
..\decadriver\deca_device.c: 4 warnings, 0 errors
compiling deca_params_init.c...
compiling deca_range_tables.c...
compiling deca_mutex.c...
compiling deca_sleep.c...
compiling deca_spi.c...
..\platform\deca_spi.c(68): warning:  #161-D: unrecognized #pragma
  #pragma GCC optimize ("O3")
..\platform\deca_spi.c(120): warning:  #161-D: unrecognized #pragma
  #pragma GCC optimize ("O3")
..\platform\deca_spi.c: 2 warnings, 0 errors
compiling lcd.c...
compiling sys.c...
compiling usart.c...
compiling delay.c...
compiling key.c...
compiling led.c...
compiling usart1.c...
linking...
Program Size: Code=10936 RO-data=444 RW-data=172 ZI-data=1108  
FromELF: creating hex file...
".\STM3210B-EVAL\STM3210B-EVAL.axf" - 0 Error(s), 7 Warning(s).

<h2>Collection of Component include folders:</h2>
  C:\Users\Administrator\Desktop\Keil工程（基站+上位机）（ZET6）\MDK-ARM\RTE
  E:\soft\MDK5\Keil\STM32F1xx_DFP\1.0.5\Device\Include

<h2>Collection of Component Files used:</h2>
</pre>
</body>
</html>
